#
# There is insufficient memory for the Java Runtime Environment to continue.
# Native memory allocation (malloc) failed to allocate 1221936 bytes. Error detail: Chunk::new
# Possible reasons:
#   The system is out of physical RAM or swap space
#   This process is running with CompressedOops enabled, and the Java Heap may be blocking the growth of the native heap
# Possible solutions:
#   Reduce memory load on the system
#   Increase physical memory or swap space
#   Check if swap backing store is full
#   Decrease Java heap size (-Xmx/-Xms)
#   Decrease number of Java threads
#   Decrease Java thread stack sizes (-Xss)
#   Set larger code cache with -XX:ReservedCodeCacheSize=
#   JVM is running with Zero Based Compressed Oops mode in which the Java heap is
#     placed in the first 32GB address space. The Java Heap base address is the
#     maximum limit for the native heap growth. Please use -XX:HeapBaseMinAddress
#     to set the Java Heap base and to place the Java Heap above 32GB virtual address.
# This output file may be truncated or incomplete.
#
#  Out of Memory Error (arena.cpp:191), pid=8932, tid=10372
#
# JRE version: OpenJDK Runtime Environment Microsoft-10800295 (17.0.14+7) (build 17.0.14+7-LTS)
# Java VM: OpenJDK 64-Bit Server VM Microsoft-10800295 (17.0.14+7-LTS, mixed mode, sharing, tiered, compressed oops, compressed class ptrs, g1 gc, windows-amd64)
# No core dump will be written. Minidumps are not enabled by default on client versions of Windows
#

---------------  S U M M A R Y ------------

Command Line: -XX:+ShowCodeDetailsInExceptionMessages com.aulateca.Main

Host: AMD Ryzen 7 5800X 8-Core Processor             , 16 cores, 15G,  Windows 11 , 64 bit Build 26100 (10.0.26100.8328)
Time: Sun Jun  7 16:12:31 2026 Hora de verano GMT elapsed time: 3.079556 seconds (0d 0h 0m 3s)

---------------  T H R E A D  ---------------

Current thread (0x00000248e6af3a30):  JavaThread "C2 CompilerThread3" daemon [_thread_in_native, id=10372, stack(0x000000d900700000,0x000000d900800000)]


Current CompileTask:
C2:   3079 2034   !   4       java.net.URL::<init> (543 bytes)

Stack: [0x000000d900700000,0x000000d900800000]
Native frames: (J=compiled Java code, j=interpreted, Vv=VM code, C=native code)
V  [jvm.dll+0x6886b9]
V  [jvm.dll+0x83f6f8]
V  [jvm.dll+0x8411a3]
V  [jvm.dll+0x841813]
V  [jvm.dll+0x2495cf]
V  [jvm.dll+0xad0d4]
V  [jvm.dll+0xad76c]
V  [jvm.dll+0x36adbf]
V  [jvm.dll+0x335403]
V  [jvm.dll+0x33489a]
V  [jvm.dll+0x21a7e8]
V  [jvm.dll+0x219c1f]
V  [jvm.dll+0x1a5596]
V  [jvm.dll+0x22a27a]
V  [jvm.dll+0x2283bb]
V  [jvm.dll+0x7f4f48]
V  [jvm.dll+0x7ef2ac]
V  [jvm.dll+0x687597]
C  [ucrtbase.dll+0x37b0]
C  [KERNEL32.DLL+0x2e957]
C  [ntdll.dll+0x427c]


---------------  P R O C E S S  ---------------

Threads class SMR info:
_java_thread_list=0x00000248e66aca10, length=22, elements={
0x00000248f6f2b5f0, 0x00000248de015580, 0x00000248de018050, 0x00000248de034260,
0x00000248de034c20, 0x00000248de0355e0, 0x00000248de039fb0, 0x00000248de047ad0,
0x00000248de0729b0, 0x00000248de07db90, 0x00000248de1771a0, 0x00000248de191b10,
0x00000248de1d8290, 0x00000248de1dcbe0, 0x00000248f6f2c520, 0x00000248de55ea20,
0x00000248de5debe0, 0x00000248e613efc0, 0x00000248e6af3a30, 0x00000248e66d2890,
0x00000248deba5820, 0x00000248e6a0da40
}

Java Threads: ( => current thread )
  0x00000248f6f2b5f0 JavaThread "main" [_thread_in_vm, id=7264, stack(0x000000d97e300000,0x000000d97e400000)]
  0x00000248de015580 JavaThread "Reference Handler" daemon [_thread_blocked, id=24428, stack(0x000000d97ea00000,0x000000d97eb00000)]
  0x00000248de018050 JavaThread "Finalizer" daemon [_thread_blocked, id=24404, stack(0x000000d97eb00000,0x000000d97ec00000)]
  0x00000248de034260 JavaThread "Signal Dispatcher" daemon [_thread_blocked, id=17780, stack(0x000000d97ec00000,0x000000d97ed00000)]
  0x00000248de034c20 JavaThread "Attach Listener" daemon [_thread_blocked, id=25908, stack(0x000000d97ed00000,0x000000d97ee00000)]
  0x00000248de0355e0 JavaThread "Service Thread" daemon [_thread_blocked, id=14116, stack(0x000000d97ee00000,0x000000d97ef00000)]
  0x00000248de039fb0 JavaThread "Monitor Deflation Thread" daemon [_thread_blocked, id=12168, stack(0x000000d97ef00000,0x000000d97f000000)]
  0x00000248de047ad0 JavaThread "C2 CompilerThread0" daemon [_thread_blocked, id=15448, stack(0x000000d97f000000,0x000000d97f100000)]
  0x00000248de0729b0 JavaThread "C1 CompilerThread0" daemon [_thread_in_native, id=17112, stack(0x000000d97f100000,0x000000d97f200000)]
  0x00000248de07db90 JavaThread "Sweeper thread" daemon [_thread_blocked, id=15556, stack(0x000000d97f200000,0x000000d97f300000)]
  0x00000248de1771a0 JavaThread "C1 CompilerThread1" daemon [_thread_in_native, id=6452, stack(0x000000d97f300000,0x000000d97f400000)]
  0x00000248de191b10 JavaThread "C1 CompilerThread2" daemon [_thread_in_native, id=19520, stack(0x000000d97f400000,0x000000d97f500000)]
  0x00000248de1d8290 JavaThread "Notification Thread" daemon [_thread_blocked, id=22656, stack(0x000000d97f500000,0x000000d97f600000)]
  0x00000248de1dcbe0 JavaThread "Common-Cleaner" daemon [_thread_blocked, id=9808, stack(0x000000d97f700000,0x000000d97f800000)]
  0x00000248f6f2c520 JavaThread "C2 CompilerThread1" daemon [_thread_blocked, id=22144, stack(0x000000d97f800000,0x000000d97f900000)]
  0x00000248de55ea20 JavaThread "Java2D Disposer" daemon [_thread_blocked, id=14920, stack(0x000000d97f900000,0x000000d97fa00000)]
  0x00000248de5debe0 JavaThread "AWT-Windows" daemon [_thread_in_native, id=24232, stack(0x000000d97fb00000,0x000000d97fc00000)]
  0x00000248e613efc0 JavaThread "C2 CompilerThread2" daemon [_thread_in_native, id=23848, stack(0x000000d900600000,0x000000d900700000)]
=>0x00000248e6af3a30 JavaThread "C2 CompilerThread3" daemon [_thread_in_native, id=10372, stack(0x000000d900700000,0x000000d900800000)]
  0x00000248e66d2890 JavaThread "mysql-cj-abandoned-connection-cleanup" daemon [_thread_blocked, id=23676, stack(0x000000d900800000,0x000000d900900000)]
  0x00000248deba5820 JavaThread "Hibernate Connection Pool Validation Thread" daemon [_thread_blocked, id=4436, stack(0x000000d900900000,0x000000d900a00000)]
  0x00000248e6a0da40 JavaThread "C1 CompilerThread3" daemon [_thread_in_vm, id=22776, stack(0x000000d900a00000,0x000000d900b00000)]

Other Threads:
  0x00000248de007020 VMThread "VM Thread" [stack: 0x000000d97e900000,0x000000d97ea00000] [id=22676]
  0x00000248de1da780 WatcherThread [stack: 0x000000d97f600000,0x000000d97f700000] [id=25740]
  0x00000248f6f9a5e0 GCTaskThread "GC Thread#0" [stack: 0x000000d97e400000,0x000000d97e500000] [id=12788]
  0x00000248de5e5a80 GCTaskThread "GC Thread#1" [stack: 0x000000d97fc00000,0x000000d97fd00000] [id=19204]
  0x00000248de5e5240 GCTaskThread "GC Thread#2" [stack: 0x000000d97fd00000,0x000000d97fe00000] [id=15412]
  0x00000248de5e4a00 GCTaskThread "GC Thread#3" [stack: 0x000000d97fe00000,0x000000d97ff00000] [id=4820]
  0x00000248de5e5500 GCTaskThread "GC Thread#4" [stack: 0x000000d97ff00000,0x000000d980000000] [id=18820]
  0x00000248de5e5d40 GCTaskThread "GC Thread#5" [stack: 0x000000d900000000,0x000000d900100000] [id=23596]
  0x00000248de5e57c0 GCTaskThread "GC Thread#6" [stack: 0x000000d900100000,0x000000d900200000] [id=14832]
  0x00000248de5e6580 GCTaskThread "GC Thread#7" [stack: 0x000000d900200000,0x000000d900300000] [id=24968]
  0x00000248de5e4cc0 GCTaskThread "GC Thread#8" [stack: 0x000000d900300000,0x000000d900400000] [id=23376]
  0x00000248de5e6000 GCTaskThread "GC Thread#9" [stack: 0x000000d900400000,0x000000d900500000] [id=23372]
  0x00000248de5e4f80 GCTaskThread "GC Thread#10" [stack: 0x000000d900500000,0x000000d900600000] [id=13052]
  0x00000248e613a170 GCTaskThread "GC Thread#11" [stack: 0x000000d900b00000,0x000000d900c00000] [id=18824]
  0x00000248e613ac70 GCTaskThread "GC Thread#12" [stack: 0x000000d900c00000,0x000000d900d00000] [id=7896]
  0x00000248f6fac090 ConcurrentGCThread "G1 Main Marker" [stack: 0x000000d97e500000,0x000000d97e600000] [id=19540]
  0x00000248f6fad250 ConcurrentGCThread "G1 Conc#0" [stack: 0x000000d97e600000,0x000000d97e700000] [id=16760]
  0x00000248ffe0cc60 ConcurrentGCThread "G1 Refine#0" [stack: 0x000000d97e700000,0x000000d97e800000] [id=24392]
  0x00000248ffe0e540 ConcurrentGCThread "G1 Service" [stack: 0x000000d97e800000,0x000000d97e900000] [id=20448]

Threads with active compile tasks:
C1 CompilerThread0     3102 2247       3       jdk.internal.org.objectweb.asm.SymbolTable::addConstantUtf8 (98 bytes)
C2 CompilerThread2     3102 2145       4       jdk.internal.org.objectweb.asm.Frame::execute (2305 bytes)
C2 CompilerThread3     3102 2034   !   4       java.net.URL::<init> (543 bytes)

VM state: not at safepoint (normal execution)

VM Mutex/Monitor currently owned by a thread: None

Heap address: 0x0000000701600000, size: 4074 MB, Compressed Oops mode: Zero based, Oop shift amount: 3

CDS archive(s) mapped at: [0x000002489d000000-0x000002489dbb0000-0x000002489dbb0000), size 12255232, SharedBaseAddress: 0x000002489d000000, ArchiveRelocationMode: 1.
Compressed class space mapped at: 0x000002489e000000-0x00000248de000000, reserved size: 1073741824
Narrow klass base: 0x000002489d000000, Narrow klass shift: 0, Narrow klass range: 0x100000000

GC Precious Log:
 CPUs: 16 total, 16 available
 Memory: 16295M
 Large Page Support: Disabled
 NUMA Support: Disabled
 Compressed Oops: Enabled (Zero based)
 Heap Region Size: 2M
 Heap Min Capacity: 8M
 Heap Initial Capacity: 256M
 Heap Max Capacity: 4074M
 Pre-touch: Disabled
 Parallel Workers: 13
 Concurrent Workers: 3
 Concurrent Refinement Workers: 13
 Periodic GC: Disabled

Heap:
 garbage-first heap   total 262144K, used 16573K [0x0000000701600000, 0x0000000800000000)
  region size 2048K, 7 young (14336K), 2 survivors (4096K)
 Metaspace       used 21233K, committed 21504K, reserved 1114112K
  class space    used 2519K, committed 2688K, reserved 1048576K

Heap Regions: E=young(eden), S=young(survivor), O=old, HS=humongous(starts), HC=humongous(continues), CS=collection set, F=free, OA=open archive, CA=closed archive, TAMS=top-at-mark-start (previous, next)
|   0|0x0000000701600000, 0x0000000701800000, 0x0000000701800000|100%| O|  |TAMS 0x0000000701600000, 0x0000000701600000| Untracked 
|   1|0x0000000701800000, 0x0000000701a00000, 0x0000000701a00000|100%| O|  |TAMS 0x0000000701800000, 0x0000000701800000| Untracked 
|   2|0x0000000701a00000, 0x0000000701b77000, 0x0000000701c00000| 73%| O|  |TAMS 0x0000000701a00000, 0x0000000701a00000| Untracked 
|   3|0x0000000701c00000, 0x0000000701c00000, 0x0000000701e00000|  0%| F|  |TAMS 0x0000000701c00000, 0x0000000701c00000| Untracked 
|   4|0x0000000701e00000, 0x0000000701e00000, 0x0000000702000000|  0%| F|  |TAMS 0x0000000701e00000, 0x0000000701e00000| Untracked 
|   5|0x0000000702000000, 0x0000000702000000, 0x0000000702200000|  0%| F|  |TAMS 0x0000000702000000, 0x0000000702000000| Untracked 
|   6|0x0000000702200000, 0x0000000702200000, 0x0000000702400000|  0%| F|  |TAMS 0x0000000702200000, 0x0000000702200000| Untracked 
|   7|0x0000000702400000, 0x0000000702400000, 0x0000000702600000|  0%| F|  |TAMS 0x0000000702400000, 0x0000000702400000| Untracked 
|   8|0x0000000702600000, 0x0000000702600000, 0x0000000702800000|  0%| F|  |TAMS 0x0000000702600000, 0x0000000702600000| Untracked 
|   9|0x0000000702800000, 0x0000000702800000, 0x0000000702a00000|  0%| F|  |TAMS 0x0000000702800000, 0x0000000702800000| Untracked 
|  10|0x0000000702a00000, 0x0000000702a00000, 0x0000000702c00000|  0%| F|  |TAMS 0x0000000702a00000, 0x0000000702a00000| Untracked 
|  11|0x0000000702c00000, 0x0000000702c00000, 0x0000000702e00000|  0%| F|  |TAMS 0x0000000702c00000, 0x0000000702c00000| Untracked 
|  12|0x0000000702e00000, 0x0000000702e00000, 0x0000000703000000|  0%| F|  |TAMS 0x0000000702e00000, 0x0000000702e00000| Untracked 
|  13|0x0000000703000000, 0x0000000703000000, 0x0000000703200000|  0%| F|  |TAMS 0x0000000703000000, 0x0000000703000000| Untracked 
|  14|0x0000000703200000, 0x0000000703200000, 0x0000000703400000|  0%| F|  |TAMS 0x0000000703200000, 0x0000000703200000| Untracked 
|  15|0x0000000703400000, 0x0000000703400000, 0x0000000703600000|  0%| F|  |TAMS 0x0000000703400000, 0x0000000703400000| Untracked 
|  16|0x0000000703600000, 0x0000000703600000, 0x0000000703800000|  0%| F|  |TAMS 0x0000000703600000, 0x0000000703600000| Untracked 
|  17|0x0000000703800000, 0x0000000703800000, 0x0000000703a00000|  0%| F|  |TAMS 0x0000000703800000, 0x0000000703800000| Untracked 
|  18|0x0000000703a00000, 0x0000000703a00000, 0x0000000703c00000|  0%| F|  |TAMS 0x0000000703a00000, 0x0000000703a00000| Untracked 
|  19|0x0000000703c00000, 0x0000000703c00000, 0x0000000703e00000|  0%| F|  |TAMS 0x0000000703c00000, 0x0000000703c00000| Untracked 
|  20|0x0000000703e00000, 0x0000000703e00000, 0x0000000704000000|  0%| F|  |TAMS 0x0000000703e00000, 0x0000000703e00000| Untracked 
|  21|0x0000000704000000, 0x0000000704000000, 0x0000000704200000|  0%| F|  |TAMS 0x0000000704000000, 0x0000000704000000| Untracked 
|  22|0x0000000704200000, 0x0000000704200000, 0x0000000704400000|  0%| F|  |TAMS 0x0000000704200000, 0x0000000704200000| Untracked 
|  23|0x0000000704400000, 0x0000000704400000, 0x0000000704600000|  0%| F|  |TAMS 0x0000000704400000, 0x0000000704400000| Untracked 
|  24|0x0000000704600000, 0x0000000704600000, 0x0000000704800000|  0%| F|  |TAMS 0x0000000704600000, 0x0000000704600000| Untracked 
|  25|0x0000000704800000, 0x0000000704800000, 0x0000000704a00000|  0%| F|  |TAMS 0x0000000704800000, 0x0000000704800000| Untracked 
|  26|0x0000000704a00000, 0x0000000704a00000, 0x0000000704c00000|  0%| F|  |TAMS 0x0000000704a00000, 0x0000000704a00000| Untracked 
|  27|0x0000000704c00000, 0x0000000704c00000, 0x0000000704e00000|  0%| F|  |TAMS 0x0000000704c00000, 0x0000000704c00000| Untracked 
|  28|0x0000000704e00000, 0x0000000704e00000, 0x0000000705000000|  0%| F|  |TAMS 0x0000000704e00000, 0x0000000704e00000| Untracked 
|  29|0x0000000705000000, 0x0000000705000000, 0x0000000705200000|  0%| F|  |TAMS 0x0000000705000000, 0x0000000705000000| Untracked 
|  30|0x0000000705200000, 0x0000000705200000, 0x0000000705400000|  0%| F|  |TAMS 0x0000000705200000, 0x0000000705200000| Untracked 
|  31|0x0000000705400000, 0x0000000705400000, 0x0000000705600000|  0%| F|  |TAMS 0x0000000705400000, 0x0000000705400000| Untracked 
|  32|0x0000000705600000, 0x0000000705600000, 0x0000000705800000|  0%| F|  |TAMS 0x0000000705600000, 0x0000000705600000| Untracked 
|  33|0x0000000705800000, 0x0000000705800000, 0x0000000705a00000|  0%| F|  |TAMS 0x0000000705800000, 0x0000000705800000| Untracked 
|  34|0x0000000705a00000, 0x0000000705a00000, 0x0000000705c00000|  0%| F|  |TAMS 0x0000000705a00000, 0x0000000705a00000| Untracked 
|  35|0x0000000705c00000, 0x0000000705c00000, 0x0000000705e00000|  0%| F|  |TAMS 0x0000000705c00000, 0x0000000705c00000| Untracked 
|  36|0x0000000705e00000, 0x0000000705e00000, 0x0000000706000000|  0%| F|  |TAMS 0x0000000705e00000, 0x0000000705e00000| Untracked 
|  37|0x0000000706000000, 0x0000000706000000, 0x0000000706200000|  0%| F|  |TAMS 0x0000000706000000, 0x0000000706000000| Untracked 
|  38|0x0000000706200000, 0x0000000706200000, 0x0000000706400000|  0%| F|  |TAMS 0x0000000706200000, 0x0000000706200000| Untracked 
|  39|0x0000000706400000, 0x0000000706400000, 0x0000000706600000|  0%| F|  |TAMS 0x0000000706400000, 0x0000000706400000| Untracked 
|  40|0x0000000706600000, 0x0000000706600000, 0x0000000706800000|  0%| F|  |TAMS 0x0000000706600000, 0x0000000706600000| Untracked 
|  41|0x0000000706800000, 0x0000000706800000, 0x0000000706a00000|  0%| F|  |TAMS 0x0000000706800000, 0x0000000706800000| Untracked 
|  42|0x0000000706a00000, 0x0000000706a00000, 0x0000000706c00000|  0%| F|  |TAMS 0x0000000706a00000, 0x0000000706a00000| Untracked 
|  43|0x0000000706c00000, 0x0000000706c00000, 0x0000000706e00000|  0%| F|  |TAMS 0x0000000706c00000, 0x0000000706c00000| Untracked 
|  44|0x0000000706e00000, 0x0000000706e00000, 0x0000000707000000|  0%| F|  |TAMS 0x0000000706e00000, 0x0000000706e00000| Untracked 
|  45|0x0000000707000000, 0x0000000707000000, 0x0000000707200000|  0%| F|  |TAMS 0x0000000707000000, 0x0000000707000000| Untracked 
|  46|0x0000000707200000, 0x0000000707200000, 0x0000000707400000|  0%| F|  |TAMS 0x0000000707200000, 0x0000000707200000| Untracked 
|  47|0x0000000707400000, 0x0000000707400000, 0x0000000707600000|  0%| F|  |TAMS 0x0000000707400000, 0x0000000707400000| Untracked 
|  48|0x0000000707600000, 0x0000000707600000, 0x0000000707800000|  0%| F|  |TAMS 0x0000000707600000, 0x0000000707600000| Untracked 
|  49|0x0000000707800000, 0x0000000707800000, 0x0000000707a00000|  0%| F|  |TAMS 0x0000000707800000, 0x0000000707800000| Untracked 
|  50|0x0000000707a00000, 0x0000000707a00000, 0x0000000707c00000|  0%| F|  |TAMS 0x0000000707a00000, 0x0000000707a00000| Untracked 
|  51|0x0000000707c00000, 0x0000000707c00000, 0x0000000707e00000|  0%| F|  |TAMS 0x0000000707c00000, 0x0000000707c00000| Untracked 
|  52|0x0000000707e00000, 0x0000000707e00000, 0x0000000708000000|  0%| F|  |TAMS 0x0000000707e00000, 0x0000000707e00000| Untracked 
|  53|0x0000000708000000, 0x0000000708000000, 0x0000000708200000|  0%| F|  |TAMS 0x0000000708000000, 0x0000000708000000| Untracked 
|  54|0x0000000708200000, 0x0000000708200000, 0x0000000708400000|  0%| F|  |TAMS 0x0000000708200000, 0x0000000708200000| Untracked 
|  55|0x0000000708400000, 0x0000000708400000, 0x0000000708600000|  0%| F|  |TAMS 0x0000000708400000, 0x0000000708400000| Untracked 
|  56|0x0000000708600000, 0x0000000708600000, 0x0000000708800000|  0%| F|  |TAMS 0x0000000708600000, 0x0000000708600000| Untracked 
|  57|0x0000000708800000, 0x0000000708800000, 0x0000000708a00000|  0%| F|  |TAMS 0x0000000708800000, 0x0000000708800000| Untracked 
|  58|0x0000000708a00000, 0x0000000708a00000, 0x0000000708c00000|  0%| F|  |TAMS 0x0000000708a00000, 0x0000000708a00000| Untracked 
|  59|0x0000000708c00000, 0x0000000708c00000, 0x0000000708e00000|  0%| F|  |TAMS 0x0000000708c00000, 0x0000000708c00000| Untracked 
|  60|0x0000000708e00000, 0x0000000708e00000, 0x0000000709000000|  0%| F|  |TAMS 0x0000000708e00000, 0x0000000708e00000| Untracked 
|  61|0x0000000709000000, 0x0000000709000000, 0x0000000709200000|  0%| F|  |TAMS 0x0000000709000000, 0x0000000709000000| Untracked 
|  62|0x0000000709200000, 0x0000000709200000, 0x0000000709400000|  0%| F|  |TAMS 0x0000000709200000, 0x0000000709200000| Untracked 
|  63|0x0000000709400000, 0x0000000709400000, 0x0000000709600000|  0%| F|  |TAMS 0x0000000709400000, 0x0000000709400000| Untracked 
|  64|0x0000000709600000, 0x0000000709600000, 0x0000000709800000|  0%| F|  |TAMS 0x0000000709600000, 0x0000000709600000| Untracked 
|  65|0x0000000709800000, 0x0000000709800000, 0x0000000709a00000|  0%| F|  |TAMS 0x0000000709800000, 0x0000000709800000| Untracked 
|  66|0x0000000709a00000, 0x0000000709a00000, 0x0000000709c00000|  0%| F|  |TAMS 0x0000000709a00000, 0x0000000709a00000| Untracked 
|  67|0x0000000709c00000, 0x0000000709c00000, 0x0000000709e00000|  0%| F|  |TAMS 0x0000000709c00000, 0x0000000709c00000| Untracked 
|  68|0x0000000709e00000, 0x0000000709e00000, 0x000000070a000000|  0%| F|  |TAMS 0x0000000709e00000, 0x0000000709e00000| Untracked 
|  69|0x000000070a000000, 0x000000070a000000, 0x000000070a200000|  0%| F|  |TAMS 0x000000070a000000, 0x000000070a000000| Untracked 
|  70|0x000000070a200000, 0x000000070a200000, 0x000000070a400000|  0%| F|  |TAMS 0x000000070a200000, 0x000000070a200000| Untracked 
|  71|0x000000070a400000, 0x000000070a400000, 0x000000070a600000|  0%| F|  |TAMS 0x000000070a400000, 0x000000070a400000| Untracked 
|  72|0x000000070a600000, 0x000000070a600000, 0x000000070a800000|  0%| F|  |TAMS 0x000000070a600000, 0x000000070a600000| Untracked 
|  73|0x000000070a800000, 0x000000070a800000, 0x000000070aa00000|  0%| F|  |TAMS 0x000000070a800000, 0x000000070a800000| Untracked 
|  74|0x000000070aa00000, 0x000000070aa00000, 0x000000070ac00000|  0%| F|  |TAMS 0x000000070aa00000, 0x000000070aa00000| Untracked 
|  75|0x000000070ac00000, 0x000000070ac00000, 0x000000070ae00000|  0%| F|  |TAMS 0x000000070ac00000, 0x000000070ac00000| Untracked 
|  76|0x000000070ae00000, 0x000000070ae00000, 0x000000070b000000|  0%| F|  |TAMS 0x000000070ae00000, 0x000000070ae00000| Untracked 
|  77|0x000000070b000000, 0x000000070b000000, 0x000000070b200000|  0%| F|  |TAMS 0x000000070b000000, 0x000000070b000000| Untracked 
|  78|0x000000070b200000, 0x000000070b200000, 0x000000070b400000|  0%| F|  |TAMS 0x000000070b200000, 0x000000070b200000| Untracked 
|  79|0x000000070b400000, 0x000000070b400000, 0x000000070b600000|  0%| F|  |TAMS 0x000000070b400000, 0x000000070b400000| Untracked 
|  80|0x000000070b600000, 0x000000070b600000, 0x000000070b800000|  0%| F|  |TAMS 0x000000070b600000, 0x000000070b600000| Untracked 
|  81|0x000000070b800000, 0x000000070b800000, 0x000000070ba00000|  0%| F|  |TAMS 0x000000070b800000, 0x000000070b800000| Untracked 
|  82|0x000000070ba00000, 0x000000070ba00000, 0x000000070bc00000|  0%| F|  |TAMS 0x000000070ba00000, 0x000000070ba00000| Untracked 
|  83|0x000000070bc00000, 0x000000070bc00000, 0x000000070be00000|  0%| F|  |TAMS 0x000000070bc00000, 0x000000070bc00000| Untracked 
|  84|0x000000070be00000, 0x000000070be00000, 0x000000070c000000|  0%| F|  |TAMS 0x000000070be00000, 0x000000070be00000| Untracked 
|  85|0x000000070c000000, 0x000000070c000000, 0x000000070c200000|  0%| F|  |TAMS 0x000000070c000000, 0x000000070c000000| Untracked 
|  86|0x000000070c200000, 0x000000070c200000, 0x000000070c400000|  0%| F|  |TAMS 0x000000070c200000, 0x000000070c200000| Untracked 
|  87|0x000000070c400000, 0x000000070c400000, 0x000000070c600000|  0%| F|  |TAMS 0x000000070c400000, 0x000000070c400000| Untracked 
|  88|0x000000070c600000, 0x000000070c600000, 0x000000070c800000|  0%| F|  |TAMS 0x000000070c600000, 0x000000070c600000| Untracked 
|  89|0x000000070c800000, 0x000000070c800000, 0x000000070ca00000|  0%| F|  |TAMS 0x000000070c800000, 0x000000070c800000| Untracked 
|  90|0x000000070ca00000, 0x000000070ca00000, 0x000000070cc00000|  0%| F|  |TAMS 0x000000070ca00000, 0x000000070ca00000| Untracked 
|  91|0x000000070cc00000, 0x000000070cc00000, 0x000000070ce00000|  0%| F|  |TAMS 0x000000070cc00000, 0x000000070cc00000| Untracked 
|  92|0x000000070ce00000, 0x000000070ce00000, 0x000000070d000000|  0%| F|  |TAMS 0x000000070ce00000, 0x000000070ce00000| Untracked 
|  93|0x000000070d000000, 0x000000070d000000, 0x000000070d200000|  0%| F|  |TAMS 0x000000070d000000, 0x000000070d000000| Untracked 
|  94|0x000000070d200000, 0x000000070d200000, 0x000000070d400000|  0%| F|  |TAMS 0x000000070d200000, 0x000000070d200000| Untracked 
|  95|0x000000070d400000, 0x000000070d400000, 0x000000070d600000|  0%| F|  |TAMS 0x000000070d400000, 0x000000070d400000| Untracked 
|  96|0x000000070d600000, 0x000000070d600000, 0x000000070d800000|  0%| F|  |TAMS 0x000000070d600000, 0x000000070d600000| Untracked 
|  97|0x000000070d800000, 0x000000070d800000, 0x000000070da00000|  0%| F|  |TAMS 0x000000070d800000, 0x000000070d800000| Untracked 
|  98|0x000000070da00000, 0x000000070da00000, 0x000000070dc00000|  0%| F|  |TAMS 0x000000070da00000, 0x000000070da00000| Untracked 
|  99|0x000000070dc00000, 0x000000070dc00000, 0x000000070de00000|  0%| F|  |TAMS 0x000000070dc00000, 0x000000070dc00000| Untracked 
| 100|0x000000070de00000, 0x000000070de00000, 0x000000070e000000|  0%| F|  |TAMS 0x000000070de00000, 0x000000070de00000| Untracked 
| 101|0x000000070e000000, 0x000000070e000000, 0x000000070e200000|  0%| F|  |TAMS 0x000000070e000000, 0x000000070e000000| Untracked 
| 102|0x000000070e200000, 0x000000070e200000, 0x000000070e400000|  0%| F|  |TAMS 0x000000070e200000, 0x000000070e200000| Untracked 
| 103|0x000000070e400000, 0x000000070e400000, 0x000000070e600000|  0%| F|  |TAMS 0x000000070e400000, 0x000000070e400000| Untracked 
| 104|0x000000070e600000, 0x000000070e600000, 0x000000070e800000|  0%| F|  |TAMS 0x000000070e600000, 0x000000070e600000| Untracked 
| 105|0x000000070e800000, 0x000000070e800000, 0x000000070ea00000|  0%| F|  |TAMS 0x000000070e800000, 0x000000070e800000| Untracked 
| 106|0x000000070ea00000, 0x000000070ea00000, 0x000000070ec00000|  0%| F|  |TAMS 0x000000070ea00000, 0x000000070ea00000| Untracked 
| 107|0x000000070ec00000, 0x000000070ec00000, 0x000000070ee00000|  0%| F|  |TAMS 0x000000070ec00000, 0x000000070ec00000| Untracked 
| 108|0x000000070ee00000, 0x000000070ee00000, 0x000000070f000000|  0%| F|  |TAMS 0x000000070ee00000, 0x000000070ee00000| Untracked 
| 109|0x000000070f000000, 0x000000070f000000, 0x000000070f200000|  0%| F|  |TAMS 0x000000070f000000, 0x000000070f000000| Untracked 
| 110|0x000000070f200000, 0x000000070f200000, 0x000000070f400000|  0%| F|  |TAMS 0x000000070f200000, 0x000000070f200000| Untracked 
| 111|0x000000070f400000, 0x000000070f400000, 0x000000070f600000|  0%| F|  |TAMS 0x000000070f400000, 0x000000070f400000| Untracked 
| 112|0x000000070f600000, 0x000000070f600000, 0x000000070f800000|  0%| F|  |TAMS 0x000000070f600000, 0x000000070f600000| Untracked 
| 113|0x000000070f800000, 0x000000070f800000, 0x000000070fa00000|  0%| F|  |TAMS 0x000000070f800000, 0x000000070f800000| Untracked 
| 114|0x000000070fa00000, 0x000000070fa00000, 0x000000070fc00000|  0%| F|  |TAMS 0x000000070fa00000, 0x000000070fa00000| Untracked 
| 115|0x000000070fc00000, 0x000000070fc00000, 0x000000070fe00000|  0%| F|  |TAMS 0x000000070fc00000, 0x000000070fc00000| Untracked 
| 116|0x000000070fe00000, 0x000000070fe00000, 0x0000000710000000|  0%| F|  |TAMS 0x000000070fe00000, 0x000000070fe00000| Untracked 
| 117|0x0000000710000000, 0x0000000710000000, 0x0000000710200000|  0%| F|  |TAMS 0x0000000710000000, 0x0000000710000000| Untracked 
| 118|0x0000000710200000, 0x0000000710200000, 0x0000000710400000|  0%| F|  |TAMS 0x0000000710200000, 0x0000000710200000| Untracked 
| 119|0x0000000710400000, 0x0000000710400000, 0x0000000710600000|  0%| F|  |TAMS 0x0000000710400000, 0x0000000710400000| Untracked 
| 120|0x0000000710600000, 0x0000000710600000, 0x0000000710800000|  0%| F|  |TAMS 0x0000000710600000, 0x0000000710600000| Untracked 
| 121|0x0000000710800000, 0x0000000710913e80, 0x0000000710a00000| 53%| S|CS|TAMS 0x0000000710800000, 0x0000000710800000| Complete 
| 122|0x0000000710a00000, 0x0000000710c00000, 0x0000000710c00000|100%| S|CS|TAMS 0x0000000710a00000, 0x0000000710a00000| Complete 
| 123|0x0000000710c00000, 0x0000000710c00000, 0x0000000710e00000|  0%| F|  |TAMS 0x0000000710c00000, 0x0000000710c00000| Untracked 
| 124|0x0000000710e00000, 0x0000000710e00000, 0x0000000711000000|  0%| F|  |TAMS 0x0000000710e00000, 0x0000000710e00000| Untracked 
| 125|0x0000000711000000, 0x0000000711000000, 0x0000000711200000|  0%| F|  |TAMS 0x0000000711000000, 0x0000000711000000| Untracked 
| 126|0x0000000711200000, 0x0000000711200000, 0x0000000711400000|  0%| F|  |TAMS 0x0000000711200000, 0x0000000711200000| Untracked 
| 127|0x0000000711400000, 0x0000000711500000, 0x0000000711600000| 50%| E|  |TAMS 0x0000000711400000, 0x0000000711400000| Complete 

Card table byte_map: [0x00000248fa110000,0x00000248fa910000] _byte_map_base: 0x00000248f6905000

Marking Bits (Prev, Next): (CMBitMap*) 0x00000248f6f9ac00, (CMBitMap*) 0x00000248f6f9ac40
 Prev Bits: [0x00000248fb110000, 0x00000248ff0b8000)
 Next Bits: [0x0000024896a80000, 0x000002489aa28000)

Polling page: 0x00000248f6fe0000

Metaspace:

Usage:
  Non-class:     18.31 MB used.
      Class:      2.46 MB used.
       Both:     20.77 MB used.

Virtual space:
  Non-class space:       64.00 MB reserved,      18.50 MB ( 29%) committed,  1 nodes.
      Class space:        1.00 GB reserved,       2.62 MB ( <1%) committed,  1 nodes.
             Both:        1.06 GB reserved,      21.12 MB (  2%) committed. 

Chunk freelists:
   Non-Class:  13.48 MB
       Class:  13.23 MB
        Both:  26.72 MB

MaxMetaspaceSize: unlimited
CompressedClassSpaceSize: 1.00 GB
Initial GC threshold: 21.00 MB
Current GC threshold: 21.31 MB
CDS: on
MetaspaceReclaimPolicy: balanced
 - commit_granule_bytes: 65536.
 - commit_granule_words: 8192.
 - virtual_space_node_default_size: 8388608.
 - enlarge_chunks_in_place: 1.
 - new_chunks_are_fully_committed: 0.
 - uncommit_free_chunks: 1.
 - use_allocation_guard: 0.
 - handle_deallocations: 1.


Internal statistics:

num_allocs_failed_limit: 3.
num_arena_births: 188.
num_arena_deaths: 0.
num_vsnodes_births: 2.
num_vsnodes_deaths: 0.
num_space_committed: 338.
num_space_uncommitted: 0.
num_chunks_returned_to_freelist: 3.
num_chunks_taken_from_freelist: 683.
num_chunk_merges: 0.
num_chunk_splits: 483.
num_chunks_enlarged: 361.
num_inconsistent_stats: 0.

CodeHeap 'non-profiled nmethods': size=119168Kb used=814Kb max_used=814Kb free=118353Kb
 bounds [0x000002488f620000, 0x000002488f890000, 0x0000024896a80000]
CodeHeap 'profiled nmethods': size=119104Kb used=4365Kb max_used=4365Kb free=114738Kb
 bounds [0x0000024887a80000, 0x0000024887ed0000, 0x000002488eed0000]
CodeHeap 'non-nmethods': size=7488Kb used=2972Kb max_used=2987Kb free=4516Kb
 bounds [0x000002488eed0000, 0x000002488f1c0000, 0x000002488f620000]
 total_blobs=2864 nmethods=2251 adapters=522
 compilation: enabled
              stopped_count=0, restarted_count=0
 full_count=0

Compilation events (20 events):
Event: 2.062 Thread 0x00000248f6f2c520 nmethod 2174 0x000002488f6e8090 code [0x000002488f6e8200, 0x000002488f6e82d8]
Event: 2.062 Thread 0x00000248f6f2c520 2176       4       java.util.ArrayList::<init> (12 bytes)
Event: 2.062 Thread 0x00000248de1771a0 2178       1       org.hibernate.annotations.common.reflection.java.JavaXType::approximate (5 bytes)
Event: 2.062 Thread 0x00000248de191b10 nmethod 2177 0x000002488f6e8410 code [0x000002488f6e85a0, 0x000002488f6e8678]
Event: 2.062 Thread 0x00000248e6a0da40 2179       1       org.hibernate.boot.model.relational.Database::getDialect (5 bytes)
Event: 2.062 Thread 0x00000248de1771a0 nmethod 2178 0x000002488f6e8710 code [0x000002488f6e88a0, 0x000002488f6e8978]
Event: 2.062 Thread 0x00000248e6a0da40 nmethod 2179 0x000002488f6e8a10 code [0x000002488f6e8ba0, 0x000002488f6e8c78]
Event: 2.062 Thread 0x00000248e6a0da40 2180       3       java.util.stream.Streams$StreamBuilderImpl::tryAdvance (33 bytes)
Event: 2.062 Thread 0x00000248de191b10 2181       1       org.hibernate.boot.internal.MetadataBuildingContextRootImpl::getBootstrapContext (5 bytes)
Event: 2.062 Thread 0x00000248e6a0da40 nmethod 2180 0x0000024887e9f490 code [0x0000024887e9f660, 0x0000024887e9fa18]
Event: 2.062 Thread 0x00000248de191b10 nmethod 2181 0x000002488f6e8d10 code [0x000002488f6e8ea0, 0x000002488f6e8f78]
Event: 2.062 Thread 0x00000248e6a0da40 2182       3       java.util.HashSet::isEmpty (8 bytes)
Event: 2.062 Thread 0x00000248e6a0da40 nmethod 2182 0x0000024887e9fb90 code [0x0000024887e9fd20, 0x0000024887e9ff78]
Event: 2.063 Thread 0x00000248de191b10 2183       3       org.hibernate.boot.internal.InFlightMetadataCollectorImpl::getDatabase (27 bytes)
Event: 2.063 Thread 0x00000248de1771a0 2184       3       org.hibernate.annotations.common.reflection.java.JavaXProperty::getName (106 bytes)
Event: 2.063 Thread 0x00000248de0729b0 2185       3       org.hibernate.annotations.common.reflection.java.JavaReflectionManager::toXClass (23 bytes)
Event: 2.063 Thread 0x00000248e6a0da40 2186       3       org.hibernate.annotations.common.reflection.java.JavaReflectionManager$1::<init> (15 bytes)
Event: 2.063 Thread 0x00000248de191b10 nmethod 2183 0x0000024887ea0090 code [0x0000024887ea0260, 0x0000024887ea07d8]
Event: 2.063 Thread 0x00000248de191b10 2187       3       java.util.HashMap::prepareArray (38 bytes)
Event: 3.077 Thread 0x00000248e6a0da40 nmethod 2186 0x0000024887ea0a10 code [0x0000024887ea0bc0, 0x0000024887ea0e58]

GC Heap History (4 events):
Event: 0.488 GC heap before
{Heap before GC invocations=0 (full 0):
 garbage-first heap   total 262144K, used 20480K [0x0000000701600000, 0x0000000800000000)
  region size 2048K, 11 young (22528K), 0 survivors (0K)
 Metaspace       used 11541K, committed 11776K, reserved 1114112K
  class space    used 1271K, committed 1408K, reserved 1048576K
}
Event: 0.492 GC heap after
{Heap after GC invocations=1 (full 0):
 garbage-first heap   total 262144K, used 5510K [0x0000000701600000, 0x0000000800000000)
  region size 2048K, 2 young (4096K), 2 survivors (4096K)
 Metaspace       used 11541K, committed 11776K, reserved 1114112K
  class space    used 1271K, committed 1408K, reserved 1048576K
}
Event: 0.955 GC heap before
{Heap before GC invocations=1 (full 0):
 garbage-first heap   total 262144K, used 34182K [0x0000000701600000, 0x0000000800000000)
  region size 2048K, 16 young (32768K), 2 survivors (4096K)
 Metaspace       used 19777K, committed 19968K, reserved 1114112K
  class space    used 2324K, committed 2432K, reserved 1048576K
}
Event: 0.957 GC heap after
{Heap after GC invocations=2 (full 0):
 garbage-first heap   total 262144K, used 8381K [0x0000000701600000, 0x0000000800000000)
  region size 2048K, 2 young (4096K), 2 survivors (4096K)
 Metaspace       used 19777K, committed 19968K, reserved 1114112K
  class space    used 2324K, committed 2432K, reserved 1048576K
}

Dll operation events (8 events):
Event: 0.005 Loaded shared library C:\Program Files\Microsoft\jdk-17.0.14.7-hotspot\bin\java.dll
Event: 0.015 Loaded shared library C:\Program Files\Microsoft\jdk-17.0.14.7-hotspot\bin\jsvml.dll
Event: 0.070 Loaded shared library C:\Program Files\Microsoft\jdk-17.0.14.7-hotspot\bin\jimage.dll
Event: 0.072 Loaded shared library C:\Program Files\Microsoft\jdk-17.0.14.7-hotspot\bin\awt.dll
Event: 0.088 Loaded shared library C:\Program Files\Microsoft\jdk-17.0.14.7-hotspot\bin\net.dll
Event: 0.089 Loaded shared library C:\Program Files\Microsoft\jdk-17.0.14.7-hotspot\bin\nio.dll
Event: 0.093 Loaded shared library C:\Program Files\Microsoft\jdk-17.0.14.7-hotspot\bin\zip.dll
Event: 0.749 Loaded shared library C:\Program Files\Microsoft\jdk-17.0.14.7-hotspot\bin\extnet.dll

Deoptimization events (20 events):
Event: 0.982 Thread 0x00000248f6f2b5f0 Uncommon trap: trap_request=0xffffffde fr.pc=0x000002488f6d5834 relative=0x00000000000009b4
Event: 0.982 Thread 0x00000248f6f2b5f0 Uncommon trap: reason=class_check action=maybe_recompile pc=0x000002488f6d5834 method=java.util.HashMap.putVal(ILjava/lang/Object;Ljava/lang/Object;ZZ)Ljava/lang/Object; @ 203 c2
Event: 0.982 Thread 0x00000248f6f2b5f0 DEOPT PACKING pc=0x000002488f6d5834 sp=0x000000d97e3fe4c0
Event: 0.982 Thread 0x00000248f6f2b5f0 DEOPT UNPACKING pc=0x000002488ef269a3 sp=0x000000d97e3fe460 mode 2
Event: 0.982 Thread 0x00000248f6f2b5f0 Uncommon trap: trap_request=0xffffff45 fr.pc=0x000002488f65a8fc relative=0x00000000000002dc
Event: 0.982 Thread 0x00000248f6f2b5f0 Uncommon trap: reason=unstable_if action=reinterpret pc=0x000002488f65a8fc method=jdk.internal.org.objectweb.asm.SymbolTable.put(Ljdk/internal/org/objectweb/asm/SymbolTable$Entry;)Ljdk/internal/org/objectweb/asm/SymbolTable$Entry; @ 13 c2
Event: 0.982 Thread 0x00000248f6f2b5f0 DEOPT PACKING pc=0x000002488f65a8fc sp=0x000000d97e3fdbe0
Event: 0.982 Thread 0x00000248f6f2b5f0 DEOPT UNPACKING pc=0x000002488ef269a3 sp=0x000000d97e3fdb60 mode 2
Event: 0.983 Thread 0x00000248f6f2b5f0 Uncommon trap: trap_request=0xffffffde fr.pc=0x000002488f6d5834 relative=0x00000000000009b4
Event: 0.983 Thread 0x00000248f6f2b5f0 Uncommon trap: reason=class_check action=maybe_recompile pc=0x000002488f6d5834 method=java.util.HashMap.putVal(ILjava/lang/Object;Ljava/lang/Object;ZZ)Ljava/lang/Object; @ 203 c2
Event: 0.983 Thread 0x00000248f6f2b5f0 DEOPT PACKING pc=0x000002488f6d5834 sp=0x000000d97e3fe4c0
Event: 0.983 Thread 0x00000248f6f2b5f0 DEOPT UNPACKING pc=0x000002488ef269a3 sp=0x000000d97e3fe460 mode 2
Event: 0.983 Thread 0x00000248f6f2b5f0 Uncommon trap: trap_request=0xffffffde fr.pc=0x000002488f6d5834 relative=0x00000000000009b4
Event: 0.983 Thread 0x00000248f6f2b5f0 Uncommon trap: reason=class_check action=maybe_recompile pc=0x000002488f6d5834 method=java.util.HashMap.putVal(ILjava/lang/Object;Ljava/lang/Object;ZZ)Ljava/lang/Object; @ 203 c2
Event: 0.983 Thread 0x00000248f6f2b5f0 DEOPT PACKING pc=0x000002488f6d5834 sp=0x000000d97e3fe4c0
Event: 0.983 Thread 0x00000248f6f2b5f0 DEOPT UNPACKING pc=0x000002488ef269a3 sp=0x000000d97e3fe460 mode 2
Event: 0.983 Thread 0x00000248f6f2b5f0 Uncommon trap: trap_request=0xffffffde fr.pc=0x000002488f6d5834 relative=0x00000000000009b4
Event: 0.983 Thread 0x00000248f6f2b5f0 Uncommon trap: reason=class_check action=maybe_recompile pc=0x000002488f6d5834 method=java.util.HashMap.putVal(ILjava/lang/Object;Ljava/lang/Object;ZZ)Ljava/lang/Object; @ 203 c2
Event: 0.983 Thread 0x00000248f6f2b5f0 DEOPT PACKING pc=0x000002488f6d5834 sp=0x000000d97e3fe4c0
Event: 0.983 Thread 0x00000248f6f2b5f0 DEOPT UNPACKING pc=0x000002488ef269a3 sp=0x000000d97e3fe460 mode 2

Classes loaded (20 events):
Event: 2.036 Loading class sun/reflect/generics/repository/ConstructorRepository done
Event: 2.036 Loading class sun/reflect/generics/repository/MethodRepository done
Event: 2.037 Loading class sun/reflect/generics/tree/MethodTypeSignature
Event: 2.037 Loading class sun/reflect/generics/tree/MethodTypeSignature done
Event: 2.037 Loading class sun/reflect/generics/reflectiveObjects/ParameterizedTypeImpl
Event: 2.037 Loading class java/lang/reflect/ParameterizedType
Event: 2.037 Loading class java/lang/reflect/ParameterizedType done
Event: 2.037 Loading class sun/reflect/generics/reflectiveObjects/ParameterizedTypeImpl done
Event: 2.037 Loading class sun/reflect/generics/tree/TypeVariableSignature
Event: 2.037 Loading class sun/reflect/generics/tree/TypeVariableSignature done
Event: 2.037 Loading class sun/reflect/generics/reflectiveObjects/TypeVariableImpl
Event: 2.037 Loading class sun/reflect/generics/reflectiveObjects/LazyReflectiveObjectGenerator
Event: 2.037 Loading class sun/reflect/generics/reflectiveObjects/LazyReflectiveObjectGenerator done
Event: 2.037 Loading class sun/reflect/generics/reflectiveObjects/TypeVariableImpl done
Event: 2.037 Loading class sun/reflect/generics/tree/VoidDescriptor
Event: 2.037 Loading class sun/reflect/generics/tree/VoidDescriptor done
Event: 2.037 Loading class sun/reflect/generics/repository/FieldRepository
Event: 2.037 Loading class sun/reflect/generics/repository/FieldRepository done
Event: 2.055 Loading class java/util/RegularEnumSet$EnumSetIterator
Event: 2.055 Loading class java/util/RegularEnumSet$EnumSetIterator done

Classes unloaded (0 events):
No events

Classes redefined (0 events):
No events

Internal exceptions (20 events):
Event: 0.166 Thread 0x00000248f6f2b5f0 Exception <a 'java/lang/NoSuchMethodError'{0x0000000710f84f30}: 'java.lang.Object java.lang.invoke.DirectMethodHandle$Holder.invokeStatic(java.lang.Object, java.lang.Object, int, java.lang.Object)'> (0x0000000710f84f30) 
thrown [s\src\hotspot\share\interpreter\linkResolver.cpp, line 759]
Event: 0.166 Thread 0x00000248f6f2b5f0 Exception <a 'java/lang/NoSuchMethodError'{0x0000000710f8ba38}: 'java.lang.Object java.lang.invoke.DirectMethodHandle$Holder.newInvokeSpecial(java.lang.Object, java.lang.Object, int)'> (0x0000000710f8ba38) 
thrown [s\src\hotspot\share\interpreter\linkResolver.cpp, line 759]
Event: 0.192 Thread 0x00000248f6f2b5f0 Exception <a 'java/lang/NoSuchMethodError'{0x0000000710d06b30}: 'java.lang.Object java.lang.invoke.DirectMethodHandle$Holder.invokeStatic(java.lang.Object, java.lang.Object, int)'> (0x0000000710d06b30) 
thrown [s\src\hotspot\share\interpreter\linkResolver.cpp, line 759]
Event: 0.193 Thread 0x00000248f6f2b5f0 Exception <a 'java/lang/NoSuchMethodError'{0x0000000710d11cf8}: 'void java.lang.invoke.DelegatingMethodHandle$Holder.delegate(java.lang.Object, java.lang.Object, int, java.lang.Object)'> (0x0000000710d11cf8) 
thrown [s\src\hotspot\share\interpreter\linkResolver.cpp, line 759]
Event: 0.193 Thread 0x00000248f6f2b5f0 Exception <a 'java/lang/NoSuchMethodError'{0x0000000710d15e40}: 'int java.lang.invoke.DirectMethodHandle$Holder.invokeSpecial(java.lang.Object, java.lang.Object, java.lang.Object)'> (0x0000000710d15e40) 
thrown [s\src\hotspot\share\interpreter\linkResolver.cpp, line 759]
Event: 0.242 Thread 0x00000248f6f2b5f0 Exception <a 'java/lang/ClassNotFoundException'{0x0000000710b6e048}: com/sun/org/apache/xerces/internal/impl/xpath/regex/spi/messageProvider> (0x0000000710b6e048) 
thrown [s\src\hotspot\share\classfile\systemDictionary.cpp, line 256]
Event: 0.429 Thread 0x00000248f6f2b5f0 Exception <a 'java/lang/NoSuchMethodError'{0x0000000710066f30}: 'java.lang.Object java.lang.invoke.DirectMethodHandle$Holder.invokeStaticInit(java.lang.Object, int, int, int, int)'> (0x0000000710066f30) 
thrown [s\src\hotspot\share\interpreter\linkResolver.cpp, line 759]
Event: 0.468 Thread 0x00000248f6f2b5f0 Exception <a 'java/lang/NoSuchMethodError'{0x00000007101504e8}: 'java.lang.Object java.lang.invoke.DirectMethodHandle$Holder.invokeStaticInit(java.lang.Object, java.lang.Object, int, int, int, int)'> (0x00000007101504e8) 
thrown [s\src\hotspot\share\interpreter\linkResolver.cpp, line 759]
Event: 0.540 Thread 0x00000248f6f2b5f0 Exception <a 'java/lang/NoSuchMethodError'{0x000000071132e198}: 'java.lang.Object java.lang.invoke.Invokers$Holder.invokeExact_MT(java.lang.Object, java.lang.Object, java.lang.Object, java.lang.Object, java.lang.Object, java.lang.Object)'> (0x000000071132e198) 
thrown [s\src\hotspot\share\interpreter\linkResolver.cpp, line 759]
Event: 0.547 Thread 0x00000248f6f2b5f0 Exception <a 'java/lang/NoSuchMethodError'{0x000000071137e9c0}: 'java.lang.Object java.lang.invoke.DirectMethodHandle$Holder.invokeInterface(java.lang.Object, java.lang.Object, java.lang.Object)'> (0x000000071137e9c0) 
thrown [s\src\hotspot\share\interpreter\linkResolver.cpp, line 759]
Event: 0.689 Thread 0x00000248f6f2b5f0 Exception <a 'java/lang/NoSuchMethodError'{0x0000000710b3e4c0}: 'java.lang.Object java.lang.invoke.DirectMethodHandle$Holder.invokeInterface(java.lang.Object, java.lang.Object)'> (0x0000000710b3e4c0) 
thrown [s\src\hotspot\share\interpreter\linkResolver.cpp, line 759]
Event: 0.700 Thread 0x00000248f6f2b5f0 Exception <a 'java/lang/NoSuchMethodError'{0x0000000710bbc070}: 'void java.lang.invoke.DirectMethodHandle$Holder.invokeStatic(java.lang.Object, java.lang.Object, java.lang.Object)'> (0x0000000710bbc070) 
thrown [s\src\hotspot\share\interpreter\linkResolver.cpp, line 759]
Event: 0.701 Thread 0x00000248f6f2b5f0 Exception <a 'java/lang/NoSuchMethodError'{0x0000000710bc65e0}: 'java.lang.Object java.lang.invoke.DirectMethodHandle$Holder.invokeVirtual(java.lang.Object, java.lang.Object, java.lang.Object)'> (0x0000000710bc65e0) 
thrown [s\src\hotspot\share\interpreter\linkResolver.cpp, line 759]
Event: 0.750 Thread 0x00000248f6f2b5f0 Exception <a 'java/lang/NoSuchMethodError'{0x00000007107061f8}: 'void java.lang.invoke.DirectMethodHandle$Holder.invokeStatic(java.lang.Object, java.lang.Object)'> (0x00000007107061f8) 
thrown [s\src\hotspot\share\interpreter\linkResolver.cpp, line 759]
Event: 0.817 Thread 0x00000248f6f2b5f0 Exception <a 'java/lang/NoSuchMethodError'{0x0000000710320390}: 'int java.lang.invoke.DirectMethodHandle$Holder.invokeStatic(java.lang.Object)'> (0x0000000710320390) 
thrown [s\src\hotspot\share\interpreter\linkResolver.cpp, line 759]
Event: 0.968 Thread 0x00000248f6f2b5f0 Exception <a 'java/lang/NoSuchMethodError'{0x0000000711515918}: 'java.lang.Object java.lang.invoke.DirectMethodHandle$Holder.newInvokeSpecial(java.lang.Object, java.lang.Object, java.lang.Object, int)'> (0x0000000711515918) 
thrown [s\src\hotspot\share\interpreter\linkResolver.cpp, line 759]
Event: 0.969 Thread 0x00000248f6f2b5f0 Exception <a 'java/lang/NoSuchMethodError'{0x0000000711519cf8}: 'java.lang.Object java.lang.invoke.DirectMethodHandle$Holder.invokeSpecial(java.lang.Object, java.lang.Object, java.lang.Object, java.lang.Object, int)'> (0x0000000711519cf8) 
thrown [s\src\hotspot\share\interpreter\linkResolver.cpp, line 759]
Event: 0.969 Thread 0x00000248f6f2b5f0 Exception <a 'java/lang/NoSuchMethodError'{0x000000071151d8c0}: 'java.lang.Object java.lang.invoke.Invokers$Holder.linkToTargetMethod(java.lang.Object, java.lang.Object, int, java.lang.Object)'> (0x000000071151d8c0) 
thrown [s\src\hotspot\share\interpreter\linkResolver.cpp, line 759]
Event: 1.003 Thread 0x00000248f6f2b5f0 Exception <a 'java/lang/NoSuchMethodError'{0x0000000711383d90}: 'int java.lang.invoke.DirectMethodHandle$Holder.invokeVirtual(java.lang.Object, java.lang.Object, java.lang.Object)'> (0x0000000711383d90) 
thrown [s\src\hotspot\share\interpreter\linkResolver.cpp, line 759]
Event: 1.013 Thread 0x00000248f6f2b5f0 Exception <a 'java/lang/NoSuchMethodError'{0x00000007113faaf0}: 'void java.lang.invoke.DirectMethodHandle$Holder.invokeStatic(java.lang.Object, java.lang.Object, java.lang.Object, java.lang.Object)'> (0x00000007113faaf0) 
thrown [s\src\hotspot\share\interpreter\linkResolver.cpp, line 759]

VM Operations (20 events):
Event: 0.574 Executing VM operation: HandshakeAllThreads done
Event: 0.578 Executing VM operation: HandshakeAllThreads
Event: 0.578 Executing VM operation: HandshakeAllThreads done
Event: 0.604 Executing VM operation: HandshakeAllThreads
Event: 0.604 Executing VM operation: HandshakeAllThreads done
Event: 0.779 Executing VM operation: HandshakeAllThreads
Event: 0.779 Executing VM operation: HandshakeAllThreads done
Event: 0.779 Executing VM operation: HandshakeAllThreads
Event: 0.779 Executing VM operation: HandshakeAllThreads done
Event: 0.804 Executing VM operation: HandshakeAllThreads
Event: 0.804 Executing VM operation: HandshakeAllThreads done
Event: 0.877 Executing VM operation: ICBufferFull
Event: 0.877 Executing VM operation: ICBufferFull done
Event: 0.879 Executing VM operation: HandshakeAllThreads
Event: 0.879 Executing VM operation: HandshakeAllThreads done
Event: 0.955 Executing VM operation: G1CollectForAllocation
Event: 0.957 Executing VM operation: G1CollectForAllocation done
Event: 1.971 Executing VM operation: Cleanup
Event: 2.034 Executing VM operation: Cleanup done
Event: 3.046 Executing VM operation: Cleanup

Memory protections (0 events):
No events

Nmethod flushes (0 events):
No events

Events (20 events):
Event: 0.023 Thread 0x00000248f6f2b5f0 Thread added: 0x00000248de034c20
Event: 0.023 Thread 0x00000248f6f2b5f0 Thread added: 0x00000248de0355e0
Event: 0.023 Thread 0x00000248f6f2b5f0 Thread added: 0x00000248de039fb0
Event: 0.023 Thread 0x00000248f6f2b5f0 Thread added: 0x00000248de047ad0
Event: 0.023 Thread 0x00000248f6f2b5f0 Thread added: 0x00000248de0729b0
Event: 0.023 Thread 0x00000248f6f2b5f0 Thread added: 0x00000248de07db90
Event: 0.045 Thread 0x00000248de0729b0 Thread added: 0x00000248de1771a0
Event: 0.045 Thread 0x00000248de0729b0 Thread added: 0x00000248de191b10
Event: 0.046 Thread 0x00000248f6f2b5f0 Thread added: 0x00000248de1d8290
Event: 0.048 Thread 0x00000248f6f2b5f0 Thread added: 0x00000248de1dcbe0
Event: 0.093 Thread 0x00000248de047ad0 Thread added: 0x00000248f6f2c520
Event: 0.123 Thread 0x00000248f6f2b5f0 Thread added: 0x00000248de55ea20
Event: 0.124 Thread 0x00000248f6f2b5f0 Thread added: 0x00000248de534eb0
Event: 0.124 Thread 0x00000248f6f2b5f0 Thread added: 0x00000248de5debe0
Event: 0.609 Thread 0x00000248de1771a0 Thread added: 0x00000248e613efc0
Event: 0.633 Thread 0x00000248de0729b0 Thread added: 0x00000248e6af3a30
Event: 0.672 Thread 0x00000248f6f2b5f0 Thread added: 0x00000248e66d2890
Event: 0.822 Thread 0x00000248f6f2b5f0 Thread added: 0x00000248deba5820
Event: 0.841 Thread 0x00000248de0729b0 Thread added: 0x00000248e6a0da40
Event: 2.034 Thread 0x00000248de534eb0 Thread exited: 0x00000248de534eb0


Dynamic libraries:
0x00007ff70ed80000 - 0x00007ff70ed8e000 	C:\Program Files\Microsoft\jdk-17.0.14.7-hotspot\bin\java.exe
0x00007ff8c6460000 - 0x00007ff8c66c7000 	C:\WINDOWS\SYSTEM32\ntdll.dll
0x00007ff8c4d00000 - 0x00007ff8c4dc9000 	C:\WINDOWS\System32\KERNEL32.DLL
0x00007ff8c3ba0000 - 0x00007ff8c3f97000 	C:\WINDOWS\System32\KERNELBASE.dll
0x00007ff8c3a50000 - 0x00007ff8c3b9b000 	C:\WINDOWS\System32\ucrtbase.dll
0x00007ff8bf5e0000 - 0x00007ff8bf5f7000 	C:\Program Files\Microsoft\jdk-17.0.14.7-hotspot\bin\jli.dll
0x00007ff8bf5a0000 - 0x00007ff8bf5bd000 	C:\Program Files\Microsoft\jdk-17.0.14.7-hotspot\bin\VCRUNTIME140.dll
0x00007ff8c4e30000 - 0x00007ff8c4ff6000 	C:\WINDOWS\System32\USER32.dll
0x00007ff8c38e0000 - 0x00007ff8c3907000 	C:\WINDOWS\System32\win32u.dll
0x00007ff8a32b0000 - 0x00007ff8a3542000 	C:\WINDOWS\WinSxS\amd64_microsoft.windows.common-controls_6595b64144ccf1df_6.0.26100.8457_none_3e0b2faee331e92d\COMCTL32.dll
0x00007ff8c4e00000 - 0x00007ff8c4e2b000 	C:\WINDOWS\System32\GDI32.dll
0x00007ff8c5a70000 - 0x00007ff8c5b19000 	C:\WINDOWS\System32\msvcrt.dll
0x00007ff8c2e90000 - 0x00007ff8c2fbc000 	C:\WINDOWS\System32\gdi32full.dll
0x00007ff8c3910000 - 0x00007ff8c39b3000 	C:\WINDOWS\System32\msvcp_win.dll
0x00007ff8c63e0000 - 0x00007ff8c6412000 	C:\WINDOWS\System32\IMM32.DLL
0x00007ff8bf590000 - 0x00007ff8bf59c000 	C:\Program Files\Microsoft\jdk-17.0.14.7-hotspot\bin\vcruntime140_1.dll
0x00007ff8a5b60000 - 0x00007ff8a5bed000 	C:\Program Files\Microsoft\jdk-17.0.14.7-hotspot\bin\msvcp140.dll
0x00007fffe97d0000 - 0x00007fffea442000 	C:\Program Files\Microsoft\jdk-17.0.14.7-hotspot\bin\server\jvm.dll
0x00007ff8c61c0000 - 0x00007ff8c6276000 	C:\WINDOWS\System32\ADVAPI32.dll
0x00007ff8c5050000 - 0x00007ff8c50f7000 	C:\WINDOWS\System32\sechost.dll
0x00007ff8c4270000 - 0x00007ff8c4388000 	C:\WINDOWS\System32\RPCRT4.dll
0x00007ff8c5b20000 - 0x00007ff8c5ba0000 	C:\WINDOWS\System32\WS2_32.dll
0x00007ff8c2b40000 - 0x00007ff8c2b9e000 	C:\WINDOWS\SYSTEM32\POWRPROF.dll
0x00007ff8ba2b0000 - 0x00007ff8ba2e6000 	C:\WINDOWS\SYSTEM32\WINMM.dll
0x00007ff8b9960000 - 0x00007ff8b996b000 	C:\WINDOWS\SYSTEM32\VERSION.dll
0x00007ff8c2b20000 - 0x00007ff8c2b34000 	C:\WINDOWS\SYSTEM32\UMPDC.dll
0x00007ff8c1c20000 - 0x00007ff8c1c3b000 	C:\WINDOWS\SYSTEM32\kernel.appcore.dll
0x00007ff8bca50000 - 0x00007ff8bca5a000 	C:\Program Files\Microsoft\jdk-17.0.14.7-hotspot\bin\jimage.dll
0x00007ff8c0b00000 - 0x00007ff8c0d42000 	C:\WINDOWS\SYSTEM32\DBGHELP.DLL
0x00007ff8c5db0000 - 0x00007ff8c6133000 	C:\WINDOWS\System32\combase.dll
0x00007ff8c5100000 - 0x00007ff8c51d9000 	C:\WINDOWS\System32\OLEAUT32.dll
0x00007ff8a9cd0000 - 0x00007ff8a9d0b000 	C:\WINDOWS\SYSTEM32\dbgcore.DLL
0x00007ff8c3830000 - 0x00007ff8c38d8000 	C:\WINDOWS\System32\bcryptPrimitives.dll
0x00007ff8aadc0000 - 0x00007ff8aade5000 	C:\Program Files\Microsoft\jdk-17.0.14.7-hotspot\bin\java.dll
0x00007ff8a45f0000 - 0x00007ff8a46c7000 	C:\Program Files\Microsoft\jdk-17.0.14.7-hotspot\bin\jsvml.dll
0x00007ff8c52d0000 - 0x00007ff8c5a3e000 	C:\WINDOWS\System32\SHELL32.dll
0x00007ff8c2fc0000 - 0x00007ff8c382c000 	C:\WINDOWS\System32\windows.storage.dll
0x00007ff8c4b80000 - 0x00007ff8c4c76000 	C:\WINDOWS\System32\SHCORE.dll
0x00007ff8c5260000 - 0x00007ff8c52c6000 	C:\WINDOWS\System32\shlwapi.dll
0x00007ff8c2db0000 - 0x00007ff8c2dd9000 	C:\WINDOWS\SYSTEM32\profapi.dll
0x00007ff882930000 - 0x00007ff882ac0000 	C:\Program Files\Microsoft\jdk-17.0.14.7-hotspot\bin\awt.dll
0x00007ff8bf800000 - 0x00007ff8bf8a0000 	C:\WINDOWS\SYSTEM32\apphelp.dll
0x00007ff8bc410000 - 0x00007ff8bc42a000 	C:\Program Files\Microsoft\jdk-17.0.14.7-hotspot\bin\net.dll
0x00007ff8bb560000 - 0x00007ff8bb689000 	C:\WINDOWS\SYSTEM32\WINHTTP.dll
0x00007ff8c2190000 - 0x00007ff8c21fc000 	C:\WINDOWS\system32\mswsock.dll
0x00007ff8ba590000 - 0x00007ff8ba5a6000 	C:\Program Files\Microsoft\jdk-17.0.14.7-hotspot\bin\nio.dll
0x00007ff8ba430000 - 0x00007ff8ba448000 	C:\Program Files\Microsoft\jdk-17.0.14.7-hotspot\bin\zip.dll
0x00007ff8bfaa0000 - 0x00007ff8bfb4a000 	C:\WINDOWS\system32\uxtheme.dll
0x00007ff8c6280000 - 0x00007ff8c63dc000 	C:\WINDOWS\System32\MSCTF.dll
0x00007ff8c4550000 - 0x00007ff8c46e7000 	C:\WINDOWS\System32\ole32.dll
0x00007ff8bfbc0000 - 0x00007ff8bfbef000 	C:\WINDOWS\system32\DWMAPI.DLL
0x00007ff8c2470000 - 0x00007ff8c248b000 	C:\WINDOWS\SYSTEM32\CRYPTSP.dll
0x00007ff8c1b80000 - 0x00007ff8c1bb9000 	C:\WINDOWS\system32\rsaenh.dll
0x00007ff8c2240000 - 0x00007ff8c2273000 	C:\WINDOWS\SYSTEM32\USERENV.dll
0x00007ff8c2d80000 - 0x00007ff8c2daa000 	C:\WINDOWS\SYSTEM32\bcrypt.dll
0x00007ff8c2490000 - 0x00007ff8c249c000 	C:\WINDOWS\SYSTEM32\CRYPTBASE.dll
0x00007ff8c1630000 - 0x00007ff8c1662000 	C:\WINDOWS\SYSTEM32\IPHLPAPI.DLL
0x00007ff8c4ce0000 - 0x00007ff8c4cea000 	C:\WINDOWS\System32\NSI.dll
0x00007ff8bb940000 - 0x00007ff8bb95d000 	C:\WINDOWS\SYSTEM32\dhcpcsvc6.DLL
0x00007ff8bb6f0000 - 0x00007ff8bb715000 	C:\WINDOWS\SYSTEM32\dhcpcsvc.DLL
0x00007ff8c1720000 - 0x00007ff8c1852000 	C:\WINDOWS\SYSTEM32\DNSAPI.dll
0x00007ff8bc9f0000 - 0x00007ff8bc9fb000 	C:\Windows\System32\rasadhlp.dll
0x00007ff8b9890000 - 0x00007ff8b9916000 	C:\WINDOWS\System32\fwpuclnt.dll
0x00007ff8bca40000 - 0x00007ff8bca49000 	C:\Program Files\Microsoft\jdk-17.0.14.7-hotspot\bin\extnet.dll

dbghelp: loaded successfully - version: 4.0.5 - missing functions: none
symbol engine: initialized successfully - sym options: 0x614 - pdb path: .;C:\Program Files\Microsoft\jdk-17.0.14.7-hotspot\bin;C:\WINDOWS\SYSTEM32;C:\WINDOWS\WinSxS\amd64_microsoft.windows.common-controls_6595b64144ccf1df_6.0.26100.8457_none_3e0b2faee331e92d;C:\Program Files\Microsoft\jdk-17.0.14.7-hotspot\bin\server

VM Arguments:
jvm_args: -XX:+ShowCodeDetailsInExceptionMessages 
java_command: com.aulateca.Main
java_class_path (initial): C:\Users\varga\Downloads\aulateca_proyecto\aulateca\target\classes;C:\Users\varga\.m2\repository\org\hibernate\orm\hibernate-core\6.4.4.Final\hibernate-core-6.4.4.Final.jar;C:\Users\varga\.m2\repository\jakarta\transaction\jakarta.transaction-api\2.0.1\jakarta.transaction-api-2.0.1.jar;C:\Users\varga\.m2\repository\org\jboss\logging\jboss-logging\3.5.0.Final\jboss-logging-3.5.0.Final.jar;C:\Users\varga\.m2\repository\org\hibernate\common\hibernate-commons-annotations\6.0.6.Final\hibernate-commons-annotations-6.0.6.Final.jar;C:\Users\varga\.m2\repository\io\smallrye\jandex\3.1.2\jandex-3.1.2.jar;C:\Users\varga\.m2\repository\com\fasterxml\classmate\1.5.1\classmate-1.5.1.jar;C:\Users\varga\.m2\repository\net\bytebuddy\byte-buddy\1.14.11\byte-buddy-1.14.11.jar;C:\Users\varga\.m2\repository\jakarta\xml\bind\jakarta.xml.bind-api\4.0.0\jakarta.xml.bind-api-4.0.0.jar;C:\Users\varga\.m2\repository\jakarta\activation\jakarta.activation-api\2.1.0\jakarta.activation-api-2.1.0.jar;C:\Users\varga\.m2\repository\org\glassfish\jaxb\jaxb-runtime\4.0.2\jaxb-runtime-4.0.2.jar;C:\Users\varga\.m2\repository\org\glassfish\jaxb\jaxb-core\4.0.2\jaxb-core-4.0.2.jar;C:\Users\varga\.m2\repository\org\eclipse\angus\angus-activation\2.0.0\angus-activation-2.0.0.jar;C:\Users\varga\.m2\repository\org\glassfish\jaxb\txw2\4.0.2\txw2-4.0.2.jar;C:\Users\varga\.m2\repository\com\sun\istack\istack-commons-runtime\4.1.1\istack-commons-runtime-4.1.1.jar;C:\Users\varga\.m2\repository\jakarta\inject\jakarta.inject-api\2.0.1\jakarta.inject-api-2.0.1.jar;C:\Users\varga\.m2\repository\org\antlr\antlr4-runtime\4.13.0\antlr4-runtime-4.13.0.jar;C:\Users\varga\.m2\repository\com\mysql\mysql-connector-j\8.3.0\mysql-connector-j-8.3.0.jar;C:\Users\varga\.m2\repository\com\google\protobuf\protobuf-java\3.25.1\protobuf-java-3.25.1.jar;C:\Users\varga\.m2\repository\com\toedter\jcalendar\1.4\jcalendar-1.4.jar;C:\Users\varga\.m2\repository\org\mariadb\jdbc\mariadb-java-client\3.3.3\mariadb-j
Launcher Type: SUN_STANDARD

[Global flags]
     intx CICompilerCount                          = 12                                        {product} {ergonomic}
     uint ConcGCThreads                            = 3                                         {product} {ergonomic}
     uint G1ConcRefinementThreads                  = 13                                        {product} {ergonomic}
   size_t G1HeapRegionSize                         = 2097152                                   {product} {ergonomic}
    uintx GCDrainStackTargetSize                   = 64                                        {product} {ergonomic}
   size_t InitialHeapSize                          = 268435456                                 {product} {ergonomic}
   size_t MarkStackSize                            = 4194304                                   {product} {ergonomic}
   size_t MaxHeapSize                              = 4271898624                                {product} {ergonomic}
   size_t MaxNewSize                               = 2562719744                                {product} {ergonomic}
   size_t MinHeapDeltaBytes                        = 2097152                                   {product} {ergonomic}
   size_t MinHeapSize                              = 8388608                                   {product} {ergonomic}
    uintx NonNMethodCodeHeapSize                   = 7602480                                {pd product} {ergonomic}
    uintx NonProfiledCodeHeapSize                  = 122027880                              {pd product} {ergonomic}
    uintx ProfiledCodeHeapSize                     = 122027880                              {pd product} {ergonomic}
    uintx ReservedCodeCacheSize                    = 251658240                              {pd product} {ergonomic}
     bool SegmentedCodeCache                       = true                                      {product} {ergonomic}
     bool ShowCodeDetailsInExceptionMessages       = true                                   {manageable} {command line}
   size_t SoftMaxHeapSize                          = 4271898624                             {manageable} {ergonomic}
     bool UseCompressedClassPointers               = true                           {product lp64_product} {ergonomic}
     bool UseCompressedOops                        = true                           {product lp64_product} {ergonomic}
     bool UseG1GC                                  = true                                      {product} {ergonomic}
     bool UseLargePagesIndividualAllocation        = false                                  {pd product} {ergonomic}

Logging:
Log output configuration:
 #0: stdout all=warning uptime,level,tags
 #1: stderr all=off uptime,level,tags

Environment Variables:
JAVA_HOME=C:\Program Files\Microsoft\jdk-17.0.14.7-hotspot\
PATH=C:\Program Files\Common Files\Oracle\Java\javapath;C:\Program Files\Microsoft\jdk-17.0.14.7-hotspot\bin;C:\Python313\Scripts\;C:\Python313\;C:\Program Files\Oculus\Support\oculus-runtime;C:\Program Files\NVIDIA GPU Computing Toolkit\CUDA\v11.8\bin;C:\Program Files\NVIDIA GPU Computing Toolkit\CUDA\v11.8\libnvvp;C:\Windows\system32;C:\Windows;C:\Windows\System32\Wbem;C:\Windows\System32\WindowsPowerShell\v1.0\;C:\Windows\System32\OpenSSH\;C:\Program Files (x86)\NVIDIA Corporation\PhysX\Common;C:\Program Files\NVIDIA Corporation\Nsight Compute 2022.3.0\;C:\ffmpeg;C:\Program Files\NVIDIA Corporation\NVIDIA app\NvDLISR;C:\WINDOWS\system32;C:\WINDOWS;C:\WINDOWS\System32\Wbem;C:\WINDOWS\System32\WindowsPowerShell\v1.0\;C:\WINDOWS\System32\OpenSSH\;C:\Program Files\Git\cmd;C:\Program Files\nodejs\;C:\ProgramData\chocolatey\bin;C:\Program Files\AutoFirma\AutoFirma;C:\Users\varga\AppData\Local\Android\Sdk\platform-tools;C:\Program Files\dotnet\;C:\Program Files (x86)\Bluetooth Command Line Tools\bin;C:\Program Files\MySQL\MySQL Shell 8.0\bin\;C:\Users\varga\AppData\Local\Microsoft\WindowsApps;C:\Users\varga\AppData\Local\Programs\Microsoft VS Code\bin;C:\Users\varga\AppData\Local\GitHubDesktop\bin;C:\Users\varga\AppData\Local\Programs\cursor\resources\app\bin;C:\Users\varga\AppData\Local\gitkraken\bin;C:\Users\varga\AppData\Roaming\npm;C:\Users\varga\AppData\Local\Android\Sdk\platform-tools;C:\Users\varga\AppData\Local\Android\Sdk\emulator;c:\Users\varga\.cursor\extensions\vscjava.vscode-java-debug-0.59.0-universal\bundled\scripts\noConfigScripts
USERNAME=varga
LANG=en_US.UTF-8
OS=Windows_NT
PROCESSOR_IDENTIFIER=AMD64 Family 25 Model 33 Stepping 2, AuthenticAMD
TMP=C:\Users\varga\AppData\Local\Temp
TEMP=C:\Users\varga\AppData\Local\Temp



Periodic native trim disabled


---------------  S Y S T E M  ---------------

OS:
 Windows 11 , 64 bit Build 26100 (10.0.26100.8328)
OS uptime: 0 days 17:05 hours

CPU: total 16 (initial active 16) (16 cores per cpu, 2 threads per core) family 25 model 33 stepping 2 microcode 0xa201213, cx8, cmov, fxsr, ht, mmx, 3dnowpref, sse, sse2, sse3, ssse3, sse4a, sse4.1, sse4.2, popcnt, lzcnt, tsc, tscinvbit, avx, avx2, aes, erms, clmul, bmi1, bmi2, adx, sha, fma, vzeroupper, clflush, clflushopt
Processor Information for the first 16 processors :
  Max Mhz: 3801, Current Mhz: 3801, Mhz Limit: 3801

Memory: 4k page, system-wide physical 16295M (5003M free)
TotalPageFile size 18343M (AvailPageFile size 198M)
current process WorkingSet (physical memory assigned to process): 138M, peak: 138M
current process commit charge ("private bytes"): 274M, peak: 407M

vm_info: OpenJDK 64-Bit Server VM (17.0.14+7-LTS) for windows-amd64 JRE (17.0.14+7-LTS), built on Jan  8 2025 23:39:28 by "MicrosoftCorporation" with unknown MS VC++:1939

END.
