#
# There is insufficient memory for the Java Runtime Environment to continue.
# Native memory allocation (malloc) failed to allocate 1165136 bytes. Error detail: Chunk::new
# Possible reasons:
#   The system is out of physical RAM or swap space
#   This process is running with CompressedOops enabled, and the Java Heap may be blocking the growth of the native heap
# Possible solutions:
#   Reduce memory load on the system
#   Increase physical memory or swap space
#   Check if swap backing store is full
#   Decrease Java heap size (-Xmx/-Xms)
#   Decrease number of Java threads
#   Decrease Java thread stack sizes (-Xss)
#   Set larger code cache with -XX:ReservedCodeCacheSize=
#   JVM is running with Zero Based Compressed Oops mode in which the Java heap is
#     placed in the first 32GB address space. The Java Heap base address is the
#     maximum limit for the native heap growth. Please use -XX:HeapBaseMinAddress
#     to set the Java Heap base and to place the Java Heap above 32GB virtual address.
# This output file may be truncated or incomplete.
#
#  Out of Memory Error (arena.cpp:191), pid=24820, tid=18924
#
# JRE version: OpenJDK Runtime Environment Microsoft-10800295 (17.0.14+7) (build 17.0.14+7-LTS)
# Java VM: OpenJDK 64-Bit Server VM Microsoft-10800295 (17.0.14+7-LTS, mixed mode, sharing, tiered, compressed oops, compressed class ptrs, g1 gc, windows-amd64)
# No core dump will be written. Minidumps are not enabled by default on client versions of Windows
#

---------------  S U M M A R Y ------------

Command Line: -XX:+ShowCodeDetailsInExceptionMessages com.aulateca.Main

Host: AMD Ryzen 7 5800X 8-Core Processor             , 16 cores, 15G,  Windows 11 , 64 bit Build 26100 (10.0.26100.8328)
Time: Sun Jun  7 21:14:55 2026 Hora de verano GMT elapsed time: 5.638681 seconds (0d 0h 0m 5s)

---------------  T H R E A D  ---------------

Current thread (0x0000029a509a6000):  JavaThread "C2 CompilerThread0" daemon [_thread_in_native, id=18924, stack(0x000000d440600000,0x000000d440700000)]


Current CompileTask:
C2:   5638 1327   !   4       jdk.internal.loader.URLClassPath$JarLoader::getResource (65 bytes)

Stack: [0x000000d440600000,0x000000d440700000]
Native frames: (J=compiled Java code, j=interpreted, Vv=VM code, C=native code)
V  [jvm.dll+0x6886b9]
V  [jvm.dll+0x83f6f8]
V  [jvm.dll+0x8411a3]
V  [jvm.dll+0x841813]
V  [jvm.dll+0x2495cf]
V  [jvm.dll+0xad0d4]
V  [jvm.dll+0xad76c]
V  [jvm.dll+0x36ae0e]
V  [jvm.dll+0x335403]
V  [jvm.dll+0x33489a]
V  [jvm.dll+0x21a7e8]
V  [jvm.dll+0x219c1f]
V  [jvm.dll+0x1a5596]
V  [jvm.dll+0x22a27a]
V  [jvm.dll+0x2283bb]
V  [jvm.dll+0x7f4f48]
V  [jvm.dll+0x7ef2ac]
V  [jvm.dll+0x687597]
C  [ucrtbase.dll+0x37b0]
C  [KERNEL32.DLL+0x2e957]
C  [ntdll.dll+0x427c]


---------------  P R O C E S S  ---------------

Threads class SMR info:
_java_thread_list=0x0000029a9ade16d0, length=19, elements={
0x0000029a2bb8e040, 0x0000029a50978e30, 0x0000029a5097dc20, 0x0000029a50995730,
0x0000029a50996000, 0x0000029a509988e0, 0x0000029a509991b0, 0x0000029a509a6000,
0x0000029a509a69c0, 0x0000029a509b02f0, 0x0000029a51721490, 0x0000029a5173b800,
0x0000029a51740dc0, 0x0000029a971dc070, 0x0000029a971e5a70, 0x0000029a9a835860,
0x0000029a9aa27bf0, 0x0000029a9ac1c6d0, 0x0000029a9a928370
}

Java Threads: ( => current thread )
  0x0000029a2bb8e040 JavaThread "main" [_thread_in_native, id=8540, stack(0x000000d43f900000,0x000000d43fa00000)]
  0x0000029a50978e30 JavaThread "Reference Handler" daemon [_thread_blocked, id=11212, stack(0x000000d440000000,0x000000d440100000)]
  0x0000029a5097dc20 JavaThread "Finalizer" daemon [_thread_blocked, id=18524, stack(0x000000d440100000,0x000000d440200000)]
  0x0000029a50995730 JavaThread "Signal Dispatcher" daemon [_thread_blocked, id=21996, stack(0x000000d440200000,0x000000d440300000)]
  0x0000029a50996000 JavaThread "Attach Listener" daemon [_thread_blocked, id=15792, stack(0x000000d440300000,0x000000d440400000)]
  0x0000029a509988e0 JavaThread "Service Thread" daemon [_thread_blocked, id=10752, stack(0x000000d440400000,0x000000d440500000)]
  0x0000029a509991b0 JavaThread "Monitor Deflation Thread" daemon [_thread_blocked, id=3504, stack(0x000000d440500000,0x000000d440600000)]
=>0x0000029a509a6000 JavaThread "C2 CompilerThread0" daemon [_thread_in_native, id=18924, stack(0x000000d440600000,0x000000d440700000)]
  0x0000029a509a69c0 JavaThread "C1 CompilerThread0" daemon [_thread_blocked, id=3204, stack(0x000000d440700000,0x000000d440800000)]
  0x0000029a509b02f0 JavaThread "Sweeper thread" daemon [_thread_blocked, id=13124, stack(0x000000d440800000,0x000000d440900000)]
  0x0000029a51721490 JavaThread "C1 CompilerThread1" daemon [_thread_blocked, id=19288, stack(0x000000d440900000,0x000000d440a00000)]
  0x0000029a5173b800 JavaThread "Notification Thread" daemon [_thread_blocked, id=18636, stack(0x000000d440b00000,0x000000d440c00000)]
  0x0000029a51740dc0 JavaThread "Common-Cleaner" daemon [_thread_blocked, id=18032, stack(0x000000d440d00000,0x000000d440e00000)]
  0x0000029a971dc070 JavaThread "Java2D Disposer" daemon [_thread_blocked, id=15872, stack(0x000000d440f00000,0x000000d441000000)]
  0x0000029a971e5a70 JavaThread "AWT-Windows" daemon [_thread_in_native, id=27400, stack(0x000000d441100000,0x000000d441200000)]
  0x0000029a9a835860 JavaThread "C1 CompilerThread2" daemon [_thread_blocked, id=9032, stack(0x000000d440a00000,0x000000d440b00000)]
  0x0000029a9aa27bf0 JavaThread "C2 CompilerThread1" daemon [_thread_in_native, id=26388, stack(0x000000d441a00000,0x000000d441b00000)]
  0x0000029a9ac1c6d0 JavaThread "C2 CompilerThread2" daemon [_thread_in_native, id=3612, stack(0x000000d441b00000,0x000000d441c00000)]
  0x0000029a9a928370 JavaThread "C2 CompilerThread3" daemon [_thread_in_native, id=25364, stack(0x000000d441c00000,0x000000d441d00000)]

Other Threads:
  0x0000029a509739e0 VMThread "VM Thread" [stack: 0x000000d43ff00000,0x000000d440000000] [id=11776]
  0x0000029a5173cd10 WatcherThread [stack: 0x000000d440c00000,0x000000d440d00000] [id=26408]
  0x0000029a2bbfe5c0 GCTaskThread "GC Thread#0" [stack: 0x000000d43fa00000,0x000000d43fb00000] [id=23940]
  0x0000029a9a859030 GCTaskThread "GC Thread#1" [stack: 0x000000d440e00000,0x000000d440f00000] [id=1428]
  0x0000029a9a8592f0 GCTaskThread "GC Thread#2" [stack: 0x000000d441000000,0x000000d441100000] [id=20016]
  0x0000029a9a8595b0 GCTaskThread "GC Thread#3" [stack: 0x000000d441200000,0x000000d441300000] [id=25744]
  0x0000029a9a859870 GCTaskThread "GC Thread#4" [stack: 0x000000d441300000,0x000000d441400000] [id=2508]
  0x0000029a9a859b30 GCTaskThread "GC Thread#5" [stack: 0x000000d441400000,0x000000d441500000] [id=14460]
  0x0000029a9a8b4310 GCTaskThread "GC Thread#6" [stack: 0x000000d441500000,0x000000d441600000] [id=4056]
  0x0000029a9a8b6600 GCTaskThread "GC Thread#7" [stack: 0x000000d441600000,0x000000d441700000] [id=8968]
  0x0000029a9a8b6ed0 GCTaskThread "GC Thread#8" [stack: 0x000000d441700000,0x000000d441800000] [id=25352]
  0x0000029a9a8b79b0 GCTaskThread "GC Thread#9" [stack: 0x000000d441800000,0x000000d441900000] [id=12376]
  0x0000029a9a8b9410 GCTaskThread "GC Thread#10" [stack: 0x000000d441900000,0x000000d441a00000] [id=17324]
  0x0000029a2bc0ff80 ConcurrentGCThread "G1 Main Marker" [stack: 0x000000d43fb00000,0x000000d43fc00000] [id=23920]
  0x0000029a2bc11f00 ConcurrentGCThread "G1 Conc#0" [stack: 0x000000d43fc00000,0x000000d43fd00000] [id=5668]
  0x0000029a2bc3e710 ConcurrentGCThread "G1 Refine#0" [stack: 0x000000d43fd00000,0x000000d43fe00000] [id=16264]
  0x0000029a508a2030 ConcurrentGCThread "G1 Service" [stack: 0x000000d43fe00000,0x000000d43ff00000] [id=26556]

Threads with active compile tasks:
C2 CompilerThread0     5657 1327   !   4       jdk.internal.loader.URLClassPath$JarLoader::getResource (65 bytes)
C1 CompilerThread1     5657 1529       3       java.util.IdentityHashMap$IdentityHashMapIterator::<init> (63 bytes)
C1 CompilerThread2     5658 1528       3       org.jboss.jandex.GenericSignatureParser::parseClassTypeSignature (184 bytes)
C2 CompilerThread1     5658 1530       4       org.jboss.jandex.Type::internHashCode (23 bytes)
C2 CompilerThread2     5658 1526       4       org.jboss.jandex.Indexer::parseType (230 bytes)

VM state: not at safepoint (normal execution)

VM Mutex/Monitor currently owned by a thread: None

Heap address: 0x0000000701600000, size: 4074 MB, Compressed Oops mode: Zero based, Oop shift amount: 3

CDS archive(s) mapped at: [0x0000029a52000000-0x0000029a52bb0000-0x0000029a52bb0000), size 12255232, SharedBaseAddress: 0x0000029a52000000, ArchiveRelocationMode: 1.
Compressed class space mapped at: 0x0000029a53000000-0x0000029a93000000, reserved size: 1073741824
Narrow klass base: 0x0000029a52000000, Narrow klass shift: 0, Narrow klass range: 0x100000000

GC Precious Log:
 CPUs: 16 total, 16 available
 Memory: 16295M
 Large Page Support: Disabled
 NUMA Support: Disabled
 Compressed Oops: Enabled (Zero based)
 Heap Region Size: 2M
 Heap Min Capacity: 8M
 Heap Initial Capacity: 256M
 Heap Max Capacity: 4074M
 Pre-touch: Disabled
 Parallel Workers: 13
 Concurrent Workers: 3
 Concurrent Refinement Workers: 13
 Periodic GC: Disabled

Heap:
 garbage-first heap   total 262144K, used 13708K [0x0000000701600000, 0x0000000800000000)
  region size 2048K, 7 young (14336K), 2 survivors (4096K)
 Metaspace       used 13590K, committed 13824K, reserved 1114112K
  class space    used 1546K, committed 1664K, reserved 1048576K

Heap Regions: E=young(eden), S=young(survivor), O=old, HS=humongous(starts), HC=humongous(continues), CS=collection set, F=free, OA=open archive, CA=closed archive, TAMS=top-at-mark-start (previous, next)
|   0|0x0000000701600000, 0x0000000701763200, 0x0000000701800000| 69%| O|  |TAMS 0x0000000701600000, 0x0000000701600000| Untracked 
|   1|0x0000000701800000, 0x0000000701800000, 0x0000000701a00000|  0%| F|  |TAMS 0x0000000701800000, 0x0000000701800000| Untracked 
|   2|0x0000000701a00000, 0x0000000701a00000, 0x0000000701c00000|  0%| F|  |TAMS 0x0000000701a00000, 0x0000000701a00000| Untracked 
|   3|0x0000000701c00000, 0x0000000701c00000, 0x0000000701e00000|  0%| F|  |TAMS 0x0000000701c00000, 0x0000000701c00000| Untracked 
|   4|0x0000000701e00000, 0x0000000701e00000, 0x0000000702000000|  0%| F|  |TAMS 0x0000000701e00000, 0x0000000701e00000| Untracked 
|   5|0x0000000702000000, 0x0000000702000000, 0x0000000702200000|  0%| F|  |TAMS 0x0000000702000000, 0x0000000702000000| Untracked 
|   6|0x0000000702200000, 0x0000000702200000, 0x0000000702400000|  0%| F|  |TAMS 0x0000000702200000, 0x0000000702200000| Untracked 
|   7|0x0000000702400000, 0x0000000702400000, 0x0000000702600000|  0%| F|  |TAMS 0x0000000702400000, 0x0000000702400000| Untracked 
|   8|0x0000000702600000, 0x0000000702600000, 0x0000000702800000|  0%| F|  |TAMS 0x0000000702600000, 0x0000000702600000| Untracked 
|   9|0x0000000702800000, 0x0000000702800000, 0x0000000702a00000|  0%| F|  |TAMS 0x0000000702800000, 0x0000000702800000| Untracked 
|  10|0x0000000702a00000, 0x0000000702a00000, 0x0000000702c00000|  0%| F|  |TAMS 0x0000000702a00000, 0x0000000702a00000| Untracked 
|  11|0x0000000702c00000, 0x0000000702c00000, 0x0000000702e00000|  0%| F|  |TAMS 0x0000000702c00000, 0x0000000702c00000| Untracked 
|  12|0x0000000702e00000, 0x0000000702e00000, 0x0000000703000000|  0%| F|  |TAMS 0x0000000702e00000, 0x0000000702e00000| Untracked 
|  13|0x0000000703000000, 0x0000000703000000, 0x0000000703200000|  0%| F|  |TAMS 0x0000000703000000, 0x0000000703000000| Untracked 
|  14|0x0000000703200000, 0x0000000703200000, 0x0000000703400000|  0%| F|  |TAMS 0x0000000703200000, 0x0000000703200000| Untracked 
|  15|0x0000000703400000, 0x0000000703400000, 0x0000000703600000|  0%| F|  |TAMS 0x0000000703400000, 0x0000000703400000| Untracked 
|  16|0x0000000703600000, 0x0000000703600000, 0x0000000703800000|  0%| F|  |TAMS 0x0000000703600000, 0x0000000703600000| Untracked 
|  17|0x0000000703800000, 0x0000000703800000, 0x0000000703a00000|  0%| F|  |TAMS 0x0000000703800000, 0x0000000703800000| Untracked 
|  18|0x0000000703a00000, 0x0000000703a00000, 0x0000000703c00000|  0%| F|  |TAMS 0x0000000703a00000, 0x0000000703a00000| Untracked 
|  19|0x0000000703c00000, 0x0000000703c00000, 0x0000000703e00000|  0%| F|  |TAMS 0x0000000703c00000, 0x0000000703c00000| Untracked 
|  20|0x0000000703e00000, 0x0000000703e00000, 0x0000000704000000|  0%| F|  |TAMS 0x0000000703e00000, 0x0000000703e00000| Untracked 
|  21|0x0000000704000000, 0x0000000704000000, 0x0000000704200000|  0%| F|  |TAMS 0x0000000704000000, 0x0000000704000000| Untracked 
|  22|0x0000000704200000, 0x0000000704200000, 0x0000000704400000|  0%| F|  |TAMS 0x0000000704200000, 0x0000000704200000| Untracked 
|  23|0x0000000704400000, 0x0000000704400000, 0x0000000704600000|  0%| F|  |TAMS 0x0000000704400000, 0x0000000704400000| Untracked 
|  24|0x0000000704600000, 0x0000000704600000, 0x0000000704800000|  0%| F|  |TAMS 0x0000000704600000, 0x0000000704600000| Untracked 
|  25|0x0000000704800000, 0x0000000704800000, 0x0000000704a00000|  0%| F|  |TAMS 0x0000000704800000, 0x0000000704800000| Untracked 
|  26|0x0000000704a00000, 0x0000000704a00000, 0x0000000704c00000|  0%| F|  |TAMS 0x0000000704a00000, 0x0000000704a00000| Untracked 
|  27|0x0000000704c00000, 0x0000000704c00000, 0x0000000704e00000|  0%| F|  |TAMS 0x0000000704c00000, 0x0000000704c00000| Untracked 
|  28|0x0000000704e00000, 0x0000000704e00000, 0x0000000705000000|  0%| F|  |TAMS 0x0000000704e00000, 0x0000000704e00000| Untracked 
|  29|0x0000000705000000, 0x0000000705000000, 0x0000000705200000|  0%| F|  |TAMS 0x0000000705000000, 0x0000000705000000| Untracked 
|  30|0x0000000705200000, 0x0000000705200000, 0x0000000705400000|  0%| F|  |TAMS 0x0000000705200000, 0x0000000705200000| Untracked 
|  31|0x0000000705400000, 0x0000000705400000, 0x0000000705600000|  0%| F|  |TAMS 0x0000000705400000, 0x0000000705400000| Untracked 
|  32|0x0000000705600000, 0x0000000705600000, 0x0000000705800000|  0%| F|  |TAMS 0x0000000705600000, 0x0000000705600000| Untracked 
|  33|0x0000000705800000, 0x0000000705800000, 0x0000000705a00000|  0%| F|  |TAMS 0x0000000705800000, 0x0000000705800000| Untracked 
|  34|0x0000000705a00000, 0x0000000705a00000, 0x0000000705c00000|  0%| F|  |TAMS 0x0000000705a00000, 0x0000000705a00000| Untracked 
|  35|0x0000000705c00000, 0x0000000705c00000, 0x0000000705e00000|  0%| F|  |TAMS 0x0000000705c00000, 0x0000000705c00000| Untracked 
|  36|0x0000000705e00000, 0x0000000705e00000, 0x0000000706000000|  0%| F|  |TAMS 0x0000000705e00000, 0x0000000705e00000| Untracked 
|  37|0x0000000706000000, 0x0000000706000000, 0x0000000706200000|  0%| F|  |TAMS 0x0000000706000000, 0x0000000706000000| Untracked 
|  38|0x0000000706200000, 0x0000000706200000, 0x0000000706400000|  0%| F|  |TAMS 0x0000000706200000, 0x0000000706200000| Untracked 
|  39|0x0000000706400000, 0x0000000706400000, 0x0000000706600000|  0%| F|  |TAMS 0x0000000706400000, 0x0000000706400000| Untracked 
|  40|0x0000000706600000, 0x0000000706600000, 0x0000000706800000|  0%| F|  |TAMS 0x0000000706600000, 0x0000000706600000| Untracked 
|  41|0x0000000706800000, 0x0000000706800000, 0x0000000706a00000|  0%| F|  |TAMS 0x0000000706800000, 0x0000000706800000| Untracked 
|  42|0x0000000706a00000, 0x0000000706a00000, 0x0000000706c00000|  0%| F|  |TAMS 0x0000000706a00000, 0x0000000706a00000| Untracked 
|  43|0x0000000706c00000, 0x0000000706c00000, 0x0000000706e00000|  0%| F|  |TAMS 0x0000000706c00000, 0x0000000706c00000| Untracked 
|  44|0x0000000706e00000, 0x0000000706e00000, 0x0000000707000000|  0%| F|  |TAMS 0x0000000706e00000, 0x0000000706e00000| Untracked 
|  45|0x0000000707000000, 0x0000000707000000, 0x0000000707200000|  0%| F|  |TAMS 0x0000000707000000, 0x0000000707000000| Untracked 
|  46|0x0000000707200000, 0x0000000707200000, 0x0000000707400000|  0%| F|  |TAMS 0x0000000707200000, 0x0000000707200000| Untracked 
|  47|0x0000000707400000, 0x0000000707400000, 0x0000000707600000|  0%| F|  |TAMS 0x0000000707400000, 0x0000000707400000| Untracked 
|  48|0x0000000707600000, 0x0000000707600000, 0x0000000707800000|  0%| F|  |TAMS 0x0000000707600000, 0x0000000707600000| Untracked 
|  49|0x0000000707800000, 0x0000000707800000, 0x0000000707a00000|  0%| F|  |TAMS 0x0000000707800000, 0x0000000707800000| Untracked 
|  50|0x0000000707a00000, 0x0000000707a00000, 0x0000000707c00000|  0%| F|  |TAMS 0x0000000707a00000, 0x0000000707a00000| Untracked 
|  51|0x0000000707c00000, 0x0000000707c00000, 0x0000000707e00000|  0%| F|  |TAMS 0x0000000707c00000, 0x0000000707c00000| Untracked 
|  52|0x0000000707e00000, 0x0000000707e00000, 0x0000000708000000|  0%| F|  |TAMS 0x0000000707e00000, 0x0000000707e00000| Untracked 
|  53|0x0000000708000000, 0x0000000708000000, 0x0000000708200000|  0%| F|  |TAMS 0x0000000708000000, 0x0000000708000000| Untracked 
|  54|0x0000000708200000, 0x0000000708200000, 0x0000000708400000|  0%| F|  |TAMS 0x0000000708200000, 0x0000000708200000| Untracked 
|  55|0x0000000708400000, 0x0000000708400000, 0x0000000708600000|  0%| F|  |TAMS 0x0000000708400000, 0x0000000708400000| Untracked 
|  56|0x0000000708600000, 0x0000000708600000, 0x0000000708800000|  0%| F|  |TAMS 0x0000000708600000, 0x0000000708600000| Untracked 
|  57|0x0000000708800000, 0x0000000708800000, 0x0000000708a00000|  0%| F|  |TAMS 0x0000000708800000, 0x0000000708800000| Untracked 
|  58|0x0000000708a00000, 0x0000000708a00000, 0x0000000708c00000|  0%| F|  |TAMS 0x0000000708a00000, 0x0000000708a00000| Untracked 
|  59|0x0000000708c00000, 0x0000000708c00000, 0x0000000708e00000|  0%| F|  |TAMS 0x0000000708c00000, 0x0000000708c00000| Untracked 
|  60|0x0000000708e00000, 0x0000000708e00000, 0x0000000709000000|  0%| F|  |TAMS 0x0000000708e00000, 0x0000000708e00000| Untracked 
|  61|0x0000000709000000, 0x0000000709000000, 0x0000000709200000|  0%| F|  |TAMS 0x0000000709000000, 0x0000000709000000| Untracked 
|  62|0x0000000709200000, 0x0000000709200000, 0x0000000709400000|  0%| F|  |TAMS 0x0000000709200000, 0x0000000709200000| Untracked 
|  63|0x0000000709400000, 0x0000000709400000, 0x0000000709600000|  0%| F|  |TAMS 0x0000000709400000, 0x0000000709400000| Untracked 
|  64|0x0000000709600000, 0x0000000709600000, 0x0000000709800000|  0%| F|  |TAMS 0x0000000709600000, 0x0000000709600000| Untracked 
|  65|0x0000000709800000, 0x0000000709800000, 0x0000000709a00000|  0%| F|  |TAMS 0x0000000709800000, 0x0000000709800000| Untracked 
|  66|0x0000000709a00000, 0x0000000709a00000, 0x0000000709c00000|  0%| F|  |TAMS 0x0000000709a00000, 0x0000000709a00000| Untracked 
|  67|0x0000000709c00000, 0x0000000709c00000, 0x0000000709e00000|  0%| F|  |TAMS 0x0000000709c00000, 0x0000000709c00000| Untracked 
|  68|0x0000000709e00000, 0x0000000709e00000, 0x000000070a000000|  0%| F|  |TAMS 0x0000000709e00000, 0x0000000709e00000| Untracked 
|  69|0x000000070a000000, 0x000000070a000000, 0x000000070a200000|  0%| F|  |TAMS 0x000000070a000000, 0x000000070a000000| Untracked 
|  70|0x000000070a200000, 0x000000070a200000, 0x000000070a400000|  0%| F|  |TAMS 0x000000070a200000, 0x000000070a200000| Untracked 
|  71|0x000000070a400000, 0x000000070a400000, 0x000000070a600000|  0%| F|  |TAMS 0x000000070a400000, 0x000000070a400000| Untracked 
|  72|0x000000070a600000, 0x000000070a600000, 0x000000070a800000|  0%| F|  |TAMS 0x000000070a600000, 0x000000070a600000| Untracked 
|  73|0x000000070a800000, 0x000000070a800000, 0x000000070aa00000|  0%| F|  |TAMS 0x000000070a800000, 0x000000070a800000| Untracked 
|  74|0x000000070aa00000, 0x000000070aa00000, 0x000000070ac00000|  0%| F|  |TAMS 0x000000070aa00000, 0x000000070aa00000| Untracked 
|  75|0x000000070ac00000, 0x000000070ac00000, 0x000000070ae00000|  0%| F|  |TAMS 0x000000070ac00000, 0x000000070ac00000| Untracked 
|  76|0x000000070ae00000, 0x000000070ae00000, 0x000000070b000000|  0%| F|  |TAMS 0x000000070ae00000, 0x000000070ae00000| Untracked 
|  77|0x000000070b000000, 0x000000070b000000, 0x000000070b200000|  0%| F|  |TAMS 0x000000070b000000, 0x000000070b000000| Untracked 
|  78|0x000000070b200000, 0x000000070b200000, 0x000000070b400000|  0%| F|  |TAMS 0x000000070b200000, 0x000000070b200000| Untracked 
|  79|0x000000070b400000, 0x000000070b400000, 0x000000070b600000|  0%| F|  |TAMS 0x000000070b400000, 0x000000070b400000| Untracked 
|  80|0x000000070b600000, 0x000000070b600000, 0x000000070b800000|  0%| F|  |TAMS 0x000000070b600000, 0x000000070b600000| Untracked 
|  81|0x000000070b800000, 0x000000070b800000, 0x000000070ba00000|  0%| F|  |TAMS 0x000000070b800000, 0x000000070b800000| Untracked 
|  82|0x000000070ba00000, 0x000000070ba00000, 0x000000070bc00000|  0%| F|  |TAMS 0x000000070ba00000, 0x000000070ba00000| Untracked 
|  83|0x000000070bc00000, 0x000000070bc00000, 0x000000070be00000|  0%| F|  |TAMS 0x000000070bc00000, 0x000000070bc00000| Untracked 
|  84|0x000000070be00000, 0x000000070be00000, 0x000000070c000000|  0%| F|  |TAMS 0x000000070be00000, 0x000000070be00000| Untracked 
|  85|0x000000070c000000, 0x000000070c000000, 0x000000070c200000|  0%| F|  |TAMS 0x000000070c000000, 0x000000070c000000| Untracked 
|  86|0x000000070c200000, 0x000000070c200000, 0x000000070c400000|  0%| F|  |TAMS 0x000000070c200000, 0x000000070c200000| Untracked 
|  87|0x000000070c400000, 0x000000070c400000, 0x000000070c600000|  0%| F|  |TAMS 0x000000070c400000, 0x000000070c400000| Untracked 
|  88|0x000000070c600000, 0x000000070c600000, 0x000000070c800000|  0%| F|  |TAMS 0x000000070c600000, 0x000000070c600000| Untracked 
|  89|0x000000070c800000, 0x000000070c800000, 0x000000070ca00000|  0%| F|  |TAMS 0x000000070c800000, 0x000000070c800000| Untracked 
|  90|0x000000070ca00000, 0x000000070ca00000, 0x000000070cc00000|  0%| F|  |TAMS 0x000000070ca00000, 0x000000070ca00000| Untracked 
|  91|0x000000070cc00000, 0x000000070cc00000, 0x000000070ce00000|  0%| F|  |TAMS 0x000000070cc00000, 0x000000070cc00000| Untracked 
|  92|0x000000070ce00000, 0x000000070ce00000, 0x000000070d000000|  0%| F|  |TAMS 0x000000070ce00000, 0x000000070ce00000| Untracked 
|  93|0x000000070d000000, 0x000000070d000000, 0x000000070d200000|  0%| F|  |TAMS 0x000000070d000000, 0x000000070d000000| Untracked 
|  94|0x000000070d200000, 0x000000070d200000, 0x000000070d400000|  0%| F|  |TAMS 0x000000070d200000, 0x000000070d200000| Untracked 
|  95|0x000000070d400000, 0x000000070d400000, 0x000000070d600000|  0%| F|  |TAMS 0x000000070d400000, 0x000000070d400000| Untracked 
|  96|0x000000070d600000, 0x000000070d600000, 0x000000070d800000|  0%| F|  |TAMS 0x000000070d600000, 0x000000070d600000| Untracked 
|  97|0x000000070d800000, 0x000000070d800000, 0x000000070da00000|  0%| F|  |TAMS 0x000000070d800000, 0x000000070d800000| Untracked 
|  98|0x000000070da00000, 0x000000070da00000, 0x000000070dc00000|  0%| F|  |TAMS 0x000000070da00000, 0x000000070da00000| Untracked 
|  99|0x000000070dc00000, 0x000000070dc00000, 0x000000070de00000|  0%| F|  |TAMS 0x000000070dc00000, 0x000000070dc00000| Untracked 
| 100|0x000000070de00000, 0x000000070de00000, 0x000000070e000000|  0%| F|  |TAMS 0x000000070de00000, 0x000000070de00000| Untracked 
| 101|0x000000070e000000, 0x000000070e000000, 0x000000070e200000|  0%| F|  |TAMS 0x000000070e000000, 0x000000070e000000| Untracked 
| 102|0x000000070e200000, 0x000000070e200000, 0x000000070e400000|  0%| F|  |TAMS 0x000000070e200000, 0x000000070e200000| Untracked 
| 103|0x000000070e400000, 0x000000070e400000, 0x000000070e600000|  0%| F|  |TAMS 0x000000070e400000, 0x000000070e400000| Untracked 
| 104|0x000000070e600000, 0x000000070e600000, 0x000000070e800000|  0%| F|  |TAMS 0x000000070e600000, 0x000000070e600000| Untracked 
| 105|0x000000070e800000, 0x000000070e800000, 0x000000070ea00000|  0%| F|  |TAMS 0x000000070e800000, 0x000000070e800000| Untracked 
| 106|0x000000070ea00000, 0x000000070ea00000, 0x000000070ec00000|  0%| F|  |TAMS 0x000000070ea00000, 0x000000070ea00000| Untracked 
| 107|0x000000070ec00000, 0x000000070ec00000, 0x000000070ee00000|  0%| F|  |TAMS 0x000000070ec00000, 0x000000070ec00000| Untracked 
| 108|0x000000070ee00000, 0x000000070ee00000, 0x000000070f000000|  0%| F|  |TAMS 0x000000070ee00000, 0x000000070ee00000| Untracked 
| 109|0x000000070f000000, 0x000000070f000000, 0x000000070f200000|  0%| F|  |TAMS 0x000000070f000000, 0x000000070f000000| Untracked 
| 110|0x000000070f200000, 0x000000070f200000, 0x000000070f400000|  0%| F|  |TAMS 0x000000070f200000, 0x000000070f200000| Untracked 
| 111|0x000000070f400000, 0x000000070f400000, 0x000000070f600000|  0%| F|  |TAMS 0x000000070f400000, 0x000000070f400000| Untracked 
| 112|0x000000070f600000, 0x000000070f600000, 0x000000070f800000|  0%| F|  |TAMS 0x000000070f600000, 0x000000070f600000| Untracked 
| 113|0x000000070f800000, 0x000000070f800000, 0x000000070fa00000|  0%| F|  |TAMS 0x000000070f800000, 0x000000070f800000| Untracked 
| 114|0x000000070fa00000, 0x000000070fa00000, 0x000000070fc00000|  0%| F|  |TAMS 0x000000070fa00000, 0x000000070fa00000| Untracked 
| 115|0x000000070fc00000, 0x000000070fe00000, 0x000000070fe00000|100%| S|CS|TAMS 0x000000070fc00000, 0x000000070fc00000| Complete 
| 116|0x000000070fe00000, 0x0000000710000000, 0x0000000710000000|100%| S|CS|TAMS 0x000000070fe00000, 0x000000070fe00000| Complete 
| 117|0x0000000710000000, 0x0000000710000000, 0x0000000710200000|  0%| F|  |TAMS 0x0000000710000000, 0x0000000710000000| Untracked 
| 118|0x0000000710200000, 0x0000000710200000, 0x0000000710400000|  0%| F|  |TAMS 0x0000000710200000, 0x0000000710200000| Untracked 
| 119|0x0000000710400000, 0x0000000710400000, 0x0000000710600000|  0%| F|  |TAMS 0x0000000710400000, 0x0000000710400000| Untracked 
| 120|0x0000000710600000, 0x0000000710600000, 0x0000000710800000|  0%| F|  |TAMS 0x0000000710600000, 0x0000000710600000| Untracked 
| 121|0x0000000710800000, 0x0000000710800000, 0x0000000710a00000|  0%| F|  |TAMS 0x0000000710800000, 0x0000000710800000| Untracked 
| 122|0x0000000710a00000, 0x0000000710a00000, 0x0000000710c00000|  0%| F|  |TAMS 0x0000000710a00000, 0x0000000710a00000| Untracked 
| 123|0x0000000710c00000, 0x0000000710e00000, 0x0000000710e00000|100%| E|  |TAMS 0x0000000710c00000, 0x0000000710c00000| Complete 
| 124|0x0000000710e00000, 0x0000000711000000, 0x0000000711000000|100%| E|CS|TAMS 0x0000000710e00000, 0x0000000710e00000| Complete 
| 125|0x0000000711000000, 0x0000000711200000, 0x0000000711200000|100%| E|CS|TAMS 0x0000000711000000, 0x0000000711000000| Complete 
| 126|0x0000000711200000, 0x0000000711400000, 0x0000000711400000|100%| E|CS|TAMS 0x0000000711200000, 0x0000000711200000| Complete 
| 127|0x0000000711400000, 0x0000000711600000, 0x0000000711600000|100%| E|CS|TAMS 0x0000000711400000, 0x0000000711400000| Complete 

Card table byte_map: [0x0000029a45580000,0x0000029a45d80000] _byte_map_base: 0x0000029a41d75000

Marking Bits (Prev, Next): (CMBitMap*) 0x0000029a2bbfeaf0, (CMBitMap*) 0x0000029a2bbfeb30
 Prev Bits: [0x0000029a46580000, 0x0000029a4a528000)
 Next Bits: [0x0000029a4a530000, 0x0000029a4e4d8000)

Polling page: 0x0000029a2b8b0000

Metaspace:

Usage:
  Non-class:     11.77 MB used.
      Class:      1.51 MB used.
       Both:     13.28 MB used.

Virtual space:
  Non-class space:       64.00 MB reserved,      11.88 MB ( 19%) committed,  1 nodes.
      Class space:        1.00 GB reserved,       1.62 MB ( <1%) committed,  1 nodes.
             Both:        1.06 GB reserved,      13.50 MB (  1%) committed. 

Chunk freelists:
   Non-Class:  3.30 MB
       Class:  14.30 MB
        Both:  17.59 MB

MaxMetaspaceSize: unlimited
CompressedClassSpaceSize: 1.00 GB
Initial GC threshold: 21.00 MB
Current GC threshold: 21.00 MB
CDS: on
MetaspaceReclaimPolicy: balanced
 - commit_granule_bytes: 65536.
 - commit_granule_words: 8192.
 - virtual_space_node_default_size: 8388608.
 - enlarge_chunks_in_place: 1.
 - new_chunks_are_fully_committed: 0.
 - uncommit_free_chunks: 1.
 - use_allocation_guard: 0.
 - handle_deallocations: 1.


Internal statistics:

num_allocs_failed_limit: 0.
num_arena_births: 138.
num_arena_deaths: 0.
num_vsnodes_births: 2.
num_vsnodes_deaths: 0.
num_space_committed: 216.
num_space_uncommitted: 0.
num_chunks_returned_to_freelist: 0.
num_chunks_taken_from_freelist: 363.
num_chunk_merges: 0.
num_chunk_splits: 255.
num_chunks_enlarged: 176.
num_inconsistent_stats: 0.

CodeHeap 'non-profiled nmethods': size=119168Kb used=490Kb max_used=490Kb free=118677Kb
 bounds [0x0000029a3c960000, 0x0000029a3cbd0000, 0x0000029a43dc0000]
CodeHeap 'profiled nmethods': size=119104Kb used=2886Kb max_used=2886Kb free=116217Kb
 bounds [0x0000029a34dc0000, 0x0000029a350a0000, 0x0000029a3c210000]
CodeHeap 'non-nmethods': size=7488Kb used=2367Kb max_used=2925Kb free=5120Kb
 bounds [0x0000029a3c210000, 0x0000029a3c500000, 0x0000029a3c960000]
 total_blobs=2099 nmethods=1542 adapters=468
 compilation: enabled
              stopped_count=0, restarted_count=0
 full_count=0

Compilation events (20 events):
Event: 4.634 Thread 0x0000029a509a69c0 nmethod 1457 0x0000029a35068e10 code [0x0000029a35068fc0, 0x0000029a350692a8]
Event: 4.634 Thread 0x0000029a509a69c0 1453       3       org.jboss.jandex.MethodInternal::<init> (18 bytes)
Event: 4.634 Thread 0x0000029a509a69c0 nmethod 1453 0x0000029a35069390 code [0x0000029a35069540, 0x0000029a350696a8]
Event: 4.634 Thread 0x0000029a509a69c0 1454       3       org.jboss.jandex.MethodInternal::<init> (21 bytes)
Event: 4.634 Thread 0x0000029a509a69c0 nmethod 1454 0x0000029a35069790 code [0x0000029a35069940, 0x0000029a35069aa8]
Event: 4.634 Thread 0x0000029a509a69c0 1455       3       org.jboss.jandex.MethodInternal::<init> (81 bytes)
Event: 4.634 Thread 0x0000029a9a835860 nmethod 1458 0x0000029a35069b90 code [0x0000029a35069e20, 0x0000029a3506a938]
Event: 4.634 Thread 0x0000029a509a69c0 nmethod 1455 0x0000029a3506ad90 code [0x0000029a3506af60, 0x0000029a3506b538]
Event: 4.634 Thread 0x0000029a9a835860 1456       3       org.jboss.jandex.MethodParamList::<init> (32 bytes)
Event: 4.634 Thread 0x0000029a509a69c0 1459   !   3       java.util.AbstractList$Itr::next (46 bytes)
Event: 4.635 Thread 0x0000029a9a835860 nmethod 1456 0x0000029a3506b690 code [0x0000029a3506b880, 0x0000029a3506bfb8]
Event: 4.635 Thread 0x0000029a9a835860 1460       3       org.jboss.jandex.MethodInternal::setExceptions (17 bytes)
Event: 4.635 Thread 0x0000029a509a69c0 nmethod 1459 0x0000029a3506c190 code [0x0000029a3506c3a0, 0x0000029a3506c898]
Event: 4.635 Thread 0x0000029a9a835860 nmethod 1460 0x0000029a3506cb10 code [0x0000029a3506cca0, 0x0000029a3506ce58]
Event: 4.635 Thread 0x0000029a51721490 nmethod 1450 0x0000029a3506cf10 code [0x0000029a3506d2c0, 0x0000029a3506ec08]
Event: 4.635 Thread 0x0000029a51721490 1462       3       org.jboss.jandex.DotName::buildString (44 bytes)
Event: 4.635 Thread 0x0000029a51721490 nmethod 1462 0x0000029a3506f590 code [0x0000029a3506f760, 0x0000029a3506faa8]
Event: 4.635 Thread 0x0000029a9a835860 1464       3       org.jboss.jandex.StrongInternPool::<init> (9 bytes)
Event: 4.635 Thread 0x0000029a509a69c0 1465       3       org.jboss.jandex.StrongInternPool::<init> (80 bytes)
Event: 5.636 Thread 0x0000029a51721490 1463       3       org.jboss.jandex.StrongInternPool::<init> (8 bytes)

GC Heap History (2 events):
Event: 4.523 GC heap before
{Heap before GC invocations=0 (full 0):
 garbage-first heap   total 262144K, used 20480K [0x0000000701600000, 0x0000000800000000)
  region size 2048K, 11 young (22528K), 0 survivors (0K)
 Metaspace       used 11332K, committed 11520K, reserved 1114112K
  class space    used 1243K, committed 1344K, reserved 1048576K
}
Event: 4.525 GC heap after
{Heap after GC invocations=1 (full 0):
 garbage-first heap   total 262144K, used 5516K [0x0000000701600000, 0x0000000800000000)
  region size 2048K, 2 young (4096K), 2 survivors (4096K)
 Metaspace       used 11332K, committed 11520K, reserved 1114112K
  class space    used 1243K, committed 1344K, reserved 1048576K
}

Dll operation events (7 events):
Event: 0.005 Loaded shared library C:\Program Files\Microsoft\jdk-17.0.14.7-hotspot\bin\java.dll
Event: 0.019 Loaded shared library C:\Program Files\Microsoft\jdk-17.0.14.7-hotspot\bin\jsvml.dll
Event: 0.067 Loaded shared library C:\Program Files\Microsoft\jdk-17.0.14.7-hotspot\bin\jimage.dll
Event: 0.070 Loaded shared library C:\Program Files\Microsoft\jdk-17.0.14.7-hotspot\bin\awt.dll
Event: 0.084 Loaded shared library C:\Program Files\Microsoft\jdk-17.0.14.7-hotspot\bin\net.dll
Event: 0.085 Loaded shared library C:\Program Files\Microsoft\jdk-17.0.14.7-hotspot\bin\nio.dll
Event: 0.090 Loaded shared library C:\Program Files\Microsoft\jdk-17.0.14.7-hotspot\bin\zip.dll

Deoptimization events (20 events):
Event: 4.557 Thread 0x0000029a2bb8e040 Uncommon trap: trap_request=0xffffffde fr.pc=0x0000029a3c9c252c relative=0x000000000000010c
Event: 4.557 Thread 0x0000029a2bb8e040 Uncommon trap: reason=class_check action=maybe_recompile pc=0x0000029a3c9c252c method=jdk.internal.misc.Unsafe.allocateUninitializedArray(Ljava/lang/Class;I)Ljava/lang/Object; @ 51 c2
Event: 4.557 Thread 0x0000029a2bb8e040 DEOPT PACKING pc=0x0000029a3c9c252c sp=0x000000d43f9fddf0
Event: 4.557 Thread 0x0000029a2bb8e040 DEOPT UNPACKING pc=0x0000029a3c2669a3 sp=0x000000d43f9fdd78 mode 2
Event: 4.557 Thread 0x0000029a2bb8e040 Uncommon trap: trap_request=0xffffffde fr.pc=0x0000029a3c9c252c relative=0x000000000000010c
Event: 4.557 Thread 0x0000029a2bb8e040 Uncommon trap: reason=class_check action=maybe_recompile pc=0x0000029a3c9c252c method=jdk.internal.misc.Unsafe.allocateUninitializedArray(Ljava/lang/Class;I)Ljava/lang/Object; @ 51 c2
Event: 4.557 Thread 0x0000029a2bb8e040 DEOPT PACKING pc=0x0000029a3c9c252c sp=0x000000d43f9fdc00
Event: 4.557 Thread 0x0000029a2bb8e040 DEOPT UNPACKING pc=0x0000029a3c2669a3 sp=0x000000d43f9fdb88 mode 2
Event: 4.557 Thread 0x0000029a2bb8e040 Uncommon trap: trap_request=0xffffffde fr.pc=0x0000029a3c9c252c relative=0x000000000000010c
Event: 4.557 Thread 0x0000029a2bb8e040 Uncommon trap: reason=class_check action=maybe_recompile pc=0x0000029a3c9c252c method=jdk.internal.misc.Unsafe.allocateUninitializedArray(Ljava/lang/Class;I)Ljava/lang/Object; @ 51 c2
Event: 4.557 Thread 0x0000029a2bb8e040 DEOPT PACKING pc=0x0000029a3c9c252c sp=0x000000d43f9fd950
Event: 4.557 Thread 0x0000029a2bb8e040 DEOPT UNPACKING pc=0x0000029a3c2669a3 sp=0x000000d43f9fd8d8 mode 2
Event: 4.583 Thread 0x0000029a2bb8e040 DEOPT PACKING pc=0x0000029a34e467c8 sp=0x000000d43f9fa850
Event: 4.583 Thread 0x0000029a2bb8e040 DEOPT UNPACKING pc=0x0000029a3c267143 sp=0x000000d43f9f9d58 mode 0
Event: 4.585 Thread 0x0000029a2bb8e040 Uncommon trap: trap_request=0xffffff6e fr.pc=0x0000029a3c9aa4d0 relative=0x0000000000000430
Event: 4.585 Thread 0x0000029a2bb8e040 Uncommon trap: reason=loop_limit_check action=maybe_recompile pc=0x0000029a3c9aa4d0 method=java.lang.StringLatin1.indexOf([BI[BII)I @ 37 c2
Event: 4.585 Thread 0x0000029a2bb8e040 DEOPT PACKING pc=0x0000029a3c9aa4d0 sp=0x000000d43f9fe100
Event: 4.585 Thread 0x0000029a2bb8e040 DEOPT UNPACKING pc=0x0000029a3c2669a3 sp=0x000000d43f9fe060 mode 2
Event: 4.631 Thread 0x0000029a2bb8e040 DEOPT PACKING pc=0x0000029a34edbf40 sp=0x000000d43f9fe800
Event: 4.631 Thread 0x0000029a2bb8e040 DEOPT UNPACKING pc=0x0000029a3c267143 sp=0x000000d43f9fdcb0 mode 0

Classes loaded (20 events):
Event: 4.583 Loading class javax/xml/stream/XMLEventReader
Event: 4.583 Loading class javax/xml/stream/XMLEventReader done
Event: 4.583 Loading class javax/xml/stream/XMLResolver
Event: 4.583 Loading class javax/xml/stream/XMLResolver done
Event: 4.586 Loading class javax/xml/stream/XMLEventFactory
Event: 4.586 Loading class javax/xml/stream/XMLEventFactory done
Event: 4.586 Loading class javax/xml/stream/FactoryFinder
Event: 4.586 Loading class javax/xml/stream/FactoryFinder done
Event: 4.587 Loading class javax/xml/stream/FactoryFinder$1
Event: 4.587 Loading class javax/xml/stream/FactoryFinder$1 done
Event: 4.587 Loading class com/sun/xml/internal/stream/events/XMLEventFactoryImpl
Event: 4.587 Loading class com/sun/xml/internal/stream/events/XMLEventFactoryImpl done
Event: 4.608 Loading class java/io/UnsupportedEncodingException
Event: 4.608 Loading class java/io/UnsupportedEncodingException done
Event: 4.609 Loading class java/util/IdentityHashMap$EntrySet
Event: 4.609 Loading class java/util/IdentityHashMap$EntrySet done
Event: 4.609 Loading class java/util/IdentityHashMap$EntryIterator
Event: 4.610 Loading class java/util/IdentityHashMap$EntryIterator done
Event: 4.611 Loading class java/io/FileFilter
Event: 4.611 Loading class java/io/FileFilter done

Classes unloaded (0 events):
No events

Classes redefined (0 events):
No events

Internal exceptions (20 events):
Event: 0.074 Thread 0x0000029a2bb8e040 Exception <a 'java/io/FileNotFoundException'{0x00000007112c9ac0}> (0x00000007112c9ac0) 
thrown [s\src\hotspot\share\prims\jni.cpp, line 516]
Event: 0.077 Thread 0x0000029a2bb8e040 Exception <a 'java/io/FileNotFoundException'{0x00000007112f6c78}> (0x00000007112f6c78) 
thrown [s\src\hotspot\share\prims\jni.cpp, line 516]
Event: 0.132 Thread 0x0000029a2bb8e040 Exception <a 'java/lang/NoSuchMethodError'{0x00000007111e5e18}: 'java.lang.Object java.lang.invoke.DirectMethodHandle$Holder.invokeStaticInit(java.lang.Object)'> (0x00000007111e5e18) 
thrown [s\src\hotspot\share\interpreter\linkResolver.cpp, line 759]
Event: 0.148 Thread 0x0000029a2bb8e040 Exception <a 'java/lang/NoSuchMethodError'{0x0000000710e89070}: 'void java.lang.invoke.DirectMethodHandle$Holder.invokeSpecial(java.lang.Object, java.lang.Object, java.lang.Object)'> (0x0000000710e89070) 
thrown [s\src\hotspot\share\interpreter\linkResolver.cpp, line 759]
Event: 0.154 Thread 0x0000029a2bb8e040 Exception <a 'java/lang/NoSuchMethodError'{0x0000000710e9bf68}: 'void java.lang.invoke.DirectMethodHandle$Holder.invokeStaticInit(java.lang.Object)'> (0x0000000710e9bf68) 
thrown [s\src\hotspot\share\interpreter\linkResolver.cpp, line 759]
Event: 0.158 Thread 0x0000029a2bb8e040 Exception <a 'java/lang/NoSuchMethodError'{0x0000000710ec00d0}: 'java.lang.Object java.lang.invoke.DirectMethodHandle$Holder.newInvokeSpecial(java.lang.Object, java.lang.Object, java.lang.Object, java.lang.Object, java.lang.Object)'> (0x0000000710ec00d0) 
thrown [s\src\hotspot\share\interpreter\linkResolver.cpp, line 759]
Event: 0.159 Thread 0x0000029a2bb8e040 Exception <a 'java/lang/NoSuchMethodError'{0x0000000710ecb7c0}: 'java.lang.Object java.lang.invoke.DirectMethodHandle$Holder.invokeStatic(java.lang.Object, int, java.lang.Object, java.lang.Object, java.lang.Object, java.lang.Object)'> (0x0000000710ecb7c0) 
thrown [s\src\hotspot\share\interpreter\linkResolver.cpp, line 759]
Event: 0.161 Thread 0x0000029a2bb8e040 Exception <a 'java/lang/NoSuchMethodError'{0x0000000710ef0f60}: 'java.lang.Object java.lang.invoke.DirectMethodHandle$Holder.invokeStatic(java.lang.Object, int, java.lang.Object)'> (0x0000000710ef0f60) 
thrown [s\src\hotspot\share\interpreter\linkResolver.cpp, line 759]
Event: 0.171 Thread 0x0000029a2bb8e040 Exception <a 'java/lang/ClassNotFoundException'{0x0000000710f70cc8}: com/sun/java/swing/plaf/windows/resources/spi/windowsProvider> (0x0000000710f70cc8) 
thrown [s\src\hotspot\share\classfile\systemDictionary.cpp, line 256]
Event: 0.172 Thread 0x0000029a2bb8e040 Exception <a 'java/lang/ClassNotFoundException'{0x0000000710f75670}: com/sun/swing/internal/plaf/basic/resources/spi/basicProvider> (0x0000000710f75670) 
thrown [s\src\hotspot\share\classfile\systemDictionary.cpp, line 256]
Event: 0.174 Thread 0x0000029a2bb8e040 Exception <a 'java/lang/NoSuchMethodError'{0x0000000710f86e40}: 'java.lang.Object java.lang.invoke.DirectMethodHandle$Holder.invokeStatic(java.lang.Object, java.lang.Object, int, java.lang.Object)'> (0x0000000710f86e40) 
thrown [s\src\hotspot\share\interpreter\linkResolver.cpp, line 759]
Event: 0.174 Thread 0x0000029a2bb8e040 Exception <a 'java/lang/NoSuchMethodError'{0x0000000710f8d948}: 'java.lang.Object java.lang.invoke.DirectMethodHandle$Holder.newInvokeSpecial(java.lang.Object, java.lang.Object, int)'> (0x0000000710f8d948) 
thrown [s\src\hotspot\share\interpreter\linkResolver.cpp, line 759]
Event: 0.200 Thread 0x0000029a2bb8e040 Exception <a 'java/lang/NoSuchMethodError'{0x0000000710d0b380}: 'java.lang.Object java.lang.invoke.DirectMethodHandle$Holder.invokeStatic(java.lang.Object, java.lang.Object, int)'> (0x0000000710d0b380) 
thrown [s\src\hotspot\share\interpreter\linkResolver.cpp, line 759]
Event: 0.200 Thread 0x0000029a2bb8e040 Exception <a 'java/lang/NoSuchMethodError'{0x0000000710d16798}: 'void java.lang.invoke.DelegatingMethodHandle$Holder.delegate(java.lang.Object, java.lang.Object, int, java.lang.Object)'> (0x0000000710d16798) 
thrown [s\src\hotspot\share\interpreter\linkResolver.cpp, line 759]
Event: 0.201 Thread 0x0000029a2bb8e040 Exception <a 'java/lang/NoSuchMethodError'{0x0000000710d1a8e0}: 'int java.lang.invoke.DirectMethodHandle$Holder.invokeSpecial(java.lang.Object, java.lang.Object, java.lang.Object)'> (0x0000000710d1a8e0) 
thrown [s\src\hotspot\share\interpreter\linkResolver.cpp, line 759]
Event: 0.251 Thread 0x0000029a2bb8e040 Exception <a 'java/lang/ClassNotFoundException'{0x0000000710b70a18}: com/sun/org/apache/xerces/internal/impl/xpath/regex/spi/messageProvider> (0x0000000710b70a18) 
thrown [s\src\hotspot\share\classfile\systemDictionary.cpp, line 256]
Event: 4.488 Thread 0x0000029a2bb8e040 Exception <a 'java/lang/NoSuchMethodError'{0x0000000710111090}: 'java.lang.Object java.lang.invoke.DirectMethodHandle$Holder.invokeStaticInit(java.lang.Object, int, int, int, int)'> (0x0000000710111090) 
thrown [s\src\hotspot\share\interpreter\linkResolver.cpp, line 759]
Event: 4.521 Thread 0x0000029a2bb8e040 Exception <a 'java/lang/NoSuchMethodError'{0x00000007101f8a28}: 'java.lang.Object java.lang.invoke.DirectMethodHandle$Holder.invokeStaticInit(java.lang.Object, java.lang.Object, int, int, int, int)'> (0x00000007101f8a28) 
thrown [s\src\hotspot\share\interpreter\linkResolver.cpp, line 759]
Event: 4.572 Thread 0x0000029a2bb8e040 Exception <a 'java/lang/NoSuchMethodError'{0x00000007113c7fb8}: 'java.lang.Object java.lang.invoke.Invokers$Holder.invokeExact_MT(java.lang.Object, java.lang.Object, java.lang.Object, java.lang.Object, java.lang.Object, java.lang.Object)'> (0x00000007113c7fb8) 
thrown [s\src\hotspot\share\interpreter\linkResolver.cpp, line 759]
Event: 4.577 Thread 0x0000029a2bb8e040 Exception <a 'java/lang/NoSuchMethodError'{0x0000000711018a60}: 'java.lang.Object java.lang.invoke.DirectMethodHandle$Holder.invokeInterface(java.lang.Object, java.lang.Object, java.lang.Object)'> (0x0000000711018a60) 
thrown [s\src\hotspot\share\interpreter\linkResolver.cpp, line 759]

VM Operations (20 events):
Event: 2.371 Executing VM operation: Cleanup done
Event: 2.379 Executing VM operation: HandshakeAllThreads
Event: 2.379 Executing VM operation: HandshakeAllThreads done
Event: 2.440 Executing VM operation: HandshakeAllThreads
Event: 2.440 Executing VM operation: HandshakeAllThreads done
Event: 3.445 Executing VM operation: Cleanup
Event: 3.475 Executing VM operation: Cleanup done
Event: 4.482 Executing VM operation: HandshakeAllThreads
Event: 4.482 Executing VM operation: HandshakeAllThreads done
Event: 4.496 Executing VM operation: HandshakeAllThreads
Event: 4.496 Executing VM operation: HandshakeAllThreads done
Event: 4.523 Executing VM operation: G1CollectForAllocation
Event: 4.525 Executing VM operation: G1CollectForAllocation done
Event: 4.598 Executing VM operation: HandshakeAllThreads
Event: 4.598 Executing VM operation: HandshakeAllThreads done
Event: 4.601 Executing VM operation: HandshakeAllThreads
Event: 4.601 Executing VM operation: HandshakeAllThreads done
Event: 4.625 Executing VM operation: HandshakeAllThreads
Event: 4.625 Executing VM operation: HandshakeAllThreads done
Event: 5.636 Executing VM operation: Cleanup

Memory protections (0 events):
No events

Nmethod flushes (0 events):
No events

Events (20 events):
Event: 0.025 Thread 0x0000029a2bb8e040 Thread added: 0x0000029a509988e0
Event: 0.025 Thread 0x0000029a2bb8e040 Thread added: 0x0000029a509991b0
Event: 0.025 Thread 0x0000029a2bb8e040 Thread added: 0x0000029a509a6000
Event: 0.025 Thread 0x0000029a2bb8e040 Thread added: 0x0000029a509a69c0
Event: 0.026 Thread 0x0000029a2bb8e040 Thread added: 0x0000029a509b02f0
Event: 0.046 Thread 0x0000029a509a69c0 Thread added: 0x0000029a51721490
Event: 0.047 Thread 0x0000029a509a69c0 Thread added: 0x0000029a51721fc0
Event: 0.048 Thread 0x0000029a2bb8e040 Thread added: 0x0000029a5173b800
Event: 0.050 Thread 0x0000029a2bb8e040 Thread added: 0x0000029a51740dc0
Event: 0.089 Thread 0x0000029a509a6000 Thread added: 0x0000029a2bb8edd0
Event: 0.132 Thread 0x0000029a2bb8e040 Thread added: 0x0000029a971dc070
Event: 0.133 Thread 0x0000029a2bb8e040 Thread added: 0x0000029a971dcd60
Event: 0.133 Thread 0x0000029a2bb8e040 Thread added: 0x0000029a971e5a70
Event: 1.323 Thread 0x0000029a971dcd60 Thread exited: 0x0000029a971dcd60
Event: 2.371 Thread 0x0000029a2bb8edd0 Thread exited: 0x0000029a2bb8edd0
Event: 2.432 Thread 0x0000029a509a69c0 Thread added: 0x0000029a9742e840
Event: 3.477 Thread 0x0000029a9742e840 Thread exited: 0x0000029a9742e840
Event: 4.484 Thread 0x0000029a51721fc0 Thread exited: 0x0000029a51721fc0
Event: 4.517 Thread 0x0000029a51721490 Thread added: 0x0000029a9a835860
Event: 4.621 Thread 0x0000029a509a69c0 Thread added: 0x0000029a9aa27bf0


Dynamic libraries:
0x00007ff6705d0000 - 0x00007ff6705de000 	C:\Program Files\Microsoft\jdk-17.0.14.7-hotspot\bin\java.exe
0x00007ffef6b40000 - 0x00007ffef6da7000 	C:\WINDOWS\SYSTEM32\ntdll.dll
0x00007ffef5a70000 - 0x00007ffef5b39000 	C:\WINDOWS\System32\KERNEL32.DLL
0x00007ffef4060000 - 0x00007ffef4457000 	C:\WINDOWS\System32\KERNELBASE.dll
0x00007ffef4460000 - 0x00007ffef45ab000 	C:\WINDOWS\System32\ucrtbase.dll
0x00007ffeb2fa0000 - 0x00007ffeb2fb7000 	C:\Program Files\Microsoft\jdk-17.0.14.7-hotspot\bin\jli.dll
0x00007ffeeb7f0000 - 0x00007ffeeb80d000 	C:\Program Files\Microsoft\jdk-17.0.14.7-hotspot\bin\VCRUNTIME140.dll
0x00007ffef58a0000 - 0x00007ffef5a66000 	C:\WINDOWS\System32\USER32.dll
0x00007ffef4890000 - 0x00007ffef48b7000 	C:\WINDOWS\System32\win32u.dll
0x00007ffed3bb0000 - 0x00007ffed3e42000 	C:\WINDOWS\WinSxS\amd64_microsoft.windows.common-controls_6595b64144ccf1df_6.0.26100.8457_none_3e0b2faee331e92d\COMCTL32.dll
0x00007ffef6ad0000 - 0x00007ffef6afb000 	C:\WINDOWS\System32\GDI32.dll
0x00007ffef5740000 - 0x00007ffef57e9000 	C:\WINDOWS\System32\msvcrt.dll
0x00007ffef3e70000 - 0x00007ffef3f9c000 	C:\WINDOWS\System32\gdi32full.dll
0x00007ffef45b0000 - 0x00007ffef4653000 	C:\WINDOWS\System32\msvcp_win.dll
0x00007ffef57f0000 - 0x00007ffef5822000 	C:\WINDOWS\System32\IMM32.DLL
0x00007ffeeb7e0000 - 0x00007ffeeb7ec000 	C:\Program Files\Microsoft\jdk-17.0.14.7-hotspot\bin\vcruntime140_1.dll
0x00007ffe5ab40000 - 0x00007ffe5abcd000 	C:\Program Files\Microsoft\jdk-17.0.14.7-hotspot\bin\msvcp140.dll
0x00007ffe56c50000 - 0x00007ffe578c2000 	C:\Program Files\Microsoft\jdk-17.0.14.7-hotspot\bin\server\jvm.dll
0x00007ffef6990000 - 0x00007ffef6a46000 	C:\WINDOWS\System32\ADVAPI32.dll
0x00007ffef6490000 - 0x00007ffef6537000 	C:\WINDOWS\System32\sechost.dll
0x00007ffef5b40000 - 0x00007ffef5c58000 	C:\WINDOWS\System32\RPCRT4.dll
0x00007ffef4a60000 - 0x00007ffef4ae0000 	C:\WINDOWS\System32\WS2_32.dll
0x00007ffef3220000 - 0x00007ffef327e000 	C:\WINDOWS\SYSTEM32\POWRPROF.dll
0x00007ffeeaa50000 - 0x00007ffeeaa86000 	C:\WINDOWS\SYSTEM32\WINMM.dll
0x00007ffeed510000 - 0x00007ffeed51b000 	C:\WINDOWS\SYSTEM32\VERSION.dll
0x00007ffef3200000 - 0x00007ffef3214000 	C:\WINDOWS\SYSTEM32\UMPDC.dll
0x00007ffef2300000 - 0x00007ffef231b000 	C:\WINDOWS\SYSTEM32\kernel.appcore.dll
0x00007ffeeb790000 - 0x00007ffeeb79a000 	C:\Program Files\Microsoft\jdk-17.0.14.7-hotspot\bin\jimage.dll
0x00007ffef11e0000 - 0x00007ffef1422000 	C:\WINDOWS\SYSTEM32\DBGHELP.DLL
0x00007ffef6600000 - 0x00007ffef6983000 	C:\WINDOWS\System32\combase.dll
0x00007ffef6280000 - 0x00007ffef6359000 	C:\WINDOWS\System32\OLEAUT32.dll
0x00007ffed96c0000 - 0x00007ffed96fb000 	C:\WINDOWS\SYSTEM32\dbgcore.DLL
0x00007ffef4660000 - 0x00007ffef4708000 	C:\WINDOWS\System32\bcryptPrimitives.dll
0x00007ffeb2f70000 - 0x00007ffeb2f95000 	C:\Program Files\Microsoft\jdk-17.0.14.7-hotspot\bin\java.dll
0x00007ffe5aa60000 - 0x00007ffe5ab37000 	C:\Program Files\Microsoft\jdk-17.0.14.7-hotspot\bin\jsvml.dll
0x00007ffef4cd0000 - 0x00007ffef543e000 	C:\WINDOWS\System32\SHELL32.dll
0x00007ffef3570000 - 0x00007ffef3ddc000 	C:\WINDOWS\System32\windows.storage.dll
0x00007ffef5450000 - 0x00007ffef5546000 	C:\WINDOWS\System32\SHCORE.dll
0x00007ffef5830000 - 0x00007ffef5896000 	C:\WINDOWS\System32\shlwapi.dll
0x00007ffef3490000 - 0x00007ffef34b9000 	C:\WINDOWS\SYSTEM32\profapi.dll
0x00007ffe5a8d0000 - 0x00007ffe5aa60000 	C:\Program Files\Microsoft\jdk-17.0.14.7-hotspot\bin\awt.dll
0x00007ffeefee0000 - 0x00007ffeeff80000 	C:\WINDOWS\SYSTEM32\apphelp.dll
0x00007ffeb2ca0000 - 0x00007ffeb2cba000 	C:\Program Files\Microsoft\jdk-17.0.14.7-hotspot\bin\net.dll
0x00007ffeea6a0000 - 0x00007ffeea7c9000 	C:\WINDOWS\SYSTEM32\WINHTTP.dll
0x00007ffef2870000 - 0x00007ffef28dc000 	C:\WINDOWS\system32\mswsock.dll
0x00007ffeb2c60000 - 0x00007ffeb2c76000 	C:\Program Files\Microsoft\jdk-17.0.14.7-hotspot\bin\nio.dll
0x00007ffeb2c40000 - 0x00007ffeb2c58000 	C:\Program Files\Microsoft\jdk-17.0.14.7-hotspot\bin\zip.dll
0x00007ffef0180000 - 0x00007ffef022a000 	C:\WINDOWS\system32\uxtheme.dll
0x00007ffef5c60000 - 0x00007ffef5dbc000 	C:\WINDOWS\System32\MSCTF.dll
0x00007ffef48c0000 - 0x00007ffef4a57000 	C:\WINDOWS\System32\ole32.dll
0x00007ffef02a0000 - 0x00007ffef02cf000 	C:\WINDOWS\system32\DWMAPI.DLL
0x00007ffef2b50000 - 0x00007ffef2b6b000 	C:\WINDOWS\SYSTEM32\CRYPTSP.dll
0x00007ffef2260000 - 0x00007ffef2299000 	C:\WINDOWS\system32\rsaenh.dll
0x00007ffef2920000 - 0x00007ffef2953000 	C:\WINDOWS\SYSTEM32\USERENV.dll
0x00007ffef3460000 - 0x00007ffef348a000 	C:\WINDOWS\SYSTEM32\bcrypt.dll
0x00007ffef2b70000 - 0x00007ffef2b7c000 	C:\WINDOWS\SYSTEM32\CRYPTBASE.dll
0x00007ffef1d10000 - 0x00007ffef1d42000 	C:\WINDOWS\SYSTEM32\IPHLPAPI.DLL
0x00007ffef63c0000 - 0x00007ffef63ca000 	C:\WINDOWS\System32\NSI.dll
0x00007ffeeaab0000 - 0x00007ffeeaacd000 	C:\WINDOWS\SYSTEM32\dhcpcsvc6.DLL
0x00007ffeea2c0000 - 0x00007ffeea2e5000 	C:\WINDOWS\SYSTEM32\dhcpcsvc.DLL
0x00007ffef1e00000 - 0x00007ffef1f32000 	C:\WINDOWS\SYSTEM32\DNSAPI.dll

dbghelp: loaded successfully - version: 4.0.5 - missing functions: none
symbol engine: initialized successfully - sym options: 0x614 - pdb path: .;C:\Program Files\Microsoft\jdk-17.0.14.7-hotspot\bin;C:\WINDOWS\SYSTEM32;C:\WINDOWS\WinSxS\amd64_microsoft.windows.common-controls_6595b64144ccf1df_6.0.26100.8457_none_3e0b2faee331e92d;C:\Program Files\Microsoft\jdk-17.0.14.7-hotspot\bin\server

VM Arguments:
jvm_args: -XX:+ShowCodeDetailsInExceptionMessages 
java_command: com.aulateca.Main
java_class_path (initial): C:\Users\varga\Downloads\aulateca_proyecto\aulateca\target\classes;C:\Users\varga\.m2\repository\org\hibernate\orm\hibernate-core\6.4.4.Final\hibernate-core-6.4.4.Final.jar;C:\Users\varga\.m2\repository\jakarta\transaction\jakarta.transaction-api\2.0.1\jakarta.transaction-api-2.0.1.jar;C:\Users\varga\.m2\repository\org\jboss\logging\jboss-logging\3.5.0.Final\jboss-logging-3.5.0.Final.jar;C:\Users\varga\.m2\repository\org\hibernate\common\hibernate-commons-annotations\6.0.6.Final\hibernate-commons-annotations-6.0.6.Final.jar;C:\Users\varga\.m2\repository\io\smallrye\jandex\3.1.2\jandex-3.1.2.jar;C:\Users\varga\.m2\repository\com\fasterxml\classmate\1.5.1\classmate-1.5.1.jar;C:\Users\varga\.m2\repository\net\bytebuddy\byte-buddy\1.14.11\byte-buddy-1.14.11.jar;C:\Users\varga\.m2\repository\jakarta\xml\bind\jakarta.xml.bind-api\4.0.0\jakarta.xml.bind-api-4.0.0.jar;C:\Users\varga\.m2\repository\jakarta\activation\jakarta.activation-api\2.1.0\jakarta.activation-api-2.1.0.jar;C:\Users\varga\.m2\repository\org\glassfish\jaxb\jaxb-runtime\4.0.2\jaxb-runtime-4.0.2.jar;C:\Users\varga\.m2\repository\org\glassfish\jaxb\jaxb-core\4.0.2\jaxb-core-4.0.2.jar;C:\Users\varga\.m2\repository\org\eclipse\angus\angus-activation\2.0.0\angus-activation-2.0.0.jar;C:\Users\varga\.m2\repository\org\glassfish\jaxb\txw2\4.0.2\txw2-4.0.2.jar;C:\Users\varga\.m2\repository\com\sun\istack\istack-commons-runtime\4.1.1\istack-commons-runtime-4.1.1.jar;C:\Users\varga\.m2\repository\jakarta\inject\jakarta.inject-api\2.0.1\jakarta.inject-api-2.0.1.jar;C:\Users\varga\.m2\repository\org\antlr\antlr4-runtime\4.13.0\antlr4-runtime-4.13.0.jar;C:\Users\varga\.m2\repository\com\mysql\mysql-connector-j\8.3.0\mysql-connector-j-8.3.0.jar;C:\Users\varga\.m2\repository\com\google\protobuf\protobuf-java\3.25.1\protobuf-java-3.25.1.jar;C:\Users\varga\.m2\repository\com\toedter\jcalendar\1.4\jcalendar-1.4.jar;C:\Users\varga\.m2\repository\org\mariadb\jdbc\mariadb-java-client\3.3.3\mariadb-j
Launcher Type: SUN_STANDARD

[Global flags]
     intx CICompilerCount                          = 12                                        {product} {ergonomic}
     uint ConcGCThreads                            = 3                                         {product} {ergonomic}
     uint G1ConcRefinementThreads                  = 13                                        {product} {ergonomic}
   size_t G1HeapRegionSize                         = 2097152                                   {product} {ergonomic}
    uintx GCDrainStackTargetSize                   = 64                                        {product} {ergonomic}
   size_t InitialHeapSize                          = 268435456                                 {product} {ergonomic}
   size_t MarkStackSize                            = 4194304                                   {product} {ergonomic}
   size_t MaxHeapSize                              = 4271898624                                {product} {ergonomic}
   size_t MaxNewSize                               = 2562719744                                {product} {ergonomic}
   size_t MinHeapDeltaBytes                        = 2097152                                   {product} {ergonomic}
   size_t MinHeapSize                              = 8388608                                   {product} {ergonomic}
    uintx NonNMethodCodeHeapSize                   = 7602480                                {pd product} {ergonomic}
    uintx NonProfiledCodeHeapSize                  = 122027880                              {pd product} {ergonomic}
    uintx ProfiledCodeHeapSize                     = 122027880                              {pd product} {ergonomic}
    uintx ReservedCodeCacheSize                    = 251658240                              {pd product} {ergonomic}
     bool SegmentedCodeCache                       = true                                      {product} {ergonomic}
     bool ShowCodeDetailsInExceptionMessages       = true                                   {manageable} {command line}
   size_t SoftMaxHeapSize                          = 4271898624                             {manageable} {ergonomic}
     bool UseCompressedClassPointers               = true                           {product lp64_product} {ergonomic}
     bool UseCompressedOops                        = true                           {product lp64_product} {ergonomic}
     bool UseG1GC                                  = true                                      {product} {ergonomic}
     bool UseLargePagesIndividualAllocation        = false                                  {pd product} {ergonomic}

Logging:
Log output configuration:
 #0: stdout all=warning uptime,level,tags
 #1: stderr all=off uptime,level,tags

Environment Variables:
JAVA_HOME=C:\Program Files\Microsoft\jdk-17.0.14.7-hotspot\
PATH=C:\Program Files\Common Files\Oracle\Java\javapath;C:\Program Files\Microsoft\jdk-17.0.14.7-hotspot\bin;C:\Python313\Scripts\;C:\Python313\;C:\Program Files\Oculus\Support\oculus-runtime;C:\Program Files\NVIDIA GPU Computing Toolkit\CUDA\v11.8\bin;C:\Program Files\NVIDIA GPU Computing Toolkit\CUDA\v11.8\libnvvp;C:\Windows\system32;C:\Windows;C:\Windows\System32\Wbem;C:\Windows\System32\WindowsPowerShell\v1.0\;C:\Windows\System32\OpenSSH\;C:\Program Files (x86)\NVIDIA Corporation\PhysX\Common;C:\Program Files\NVIDIA Corporation\Nsight Compute 2022.3.0\;C:\ffmpeg;C:\Program Files\NVIDIA Corporation\NVIDIA app\NvDLISR;C:\WINDOWS\system32;C:\WINDOWS;C:\WINDOWS\System32\Wbem;C:\WINDOWS\System32\WindowsPowerShell\v1.0\;C:\WINDOWS\System32\OpenSSH\;C:\Program Files\Git\cmd;C:\Program Files\nodejs\;C:\ProgramData\chocolatey\bin;C:\Program Files\AutoFirma\AutoFirma;C:\Users\varga\AppData\Local\Android\Sdk\platform-tools;C:\Program Files\dotnet\;C:\Program Files (x86)\Bluetooth Command Line Tools\bin;C:\Program Files\MySQL\MySQL Shell 8.0\bin\;C:\Users\varga\AppData\Local\Microsoft\WindowsApps;C:\Users\varga\AppData\Local\Programs\Microsoft VS Code\bin;C:\Users\varga\AppData\Local\GitHubDesktop\bin;C:\Users\varga\AppData\Local\Programs\cursor\resources\app\bin;C:\Users\varga\AppData\Local\gitkraken\bin;C:\Users\varga\AppData\Roaming\npm;C:\Users\varga\AppData\Local\Android\Sdk\platform-tools;C:\Users\varga\AppData\Local\Android\Sdk\emulator;c:\Users\varga\.cursor\extensions\vscjava.vscode-java-debug-0.59.0-universal\bundled\scripts\noConfigScripts
USERNAME=varga
LANG=en_US.UTF-8
OS=Windows_NT
PROCESSOR_IDENTIFIER=AMD64 Family 25 Model 33 Stepping 2, AuthenticAMD
TMP=C:\Users\varga\AppData\Local\Temp
TEMP=C:\Users\varga\AppData\Local\Temp



Periodic native trim disabled


---------------  S Y S T E M  ---------------

OS:
 Windows 11 , 64 bit Build 26100 (10.0.26100.8328)
OS uptime: 0 days 4:30 hours

CPU: total 16 (initial active 16) (16 cores per cpu, 2 threads per core) family 25 model 33 stepping 2 microcode 0xa201213, cx8, cmov, fxsr, ht, mmx, 3dnowpref, sse, sse2, sse3, ssse3, sse4a, sse4.1, sse4.2, popcnt, lzcnt, tsc, tscinvbit, avx, avx2, aes, erms, clmul, bmi1, bmi2, adx, sha, fma, vzeroupper, clflush, clflushopt
Processor Information for the first 16 processors :
  Max Mhz: 3801, Current Mhz: 3801, Mhz Limit: 3801

Memory: 4k page, system-wide physical 16295M (5090M free)
TotalPageFile size 18343M (AvailPageFile size 119M)
current process WorkingSet (physical memory assigned to process): 114M, peak: 114M
current process commit charge ("private bytes"): 399M, peak: 399M

vm_info: OpenJDK 64-Bit Server VM (17.0.14+7-LTS) for windows-amd64 JRE (17.0.14+7-LTS), built on Jan  8 2025 23:39:28 by "MicrosoftCorporation" with unknown MS VC++:1939

END.
