#
# There is insufficient memory for the Java Runtime Environment to continue.
# Native memory allocation (malloc) failed to allocate 1059216 bytes. Error detail: Chunk::new
# Possible reasons:
#   The system is out of physical RAM or swap space
#   This process is running with CompressedOops enabled, and the Java Heap may be blocking the growth of the native heap
# Possible solutions:
#   Reduce memory load on the system
#   Increase physical memory or swap space
#   Check if swap backing store is full
#   Decrease Java heap size (-Xmx/-Xms)
#   Decrease number of Java threads
#   Decrease Java thread stack sizes (-Xss)
#   Set larger code cache with -XX:ReservedCodeCacheSize=
#   JVM is running with Zero Based Compressed Oops mode in which the Java heap is
#     placed in the first 32GB address space. The Java Heap base address is the
#     maximum limit for the native heap growth. Please use -XX:HeapBaseMinAddress
#     to set the Java Heap base and to place the Java Heap above 32GB virtual address.
# This output file may be truncated or incomplete.
#
#  Out of Memory Error (arena.cpp:191), pid=1604, tid=17016
#
# JRE version: OpenJDK Runtime Environment Microsoft-10800295 (17.0.14+7) (build 17.0.14+7-LTS)
# Java VM: OpenJDK 64-Bit Server VM Microsoft-10800295 (17.0.14+7-LTS, mixed mode, sharing, tiered, compressed oops, compressed class ptrs, g1 gc, windows-amd64)
# No core dump will be written. Minidumps are not enabled by default on client versions of Windows
#

---------------  S U M M A R Y ------------

Command Line: -XX:+ShowCodeDetailsInExceptionMessages com.aulateca.Main

Host: AMD Ryzen 7 5800X 8-Core Processor             , 16 cores, 15G,  Windows 11 , 64 bit Build 26100 (10.0.26100.8328)
Time: Sun Jun  7 21:13:25 2026 Hora de verano GMT elapsed time: 2.605798 seconds (0d 0h 0m 2s)

---------------  T H R E A D  ---------------

Current thread (0x000001fa70b55fe0):  JavaThread "C2 CompilerThread0" daemon [_thread_in_native, id=17016, stack(0x000000f1bc300000,0x000000f1bc400000)]


Current CompileTask:
C2:   2605 1319   !   4       jdk.internal.loader.URLClassPath$JarLoader::getResource (65 bytes)

Stack: [0x000000f1bc300000,0x000000f1bc400000]
Native frames: (J=compiled Java code, j=interpreted, Vv=VM code, C=native code)
V  [jvm.dll+0x6886b9]
V  [jvm.dll+0x83f6f8]
V  [jvm.dll+0x8411a3]
V  [jvm.dll+0x841813]
V  [jvm.dll+0x2495cf]
V  [jvm.dll+0xad0d4]
V  [jvm.dll+0xad76c]
V  [jvm.dll+0x36adbf]
V  [jvm.dll+0x335403]
V  [jvm.dll+0x33489a]
V  [jvm.dll+0x21a7e8]
V  [jvm.dll+0x219c1f]
V  [jvm.dll+0x1a5596]
V  [jvm.dll+0x22a27a]
V  [jvm.dll+0x2283bb]
V  [jvm.dll+0x7f4f48]
V  [jvm.dll+0x7ef2ac]
V  [jvm.dll+0x687597]
C  [ucrtbase.dll+0x37b0]
C  [KERNEL32.DLL+0x2e957]
C  [ntdll.dll+0x427c]


---------------  P R O C E S S  ---------------

Threads class SMR info:
_java_thread_list=0x000001fa78ac2bc0, length=17, elements={
0x000001fa4af1ba70, 0x000001fa70b1f410, 0x000001fa70b22960, 0x000001fa70b3f660,
0x000001fa70b3ff30, 0x000001fa70b43380, 0x000001fa70b447c0, 0x000001fa70b55fe0,
0x000001fa70b59870, 0x000001fa70b5f1a0, 0x000001fa70c15620, 0x000001fa70ce9bf0,
0x000001fa70cee950, 0x000001fa4af1c700, 0x000001fa75195e20, 0x000001fa7519c800,
0x000001fa7529d5e0
}

Java Threads: ( => current thread )
  0x000001fa4af1ba70 JavaThread "main" [_thread_in_native, id=25992, stack(0x000000f1bb600000,0x000000f1bb700000)]
  0x000001fa70b1f410 JavaThread "Reference Handler" daemon [_thread_blocked, id=25516, stack(0x000000f1bbd00000,0x000000f1bbe00000)]
  0x000001fa70b22960 JavaThread "Finalizer" daemon [_thread_blocked, id=23896, stack(0x000000f1bbe00000,0x000000f1bbf00000)]
  0x000001fa70b3f660 JavaThread "Signal Dispatcher" daemon [_thread_blocked, id=18352, stack(0x000000f1bbf00000,0x000000f1bc000000)]
  0x000001fa70b3ff30 JavaThread "Attach Listener" daemon [_thread_blocked, id=26468, stack(0x000000f1bc000000,0x000000f1bc100000)]
  0x000001fa70b43380 JavaThread "Service Thread" daemon [_thread_blocked, id=27028, stack(0x000000f1bc100000,0x000000f1bc200000)]
  0x000001fa70b447c0 JavaThread "Monitor Deflation Thread" daemon [_thread_blocked, id=9208, stack(0x000000f1bc200000,0x000000f1bc300000)]
=>0x000001fa70b55fe0 JavaThread "C2 CompilerThread0" daemon [_thread_in_native, id=17016, stack(0x000000f1bc300000,0x000000f1bc400000)]
  0x000001fa70b59870 JavaThread "C1 CompilerThread0" daemon [_thread_in_native, id=20360, stack(0x000000f1bc400000,0x000000f1bc500000)]
  0x000001fa70b5f1a0 JavaThread "Sweeper thread" daemon [_thread_blocked, id=10936, stack(0x000000f1bc500000,0x000000f1bc600000)]
  0x000001fa70c15620 JavaThread "C1 CompilerThread1" daemon [_thread_blocked, id=25776, stack(0x000000f1bc600000,0x000000f1bc700000)]
  0x000001fa70ce9bf0 JavaThread "Notification Thread" daemon [_thread_blocked, id=22780, stack(0x000000f1bc700000,0x000000f1bc800000)]
  0x000001fa70cee950 JavaThread "Common-Cleaner" daemon [_thread_blocked, id=20764, stack(0x000000f1bc900000,0x000000f1bca00000)]
  0x000001fa4af1c700 JavaThread "C2 CompilerThread1" daemon [_thread_in_vm, id=18312, stack(0x000000f1bca00000,0x000000f1bcb00000)]
  0x000001fa75195e20 JavaThread "Java2D Disposer" daemon [_thread_blocked, id=12520, stack(0x000000f1bcb00000,0x000000f1bcc00000)]
  0x000001fa7519c800 JavaThread "AWT-Windows" daemon [_thread_in_native, id=23856, stack(0x000000f1bcd00000,0x000000f1bce00000)]
  0x000001fa7529d5e0 JavaThread "C2 CompilerThread2" daemon [_thread_in_native, id=19420, stack(0x000000f1bcc00000,0x000000f1bcd00000)]

Other Threads:
  0x000001fa70b18440 VMThread "VM Thread" [stack: 0x000000f1bbc00000,0x000000f1bbd00000] [id=1844]
  0x000001fa70cee500 WatcherThread [stack: 0x000000f1bc800000,0x000000f1bc900000] [id=17936]
  0x000001fa4af8c530 GCTaskThread "GC Thread#0" [stack: 0x000000f1bb700000,0x000000f1bb800000] [id=16168]
  0x000001fa78b16cf0 GCTaskThread "GC Thread#1" [stack: 0x000000f1bd000000,0x000000f1bd100000] [id=21912]
  0x000001fa75792320 GCTaskThread "GC Thread#2" [stack: 0x000000f1bd100000,0x000000f1bd200000] [id=5300]
  0x000001fa757925e0 GCTaskThread "GC Thread#3" [stack: 0x000000f1bd200000,0x000000f1bd300000] [id=25136]
  0x000001fa757928a0 GCTaskThread "GC Thread#4" [stack: 0x000000f1bd300000,0x000000f1bd400000] [id=18540]
  0x000001fa75792b60 GCTaskThread "GC Thread#5" [stack: 0x000000f1bd400000,0x000000f1bd500000] [id=15804]
  0x000001fa757da8a0 GCTaskThread "GC Thread#6" [stack: 0x000000f1bd500000,0x000000f1bd600000] [id=27472]
  0x000001fa78b14290 GCTaskThread "GC Thread#7" [stack: 0x000000f1bd600000,0x000000f1bd700000] [id=22404]
  0x000001fa78b14550 GCTaskThread "GC Thread#8" [stack: 0x000000f1bd700000,0x000000f1bd800000] [id=8496]
  0x000001fa78c08da0 GCTaskThread "GC Thread#9" [stack: 0x000000f1bd800000,0x000000f1bd900000] [id=1968]
  0x000001fa78c09060 GCTaskThread "GC Thread#10" [stack: 0x000000f1bd900000,0x000000f1bda00000] [id=27168]
  0x000001fa4af9def0 ConcurrentGCThread "G1 Main Marker" [stack: 0x000000f1bb800000,0x000000f1bb900000] [id=24824]
  0x000001fa4af9efd0 ConcurrentGCThread "G1 Conc#0" [stack: 0x000000f1bb900000,0x000000f1bba00000] [id=15196]
  0x000001fa706916a0 ConcurrentGCThread "G1 Refine#0" [stack: 0x000000f1bba00000,0x000000f1bbb00000] [id=18492]
  0x000001fa70691d80 ConcurrentGCThread "G1 Service" [stack: 0x000000f1bbb00000,0x000000f1bbc00000] [id=8416]

Threads with active compile tasks:
C2 CompilerThread0     2623 1319   !   4       jdk.internal.loader.URLClassPath$JarLoader::getResource (65 bytes)
C2 CompilerThread1     2623 1474       4       org.jboss.jandex.StrongInternPool::intern (136 bytes)
C2 CompilerThread2     2623 1460       4       java.io.DataInputStream::readFully (59 bytes)
C1 CompilerThread2     2623 1482       3       org.jboss.jandex.MethodParamList::finish (408 bytes)

VM state: not at safepoint (normal execution)

VM Mutex/Monitor currently owned by a thread: None

Heap address: 0x0000000701600000, size: 4074 MB, Compressed Oops mode: Zero based, Oop shift amount: 3

CDS archive(s) mapped at: [0x000001fa00000000-0x000001fa00bb0000-0x000001fa00bb0000), size 12255232, SharedBaseAddress: 0x000001fa00000000, ArchiveRelocationMode: 1.
Compressed class space mapped at: 0x000001fa01000000-0x000001fa41000000, reserved size: 1073741824
Narrow klass base: 0x000001fa00000000, Narrow klass shift: 0, Narrow klass range: 0x100000000

GC Precious Log:
 CPUs: 16 total, 16 available
 Memory: 16295M
 Large Page Support: Disabled
 NUMA Support: Disabled
 Compressed Oops: Enabled (Zero based)
 Heap Region Size: 2M
 Heap Min Capacity: 8M
 Heap Initial Capacity: 256M
 Heap Max Capacity: 4074M
 Pre-touch: Disabled
 Parallel Workers: 13
 Concurrent Workers: 3
 Concurrent Refinement Workers: 13
 Periodic GC: Disabled

Heap:
 garbage-first heap   total 262144K, used 13724K [0x0000000701600000, 0x0000000800000000)
  region size 2048K, 7 young (14336K), 2 survivors (4096K)
 Metaspace       used 13581K, committed 13760K, reserved 1114112K
  class space    used 1546K, committed 1664K, reserved 1048576K

Heap Regions: E=young(eden), S=young(survivor), O=old, HS=humongous(starts), HC=humongous(continues), CS=collection set, F=free, OA=open archive, CA=closed archive, TAMS=top-at-mark-start (previous, next)
|   0|0x0000000701600000, 0x0000000701767000, 0x0000000701800000| 70%| O|  |TAMS 0x0000000701600000, 0x0000000701600000| Untracked 
|   1|0x0000000701800000, 0x0000000701800000, 0x0000000701a00000|  0%| F|  |TAMS 0x0000000701800000, 0x0000000701800000| Untracked 
|   2|0x0000000701a00000, 0x0000000701a00000, 0x0000000701c00000|  0%| F|  |TAMS 0x0000000701a00000, 0x0000000701a00000| Untracked 
|   3|0x0000000701c00000, 0x0000000701c00000, 0x0000000701e00000|  0%| F|  |TAMS 0x0000000701c00000, 0x0000000701c00000| Untracked 
|   4|0x0000000701e00000, 0x0000000701e00000, 0x0000000702000000|  0%| F|  |TAMS 0x0000000701e00000, 0x0000000701e00000| Untracked 
|   5|0x0000000702000000, 0x0000000702000000, 0x0000000702200000|  0%| F|  |TAMS 0x0000000702000000, 0x0000000702000000| Untracked 
|   6|0x0000000702200000, 0x0000000702200000, 0x0000000702400000|  0%| F|  |TAMS 0x0000000702200000, 0x0000000702200000| Untracked 
|   7|0x0000000702400000, 0x0000000702400000, 0x0000000702600000|  0%| F|  |TAMS 0x0000000702400000, 0x0000000702400000| Untracked 
|   8|0x0000000702600000, 0x0000000702600000, 0x0000000702800000|  0%| F|  |TAMS 0x0000000702600000, 0x0000000702600000| Untracked 
|   9|0x0000000702800000, 0x0000000702800000, 0x0000000702a00000|  0%| F|  |TAMS 0x0000000702800000, 0x0000000702800000| Untracked 
|  10|0x0000000702a00000, 0x0000000702a00000, 0x0000000702c00000|  0%| F|  |TAMS 0x0000000702a00000, 0x0000000702a00000| Untracked 
|  11|0x0000000702c00000, 0x0000000702c00000, 0x0000000702e00000|  0%| F|  |TAMS 0x0000000702c00000, 0x0000000702c00000| Untracked 
|  12|0x0000000702e00000, 0x0000000702e00000, 0x0000000703000000|  0%| F|  |TAMS 0x0000000702e00000, 0x0000000702e00000| Untracked 
|  13|0x0000000703000000, 0x0000000703000000, 0x0000000703200000|  0%| F|  |TAMS 0x0000000703000000, 0x0000000703000000| Untracked 
|  14|0x0000000703200000, 0x0000000703200000, 0x0000000703400000|  0%| F|  |TAMS 0x0000000703200000, 0x0000000703200000| Untracked 
|  15|0x0000000703400000, 0x0000000703400000, 0x0000000703600000|  0%| F|  |TAMS 0x0000000703400000, 0x0000000703400000| Untracked 
|  16|0x0000000703600000, 0x0000000703600000, 0x0000000703800000|  0%| F|  |TAMS 0x0000000703600000, 0x0000000703600000| Untracked 
|  17|0x0000000703800000, 0x0000000703800000, 0x0000000703a00000|  0%| F|  |TAMS 0x0000000703800000, 0x0000000703800000| Untracked 
|  18|0x0000000703a00000, 0x0000000703a00000, 0x0000000703c00000|  0%| F|  |TAMS 0x0000000703a00000, 0x0000000703a00000| Untracked 
|  19|0x0000000703c00000, 0x0000000703c00000, 0x0000000703e00000|  0%| F|  |TAMS 0x0000000703c00000, 0x0000000703c00000| Untracked 
|  20|0x0000000703e00000, 0x0000000703e00000, 0x0000000704000000|  0%| F|  |TAMS 0x0000000703e00000, 0x0000000703e00000| Untracked 
|  21|0x0000000704000000, 0x0000000704000000, 0x0000000704200000|  0%| F|  |TAMS 0x0000000704000000, 0x0000000704000000| Untracked 
|  22|0x0000000704200000, 0x0000000704200000, 0x0000000704400000|  0%| F|  |TAMS 0x0000000704200000, 0x0000000704200000| Untracked 
|  23|0x0000000704400000, 0x0000000704400000, 0x0000000704600000|  0%| F|  |TAMS 0x0000000704400000, 0x0000000704400000| Untracked 
|  24|0x0000000704600000, 0x0000000704600000, 0x0000000704800000|  0%| F|  |TAMS 0x0000000704600000, 0x0000000704600000| Untracked 
|  25|0x0000000704800000, 0x0000000704800000, 0x0000000704a00000|  0%| F|  |TAMS 0x0000000704800000, 0x0000000704800000| Untracked 
|  26|0x0000000704a00000, 0x0000000704a00000, 0x0000000704c00000|  0%| F|  |TAMS 0x0000000704a00000, 0x0000000704a00000| Untracked 
|  27|0x0000000704c00000, 0x0000000704c00000, 0x0000000704e00000|  0%| F|  |TAMS 0x0000000704c00000, 0x0000000704c00000| Untracked 
|  28|0x0000000704e00000, 0x0000000704e00000, 0x0000000705000000|  0%| F|  |TAMS 0x0000000704e00000, 0x0000000704e00000| Untracked 
|  29|0x0000000705000000, 0x0000000705000000, 0x0000000705200000|  0%| F|  |TAMS 0x0000000705000000, 0x0000000705000000| Untracked 
|  30|0x0000000705200000, 0x0000000705200000, 0x0000000705400000|  0%| F|  |TAMS 0x0000000705200000, 0x0000000705200000| Untracked 
|  31|0x0000000705400000, 0x0000000705400000, 0x0000000705600000|  0%| F|  |TAMS 0x0000000705400000, 0x0000000705400000| Untracked 
|  32|0x0000000705600000, 0x0000000705600000, 0x0000000705800000|  0%| F|  |TAMS 0x0000000705600000, 0x0000000705600000| Untracked 
|  33|0x0000000705800000, 0x0000000705800000, 0x0000000705a00000|  0%| F|  |TAMS 0x0000000705800000, 0x0000000705800000| Untracked 
|  34|0x0000000705a00000, 0x0000000705a00000, 0x0000000705c00000|  0%| F|  |TAMS 0x0000000705a00000, 0x0000000705a00000| Untracked 
|  35|0x0000000705c00000, 0x0000000705c00000, 0x0000000705e00000|  0%| F|  |TAMS 0x0000000705c00000, 0x0000000705c00000| Untracked 
|  36|0x0000000705e00000, 0x0000000705e00000, 0x0000000706000000|  0%| F|  |TAMS 0x0000000705e00000, 0x0000000705e00000| Untracked 
|  37|0x0000000706000000, 0x0000000706000000, 0x0000000706200000|  0%| F|  |TAMS 0x0000000706000000, 0x0000000706000000| Untracked 
|  38|0x0000000706200000, 0x0000000706200000, 0x0000000706400000|  0%| F|  |TAMS 0x0000000706200000, 0x0000000706200000| Untracked 
|  39|0x0000000706400000, 0x0000000706400000, 0x0000000706600000|  0%| F|  |TAMS 0x0000000706400000, 0x0000000706400000| Untracked 
|  40|0x0000000706600000, 0x0000000706600000, 0x0000000706800000|  0%| F|  |TAMS 0x0000000706600000, 0x0000000706600000| Untracked 
|  41|0x0000000706800000, 0x0000000706800000, 0x0000000706a00000|  0%| F|  |TAMS 0x0000000706800000, 0x0000000706800000| Untracked 
|  42|0x0000000706a00000, 0x0000000706a00000, 0x0000000706c00000|  0%| F|  |TAMS 0x0000000706a00000, 0x0000000706a00000| Untracked 
|  43|0x0000000706c00000, 0x0000000706c00000, 0x0000000706e00000|  0%| F|  |TAMS 0x0000000706c00000, 0x0000000706c00000| Untracked 
|  44|0x0000000706e00000, 0x0000000706e00000, 0x0000000707000000|  0%| F|  |TAMS 0x0000000706e00000, 0x0000000706e00000| Untracked 
|  45|0x0000000707000000, 0x0000000707000000, 0x0000000707200000|  0%| F|  |TAMS 0x0000000707000000, 0x0000000707000000| Untracked 
|  46|0x0000000707200000, 0x0000000707200000, 0x0000000707400000|  0%| F|  |TAMS 0x0000000707200000, 0x0000000707200000| Untracked 
|  47|0x0000000707400000, 0x0000000707400000, 0x0000000707600000|  0%| F|  |TAMS 0x0000000707400000, 0x0000000707400000| Untracked 
|  48|0x0000000707600000, 0x0000000707600000, 0x0000000707800000|  0%| F|  |TAMS 0x0000000707600000, 0x0000000707600000| Untracked 
|  49|0x0000000707800000, 0x0000000707800000, 0x0000000707a00000|  0%| F|  |TAMS 0x0000000707800000, 0x0000000707800000| Untracked 
|  50|0x0000000707a00000, 0x0000000707a00000, 0x0000000707c00000|  0%| F|  |TAMS 0x0000000707a00000, 0x0000000707a00000| Untracked 
|  51|0x0000000707c00000, 0x0000000707c00000, 0x0000000707e00000|  0%| F|  |TAMS 0x0000000707c00000, 0x0000000707c00000| Untracked 
|  52|0x0000000707e00000, 0x0000000707e00000, 0x0000000708000000|  0%| F|  |TAMS 0x0000000707e00000, 0x0000000707e00000| Untracked 
|  53|0x0000000708000000, 0x0000000708000000, 0x0000000708200000|  0%| F|  |TAMS 0x0000000708000000, 0x0000000708000000| Untracked 
|  54|0x0000000708200000, 0x0000000708200000, 0x0000000708400000|  0%| F|  |TAMS 0x0000000708200000, 0x0000000708200000| Untracked 
|  55|0x0000000708400000, 0x0000000708400000, 0x0000000708600000|  0%| F|  |TAMS 0x0000000708400000, 0x0000000708400000| Untracked 
|  56|0x0000000708600000, 0x0000000708600000, 0x0000000708800000|  0%| F|  |TAMS 0x0000000708600000, 0x0000000708600000| Untracked 
|  57|0x0000000708800000, 0x0000000708800000, 0x0000000708a00000|  0%| F|  |TAMS 0x0000000708800000, 0x0000000708800000| Untracked 
|  58|0x0000000708a00000, 0x0000000708a00000, 0x0000000708c00000|  0%| F|  |TAMS 0x0000000708a00000, 0x0000000708a00000| Untracked 
|  59|0x0000000708c00000, 0x0000000708c00000, 0x0000000708e00000|  0%| F|  |TAMS 0x0000000708c00000, 0x0000000708c00000| Untracked 
|  60|0x0000000708e00000, 0x0000000708e00000, 0x0000000709000000|  0%| F|  |TAMS 0x0000000708e00000, 0x0000000708e00000| Untracked 
|  61|0x0000000709000000, 0x0000000709000000, 0x0000000709200000|  0%| F|  |TAMS 0x0000000709000000, 0x0000000709000000| Untracked 
|  62|0x0000000709200000, 0x0000000709200000, 0x0000000709400000|  0%| F|  |TAMS 0x0000000709200000, 0x0000000709200000| Untracked 
|  63|0x0000000709400000, 0x0000000709400000, 0x0000000709600000|  0%| F|  |TAMS 0x0000000709400000, 0x0000000709400000| Untracked 
|  64|0x0000000709600000, 0x0000000709600000, 0x0000000709800000|  0%| F|  |TAMS 0x0000000709600000, 0x0000000709600000| Untracked 
|  65|0x0000000709800000, 0x0000000709800000, 0x0000000709a00000|  0%| F|  |TAMS 0x0000000709800000, 0x0000000709800000| Untracked 
|  66|0x0000000709a00000, 0x0000000709a00000, 0x0000000709c00000|  0%| F|  |TAMS 0x0000000709a00000, 0x0000000709a00000| Untracked 
|  67|0x0000000709c00000, 0x0000000709c00000, 0x0000000709e00000|  0%| F|  |TAMS 0x0000000709c00000, 0x0000000709c00000| Untracked 
|  68|0x0000000709e00000, 0x0000000709e00000, 0x000000070a000000|  0%| F|  |TAMS 0x0000000709e00000, 0x0000000709e00000| Untracked 
|  69|0x000000070a000000, 0x000000070a000000, 0x000000070a200000|  0%| F|  |TAMS 0x000000070a000000, 0x000000070a000000| Untracked 
|  70|0x000000070a200000, 0x000000070a200000, 0x000000070a400000|  0%| F|  |TAMS 0x000000070a200000, 0x000000070a200000| Untracked 
|  71|0x000000070a400000, 0x000000070a400000, 0x000000070a600000|  0%| F|  |TAMS 0x000000070a400000, 0x000000070a400000| Untracked 
|  72|0x000000070a600000, 0x000000070a600000, 0x000000070a800000|  0%| F|  |TAMS 0x000000070a600000, 0x000000070a600000| Untracked 
|  73|0x000000070a800000, 0x000000070a800000, 0x000000070aa00000|  0%| F|  |TAMS 0x000000070a800000, 0x000000070a800000| Untracked 
|  74|0x000000070aa00000, 0x000000070aa00000, 0x000000070ac00000|  0%| F|  |TAMS 0x000000070aa00000, 0x000000070aa00000| Untracked 
|  75|0x000000070ac00000, 0x000000070ac00000, 0x000000070ae00000|  0%| F|  |TAMS 0x000000070ac00000, 0x000000070ac00000| Untracked 
|  76|0x000000070ae00000, 0x000000070ae00000, 0x000000070b000000|  0%| F|  |TAMS 0x000000070ae00000, 0x000000070ae00000| Untracked 
|  77|0x000000070b000000, 0x000000070b000000, 0x000000070b200000|  0%| F|  |TAMS 0x000000070b000000, 0x000000070b000000| Untracked 
|  78|0x000000070b200000, 0x000000070b200000, 0x000000070b400000|  0%| F|  |TAMS 0x000000070b200000, 0x000000070b200000| Untracked 
|  79|0x000000070b400000, 0x000000070b400000, 0x000000070b600000|  0%| F|  |TAMS 0x000000070b400000, 0x000000070b400000| Untracked 
|  80|0x000000070b600000, 0x000000070b600000, 0x000000070b800000|  0%| F|  |TAMS 0x000000070b600000, 0x000000070b600000| Untracked 
|  81|0x000000070b800000, 0x000000070b800000, 0x000000070ba00000|  0%| F|  |TAMS 0x000000070b800000, 0x000000070b800000| Untracked 
|  82|0x000000070ba00000, 0x000000070ba00000, 0x000000070bc00000|  0%| F|  |TAMS 0x000000070ba00000, 0x000000070ba00000| Untracked 
|  83|0x000000070bc00000, 0x000000070bc00000, 0x000000070be00000|  0%| F|  |TAMS 0x000000070bc00000, 0x000000070bc00000| Untracked 
|  84|0x000000070be00000, 0x000000070be00000, 0x000000070c000000|  0%| F|  |TAMS 0x000000070be00000, 0x000000070be00000| Untracked 
|  85|0x000000070c000000, 0x000000070c000000, 0x000000070c200000|  0%| F|  |TAMS 0x000000070c000000, 0x000000070c000000| Untracked 
|  86|0x000000070c200000, 0x000000070c200000, 0x000000070c400000|  0%| F|  |TAMS 0x000000070c200000, 0x000000070c200000| Untracked 
|  87|0x000000070c400000, 0x000000070c400000, 0x000000070c600000|  0%| F|  |TAMS 0x000000070c400000, 0x000000070c400000| Untracked 
|  88|0x000000070c600000, 0x000000070c600000, 0x000000070c800000|  0%| F|  |TAMS 0x000000070c600000, 0x000000070c600000| Untracked 
|  89|0x000000070c800000, 0x000000070c800000, 0x000000070ca00000|  0%| F|  |TAMS 0x000000070c800000, 0x000000070c800000| Untracked 
|  90|0x000000070ca00000, 0x000000070ca00000, 0x000000070cc00000|  0%| F|  |TAMS 0x000000070ca00000, 0x000000070ca00000| Untracked 
|  91|0x000000070cc00000, 0x000000070cc00000, 0x000000070ce00000|  0%| F|  |TAMS 0x000000070cc00000, 0x000000070cc00000| Untracked 
|  92|0x000000070ce00000, 0x000000070ce00000, 0x000000070d000000|  0%| F|  |TAMS 0x000000070ce00000, 0x000000070ce00000| Untracked 
|  93|0x000000070d000000, 0x000000070d000000, 0x000000070d200000|  0%| F|  |TAMS 0x000000070d000000, 0x000000070d000000| Untracked 
|  94|0x000000070d200000, 0x000000070d200000, 0x000000070d400000|  0%| F|  |TAMS 0x000000070d200000, 0x000000070d200000| Untracked 
|  95|0x000000070d400000, 0x000000070d400000, 0x000000070d600000|  0%| F|  |TAMS 0x000000070d400000, 0x000000070d400000| Untracked 
|  96|0x000000070d600000, 0x000000070d600000, 0x000000070d800000|  0%| F|  |TAMS 0x000000070d600000, 0x000000070d600000| Untracked 
|  97|0x000000070d800000, 0x000000070d800000, 0x000000070da00000|  0%| F|  |TAMS 0x000000070d800000, 0x000000070d800000| Untracked 
|  98|0x000000070da00000, 0x000000070da00000, 0x000000070dc00000|  0%| F|  |TAMS 0x000000070da00000, 0x000000070da00000| Untracked 
|  99|0x000000070dc00000, 0x000000070dc00000, 0x000000070de00000|  0%| F|  |TAMS 0x000000070dc00000, 0x000000070dc00000| Untracked 
| 100|0x000000070de00000, 0x000000070de00000, 0x000000070e000000|  0%| F|  |TAMS 0x000000070de00000, 0x000000070de00000| Untracked 
| 101|0x000000070e000000, 0x000000070e000000, 0x000000070e200000|  0%| F|  |TAMS 0x000000070e000000, 0x000000070e000000| Untracked 
| 102|0x000000070e200000, 0x000000070e200000, 0x000000070e400000|  0%| F|  |TAMS 0x000000070e200000, 0x000000070e200000| Untracked 
| 103|0x000000070e400000, 0x000000070e400000, 0x000000070e600000|  0%| F|  |TAMS 0x000000070e400000, 0x000000070e400000| Untracked 
| 104|0x000000070e600000, 0x000000070e600000, 0x000000070e800000|  0%| F|  |TAMS 0x000000070e600000, 0x000000070e600000| Untracked 
| 105|0x000000070e800000, 0x000000070e800000, 0x000000070ea00000|  0%| F|  |TAMS 0x000000070e800000, 0x000000070e800000| Untracked 
| 106|0x000000070ea00000, 0x000000070ea00000, 0x000000070ec00000|  0%| F|  |TAMS 0x000000070ea00000, 0x000000070ea00000| Untracked 
| 107|0x000000070ec00000, 0x000000070ec00000, 0x000000070ee00000|  0%| F|  |TAMS 0x000000070ec00000, 0x000000070ec00000| Untracked 
| 108|0x000000070ee00000, 0x000000070ee00000, 0x000000070f000000|  0%| F|  |TAMS 0x000000070ee00000, 0x000000070ee00000| Untracked 
| 109|0x000000070f000000, 0x000000070f000000, 0x000000070f200000|  0%| F|  |TAMS 0x000000070f000000, 0x000000070f000000| Untracked 
| 110|0x000000070f200000, 0x000000070f200000, 0x000000070f400000|  0%| F|  |TAMS 0x000000070f200000, 0x000000070f200000| Untracked 
| 111|0x000000070f400000, 0x000000070f400000, 0x000000070f600000|  0%| F|  |TAMS 0x000000070f400000, 0x000000070f400000| Untracked 
| 112|0x000000070f600000, 0x000000070f600000, 0x000000070f800000|  0%| F|  |TAMS 0x000000070f600000, 0x000000070f600000| Untracked 
| 113|0x000000070f800000, 0x000000070f800000, 0x000000070fa00000|  0%| F|  |TAMS 0x000000070f800000, 0x000000070f800000| Untracked 
| 114|0x000000070fa00000, 0x000000070fa00000, 0x000000070fc00000|  0%| F|  |TAMS 0x000000070fa00000, 0x000000070fa00000| Untracked 
| 115|0x000000070fc00000, 0x000000070fe00000, 0x000000070fe00000|100%| S|CS|TAMS 0x000000070fc00000, 0x000000070fc00000| Complete 
| 116|0x000000070fe00000, 0x0000000710000000, 0x0000000710000000|100%| S|CS|TAMS 0x000000070fe00000, 0x000000070fe00000| Complete 
| 117|0x0000000710000000, 0x0000000710000000, 0x0000000710200000|  0%| F|  |TAMS 0x0000000710000000, 0x0000000710000000| Untracked 
| 118|0x0000000710200000, 0x0000000710200000, 0x0000000710400000|  0%| F|  |TAMS 0x0000000710200000, 0x0000000710200000| Untracked 
| 119|0x0000000710400000, 0x0000000710400000, 0x0000000710600000|  0%| F|  |TAMS 0x0000000710400000, 0x0000000710400000| Untracked 
| 120|0x0000000710600000, 0x0000000710600000, 0x0000000710800000|  0%| F|  |TAMS 0x0000000710600000, 0x0000000710600000| Untracked 
| 121|0x0000000710800000, 0x0000000710800000, 0x0000000710a00000|  0%| F|  |TAMS 0x0000000710800000, 0x0000000710800000| Untracked 
| 122|0x0000000710a00000, 0x0000000710a00000, 0x0000000710c00000|  0%| F|  |TAMS 0x0000000710a00000, 0x0000000710a00000| Untracked 
| 123|0x0000000710c00000, 0x0000000710d7c718, 0x0000000710e00000| 74%| E|  |TAMS 0x0000000710c00000, 0x0000000710c00000| Complete 
| 124|0x0000000710e00000, 0x0000000711000000, 0x0000000711000000|100%| E|CS|TAMS 0x0000000710e00000, 0x0000000710e00000| Complete 
| 125|0x0000000711000000, 0x0000000711200000, 0x0000000711200000|100%| E|CS|TAMS 0x0000000711000000, 0x0000000711000000| Complete 
| 126|0x0000000711200000, 0x0000000711400000, 0x0000000711400000|100%| E|CS|TAMS 0x0000000711200000, 0x0000000711200000| Complete 
| 127|0x0000000711400000, 0x0000000711600000, 0x0000000711600000|100%| E|CS|TAMS 0x0000000711400000, 0x0000000711400000| Complete 

Card table byte_map: [0x000001fa64b00000,0x000001fa65300000] _byte_map_base: 0x000001fa612f5000

Marking Bits (Prev, Next): (CMBitMap*) 0x000001fa4af8ca60, (CMBitMap*) 0x000001fa4af8caa0
 Prev Bits: [0x000001fa65b00000, 0x000001fa69aa8000)
 Next Bits: [0x000001fa69ab0000, 0x000001fa6da58000)

Polling page: 0x000001fa4ae80000

Metaspace:

Usage:
  Non-class:     11.76 MB used.
      Class:      1.51 MB used.
       Both:     13.27 MB used.

Virtual space:
  Non-class space:       64.00 MB reserved,      11.81 MB ( 18%) committed,  1 nodes.
      Class space:        1.00 GB reserved,       1.62 MB ( <1%) committed,  1 nodes.
             Both:        1.06 GB reserved,      13.44 MB (  1%) committed. 

Chunk freelists:
   Non-Class:  3.31 MB
       Class:  14.30 MB
        Both:  17.61 MB

MaxMetaspaceSize: unlimited
CompressedClassSpaceSize: 1.00 GB
Initial GC threshold: 21.00 MB
Current GC threshold: 21.00 MB
CDS: on
MetaspaceReclaimPolicy: balanced
 - commit_granule_bytes: 65536.
 - commit_granule_words: 8192.
 - virtual_space_node_default_size: 8388608.
 - enlarge_chunks_in_place: 1.
 - new_chunks_are_fully_committed: 0.
 - uncommit_free_chunks: 1.
 - use_allocation_guard: 0.
 - handle_deallocations: 1.


Internal statistics:

num_allocs_failed_limit: 0.
num_arena_births: 138.
num_arena_deaths: 0.
num_vsnodes_births: 2.
num_vsnodes_deaths: 0.
num_space_committed: 215.
num_space_uncommitted: 0.
num_chunks_returned_to_freelist: 0.
num_chunks_taken_from_freelist: 362.
num_chunk_merges: 0.
num_chunk_splits: 254.
num_chunks_enlarged: 176.
num_inconsistent_stats: 0.

CodeHeap 'non-profiled nmethods': size=119168Kb used=496Kb max_used=496Kb free=118671Kb
 bounds [0x000001fa5bee0000, 0x000001fa5c150000, 0x000001fa63340000]
CodeHeap 'profiled nmethods': size=119104Kb used=2827Kb max_used=2827Kb free=116276Kb
 bounds [0x000001fa54340000, 0x000001fa54610000, 0x000001fa5b790000]
CodeHeap 'non-nmethods': size=7488Kb used=2366Kb max_used=2945Kb free=5121Kb
 bounds [0x000001fa5b790000, 0x000001fa5ba80000, 0x000001fa5bee0000]
 total_blobs=2070 nmethods=1513 adapters=468
 compilation: enabled
              stopped_count=0, restarted_count=0
 full_count=0

Compilation events (20 events):
Event: 1.595 Thread 0x000001fa70b59870 nmethod 1457 0x000001fa545eca90 code [0x000001fa545ecd40, 0x000001fa545eda98]
Event: 1.595 Thread 0x000001fa70c15620 nmethod 1456 0x000001fa545edc90 code [0x000001fa545ede20, 0x000001fa545edfd8]
Event: 1.595 Thread 0x000001fa70c15620 1459       3       org.jboss.jandex.MethodParamList$ParamData::<init> (15 bytes)
Event: 1.595 Thread 0x000001fa70c15620 nmethod 1459 0x000001fa545ee090 code [0x000001fa545ee220, 0x000001fa545ee3f8]
Event: 1.596 Thread 0x000001fa70b59870 1461       3       org.jboss.jandex.MethodInfo::isConstructor (14 bytes)
Event: 1.596 Thread 0x000001fa70b59870 nmethod 1461 0x000001fa545ee490 code [0x000001fa545ee640, 0x000001fa545ee7a8]
Event: 1.596 Thread 0x000001fa7529d5e0 nmethod 1417 0x000001fa5bf4bf10 code [0x000001fa5bf4c0a0, 0x000001fa5bf4c3d8]
Event: 1.596 Thread 0x000001fa7529d5e0 1458       4       org.jboss.jandex.DotName::hashCode (95 bytes)
Event: 1.596 Thread 0x000001fa70b59870 1464       3       org.jboss.jandex.MethodParamList::appendDebug (20 bytes)
Event: 1.597 Thread 0x000001fa70c15620 1465       3       java.util.Collections$UnmodifiableMap::get (11 bytes)
Event: 1.597 Thread 0x000001fa70b59870 nmethod 1464 0x000001fa545ee890 code [0x000001fa545eea40, 0x000001fa545eeda8]
Event: 1.597 Thread 0x000001fa70c15620 nmethod 1465 0x000001fa545eef10 code [0x000001fa545ef0c0, 0x000001fa545ef2a8]
Event: 1.597 Thread 0x000001fa70c15620 1466       3       org.jboss.jandex.MethodInfoGenerator::size (6 bytes)
Event: 1.597 Thread 0x000001fa70b59870 1467       3       org.jboss.jandex.PrimitiveType::kind (4 bytes)
Event: 1.597 Thread 0x000001fa70c15620 nmethod 1466 0x000001fa545ef390 code [0x000001fa545ef520, 0x000001fa545ef638]
Event: 1.597 Thread 0x000001fa70b59870 nmethod 1467 0x000001fa545ef710 code [0x000001fa545ef8a0, 0x000001fa545ef9b8]
Event: 1.597 Thread 0x000001fa70b59870 1468       3       java.util.IdentityHashMap::init (11 bytes)
Event: 1.597 Thread 0x000001fa70b59870 nmethod 1468 0x000001fa545efa90 code [0x000001fa545efc20, 0x000001fa545efe18]
Event: 1.598 Thread 0x000001fa70b59870 1469       3       org.jboss.jandex.Indexer::isInnerConstructor (150 bytes)
Event: 1.598 Thread 0x000001fa70c15620 1470       3       org.jboss.jandex.Indexer::isEnumConstructor (23 bytes)

GC Heap History (2 events):
Event: 0.479 GC heap before
{Heap before GC invocations=0 (full 0):
 garbage-first heap   total 262144K, used 22528K [0x0000000701600000, 0x0000000800000000)
  region size 2048K, 11 young (22528K), 0 survivors (0K)
 Metaspace       used 11457K, committed 11648K, reserved 1114112K
  class space    used 1260K, committed 1344K, reserved 1048576K
}
Event: 0.482 GC heap after
{Heap after GC invocations=1 (full 0):
 garbage-first heap   total 262144K, used 5532K [0x0000000701600000, 0x0000000800000000)
  region size 2048K, 2 young (4096K), 2 survivors (4096K)
 Metaspace       used 11457K, committed 11648K, reserved 1114112K
  class space    used 1260K, committed 1344K, reserved 1048576K
}

Dll operation events (7 events):
Event: 0.005 Loaded shared library C:\Program Files\Microsoft\jdk-17.0.14.7-hotspot\bin\java.dll
Event: 0.020 Loaded shared library C:\Program Files\Microsoft\jdk-17.0.14.7-hotspot\bin\jsvml.dll
Event: 0.068 Loaded shared library C:\Program Files\Microsoft\jdk-17.0.14.7-hotspot\bin\jimage.dll
Event: 0.071 Loaded shared library C:\Program Files\Microsoft\jdk-17.0.14.7-hotspot\bin\awt.dll
Event: 0.085 Loaded shared library C:\Program Files\Microsoft\jdk-17.0.14.7-hotspot\bin\net.dll
Event: 0.086 Loaded shared library C:\Program Files\Microsoft\jdk-17.0.14.7-hotspot\bin\nio.dll
Event: 0.091 Loaded shared library C:\Program Files\Microsoft\jdk-17.0.14.7-hotspot\bin\zip.dll

Deoptimization events (20 events):
Event: 0.505 Thread 0x000001fa4af1ba70 Uncommon trap: trap_request=0xffffffde fr.pc=0x000001fa5bf3fbac relative=0x000000000000010c
Event: 0.505 Thread 0x000001fa4af1ba70 Uncommon trap: reason=class_check action=maybe_recompile pc=0x000001fa5bf3fbac method=jdk.internal.misc.Unsafe.allocateUninitializedArray(Ljava/lang/Class;I)Ljava/lang/Object; @ 51 c2
Event: 0.505 Thread 0x000001fa4af1ba70 DEOPT PACKING pc=0x000001fa5bf3fbac sp=0x000000f1bb6fd890
Event: 0.505 Thread 0x000001fa4af1ba70 DEOPT UNPACKING pc=0x000001fa5b7e69a3 sp=0x000000f1bb6fd818 mode 2
Event: 0.505 Thread 0x000001fa4af1ba70 Uncommon trap: trap_request=0xffffffde fr.pc=0x000001fa5bf3fbac relative=0x000000000000010c
Event: 0.505 Thread 0x000001fa4af1ba70 Uncommon trap: reason=class_check action=maybe_recompile pc=0x000001fa5bf3fbac method=jdk.internal.misc.Unsafe.allocateUninitializedArray(Ljava/lang/Class;I)Ljava/lang/Object; @ 51 c2
Event: 0.505 Thread 0x000001fa4af1ba70 DEOPT PACKING pc=0x000001fa5bf3fbac sp=0x000000f1bb6fd930
Event: 0.505 Thread 0x000001fa4af1ba70 DEOPT UNPACKING pc=0x000001fa5b7e69a3 sp=0x000000f1bb6fd8b8 mode 2
Event: 0.506 Thread 0x000001fa4af1ba70 Uncommon trap: trap_request=0xffffff45 fr.pc=0x000001fa5bf37ee8 relative=0x00000000000010c8
Event: 0.506 Thread 0x000001fa4af1ba70 Uncommon trap: reason=unstable_if action=reinterpret pc=0x000001fa5bf37ee8 method=java.util.concurrent.ConcurrentHashMap.putVal(Ljava/lang/Object;Ljava/lang/Object;Z)Ljava/lang/Object; @ 231 c2
Event: 0.506 Thread 0x000001fa4af1ba70 DEOPT PACKING pc=0x000001fa5bf37ee8 sp=0x000000f1bb6fe730
Event: 0.506 Thread 0x000001fa4af1ba70 DEOPT UNPACKING pc=0x000001fa5b7e69a3 sp=0x000000f1bb6fe6a0 mode 2
Event: 0.532 Thread 0x000001fa4af1ba70 DEOPT PACKING pc=0x000001fa543c5ac8 sp=0x000000f1bb6fa390
Event: 0.532 Thread 0x000001fa4af1ba70 DEOPT UNPACKING pc=0x000001fa5b7e7143 sp=0x000000f1bb6f9898 mode 0
Event: 0.535 Thread 0x000001fa4af1ba70 Uncommon trap: trap_request=0xffffff6e fr.pc=0x000001fa5bf290d0 relative=0x0000000000000430
Event: 0.535 Thread 0x000001fa4af1ba70 Uncommon trap: reason=loop_limit_check action=maybe_recompile pc=0x000001fa5bf290d0 method=java.lang.StringLatin1.indexOf([BI[BII)I @ 37 c2
Event: 0.535 Thread 0x000001fa4af1ba70 DEOPT PACKING pc=0x000001fa5bf290d0 sp=0x000000f1bb6fdc40
Event: 0.535 Thread 0x000001fa4af1ba70 DEOPT UNPACKING pc=0x000001fa5b7e69a3 sp=0x000000f1bb6fdba0 mode 2
Event: 1.587 Thread 0x000001fa4af1ba70 DEOPT PACKING pc=0x000001fa54455940 sp=0x000000f1bb6fe340
Event: 1.587 Thread 0x000001fa4af1ba70 DEOPT UNPACKING pc=0x000001fa5b7e7143 sp=0x000000f1bb6fd7f0 mode 0

Classes loaded (20 events):
Event: 0.535 Loading class javax/xml/stream/XMLEventFactory
Event: 0.535 Loading class javax/xml/stream/XMLEventFactory done
Event: 0.535 Loading class javax/xml/stream/FactoryFinder
Event: 0.535 Loading class javax/xml/stream/FactoryFinder done
Event: 0.536 Loading class javax/xml/stream/FactoryFinder$1
Event: 0.536 Loading class javax/xml/stream/FactoryFinder$1 done
Event: 0.536 Loading class com/sun/xml/internal/stream/events/XMLEventFactoryImpl
Event: 0.536 Loading class com/sun/xml/internal/stream/events/XMLEventFactoryImpl done
Event: 0.557 Loading class java/io/UnsupportedEncodingException
Event: 0.557 Loading class java/io/UnsupportedEncodingException done
Event: 1.165 Loading class sun/awt/AppContext$PostShutdownEventRunnable
Event: 1.564 Loading class sun/awt/AppContext$PostShutdownEventRunnable done
Event: 1.564 Loading class sun/awt/AWTAutoShutdown$1
Event: 1.564 Loading class sun/awt/AWTAutoShutdown$1 done
Event: 1.565 Loading class java/util/IdentityHashMap$EntrySet
Event: 1.565 Loading class java/util/IdentityHashMap$EntrySet done
Event: 1.565 Loading class java/util/IdentityHashMap$EntryIterator
Event: 1.565 Loading class java/util/IdentityHashMap$EntryIterator done
Event: 1.567 Loading class java/io/FileFilter
Event: 1.567 Loading class java/io/FileFilter done

Classes unloaded (0 events):
No events

Classes redefined (0 events):
No events

Internal exceptions (20 events):
Event: 0.075 Thread 0x000001fa4af1ba70 Exception <a 'java/io/FileNotFoundException'{0x0000000711259070}> (0x0000000711259070) 
thrown [s\src\hotspot\share\prims\jni.cpp, line 516]
Event: 0.078 Thread 0x000001fa4af1ba70 Exception <a 'java/io/FileNotFoundException'{0x0000000711286228}> (0x0000000711286228) 
thrown [s\src\hotspot\share\prims\jni.cpp, line 516]
Event: 0.145 Thread 0x000001fa4af1ba70 Exception <a 'java/lang/NoSuchMethodError'{0x0000000711174890}: 'java.lang.Object java.lang.invoke.DirectMethodHandle$Holder.invokeStaticInit(java.lang.Object)'> (0x0000000711174890) 
thrown [s\src\hotspot\share\interpreter\linkResolver.cpp, line 759]
Event: 0.159 Thread 0x000001fa4af1ba70 Exception <a 'java/lang/NoSuchMethodError'{0x00000007111a6f30}: 'void java.lang.invoke.DirectMethodHandle$Holder.invokeSpecial(java.lang.Object, java.lang.Object, java.lang.Object)'> (0x00000007111a6f30) 
thrown [s\src\hotspot\share\interpreter\linkResolver.cpp, line 759]
Event: 0.164 Thread 0x000001fa4af1ba70 Exception <a 'java/lang/NoSuchMethodError'{0x00000007111b9e28}: 'void java.lang.invoke.DirectMethodHandle$Holder.invokeStaticInit(java.lang.Object)'> (0x00000007111b9e28) 
thrown [s\src\hotspot\share\interpreter\linkResolver.cpp, line 759]
Event: 0.167 Thread 0x000001fa4af1ba70 Exception <a 'java/lang/NoSuchMethodError'{0x0000000710e1ac20}: 'java.lang.Object java.lang.invoke.DirectMethodHandle$Holder.newInvokeSpecial(java.lang.Object, java.lang.Object, java.lang.Object, java.lang.Object, java.lang.Object)'> (0x0000000710e1ac20) 
thrown [s\src\hotspot\share\interpreter\linkResolver.cpp, line 759]
Event: 0.168 Thread 0x000001fa4af1ba70 Exception <a 'java/lang/NoSuchMethodError'{0x0000000710e26310}: 'java.lang.Object java.lang.invoke.DirectMethodHandle$Holder.invokeStatic(java.lang.Object, int, java.lang.Object, java.lang.Object, java.lang.Object, java.lang.Object)'> (0x0000000710e26310) 
thrown [s\src\hotspot\share\interpreter\linkResolver.cpp, line 759]
Event: 0.170 Thread 0x000001fa4af1ba70 Exception <a 'java/lang/NoSuchMethodError'{0x0000000710e4b798}: 'java.lang.Object java.lang.invoke.DirectMethodHandle$Holder.invokeStatic(java.lang.Object, int, java.lang.Object)'> (0x0000000710e4b798) 
thrown [s\src\hotspot\share\interpreter\linkResolver.cpp, line 759]
Event: 0.179 Thread 0x000001fa4af1ba70 Exception <a 'java/lang/ClassNotFoundException'{0x0000000710ecb418}: com/sun/java/swing/plaf/windows/resources/spi/windowsProvider> (0x0000000710ecb418) 
thrown [s\src\hotspot\share\classfile\systemDictionary.cpp, line 256]
Event: 0.180 Thread 0x000001fa4af1ba70 Exception <a 'java/lang/ClassNotFoundException'{0x0000000710ecfdc0}: com/sun/swing/internal/plaf/basic/resources/spi/basicProvider> (0x0000000710ecfdc0) 
thrown [s\src\hotspot\share\classfile\systemDictionary.cpp, line 256]
Event: 0.182 Thread 0x000001fa4af1ba70 Exception <a 'java/lang/NoSuchMethodError'{0x0000000710ee17d0}: 'java.lang.Object java.lang.invoke.DirectMethodHandle$Holder.invokeStatic(java.lang.Object, java.lang.Object, int, java.lang.Object)'> (0x0000000710ee17d0) 
thrown [s\src\hotspot\share\interpreter\linkResolver.cpp, line 759]
Event: 0.182 Thread 0x000001fa4af1ba70 Exception <a 'java/lang/NoSuchMethodError'{0x0000000710ee82d8}: 'java.lang.Object java.lang.invoke.DirectMethodHandle$Holder.newInvokeSpecial(java.lang.Object, java.lang.Object, int)'> (0x0000000710ee82d8) 
thrown [s\src\hotspot\share\interpreter\linkResolver.cpp, line 759]
Event: 0.205 Thread 0x000001fa4af1ba70 Exception <a 'java/lang/NoSuchMethodError'{0x0000000710c65ef8}: 'java.lang.Object java.lang.invoke.DirectMethodHandle$Holder.invokeStatic(java.lang.Object, java.lang.Object, int)'> (0x0000000710c65ef8) 
thrown [s\src\hotspot\share\interpreter\linkResolver.cpp, line 759]
Event: 0.205 Thread 0x000001fa4af1ba70 Exception <a 'java/lang/NoSuchMethodError'{0x0000000710c710c0}: 'void java.lang.invoke.DelegatingMethodHandle$Holder.delegate(java.lang.Object, java.lang.Object, int, java.lang.Object)'> (0x0000000710c710c0) 
thrown [s\src\hotspot\share\interpreter\linkResolver.cpp, line 759]
Event: 0.206 Thread 0x000001fa4af1ba70 Exception <a 'java/lang/NoSuchMethodError'{0x0000000710c75630}: 'int java.lang.invoke.DirectMethodHandle$Holder.invokeSpecial(java.lang.Object, java.lang.Object, java.lang.Object)'> (0x0000000710c75630) 
thrown [s\src\hotspot\share\interpreter\linkResolver.cpp, line 759]
Event: 0.257 Thread 0x000001fa4af1ba70 Exception <a 'java/lang/ClassNotFoundException'{0x0000000710acd5f0}: com/sun/org/apache/xerces/internal/impl/xpath/regex/spi/messageProvider> (0x0000000710acd5f0) 
thrown [s\src\hotspot\share\classfile\systemDictionary.cpp, line 256]
Event: 0.433 Thread 0x000001fa4af1ba70 Exception <a 'java/lang/NoSuchMethodError'{0x0000000710031f70}: 'java.lang.Object java.lang.invoke.DirectMethodHandle$Holder.invokeStaticInit(java.lang.Object, int, int, int, int)'> (0x0000000710031f70) 
thrown [s\src\hotspot\share\interpreter\linkResolver.cpp, line 759]
Event: 0.468 Thread 0x000001fa4af1ba70 Exception <a 'java/lang/NoSuchMethodError'{0x000000071018a790}: 'java.lang.Object java.lang.invoke.DirectMethodHandle$Holder.invokeStaticInit(java.lang.Object, java.lang.Object, int, int, int, int)'> (0x000000071018a790) 
thrown [s\src\hotspot\share\interpreter\linkResolver.cpp, line 759]
Event: 0.522 Thread 0x000001fa4af1ba70 Exception <a 'java/lang/NoSuchMethodError'{0x000000071131c700}: 'java.lang.Object java.lang.invoke.Invokers$Holder.invokeExact_MT(java.lang.Object, java.lang.Object, java.lang.Object, java.lang.Object, java.lang.Object, java.lang.Object)'> (0x000000071131c700) 
thrown [s\src\hotspot\share\interpreter\linkResolver.cpp, line 759]
Event: 0.526 Thread 0x000001fa4af1ba70 Exception <a 'java/lang/NoSuchMethodError'{0x000000071136cf28}: 'java.lang.Object java.lang.invoke.DirectMethodHandle$Holder.invokeInterface(java.lang.Object, java.lang.Object, java.lang.Object)'> (0x000000071136cf28) 
thrown [s\src\hotspot\share\interpreter\linkResolver.cpp, line 759]

VM Operations (20 events):
Event: 0.267 Executing VM operation: HandshakeAllThreads done
Event: 0.348 Executing VM operation: HandshakeAllThreads
Event: 0.348 Executing VM operation: HandshakeAllThreads done
Event: 0.411 Executing VM operation: HandshakeAllThreads
Event: 0.411 Executing VM operation: HandshakeAllThreads done
Event: 0.427 Executing VM operation: HandshakeAllThreads
Event: 0.427 Executing VM operation: HandshakeAllThreads done
Event: 0.443 Executing VM operation: HandshakeAllThreads
Event: 0.443 Executing VM operation: HandshakeAllThreads done
Event: 0.479 Executing VM operation: G1CollectForAllocation
Event: 0.482 Executing VM operation: G1CollectForAllocation done
Event: 0.546 Executing VM operation: HandshakeAllThreads
Event: 0.546 Executing VM operation: HandshakeAllThreads done
Event: 0.549 Executing VM operation: HandshakeAllThreads
Event: 0.549 Executing VM operation: HandshakeAllThreads done
Event: 1.564 Executing VM operation: Cleanup
Event: 1.564 Executing VM operation: Cleanup done
Event: 1.582 Executing VM operation: HandshakeAllThreads
Event: 1.582 Executing VM operation: HandshakeAllThreads done
Event: 2.588 Executing VM operation: Cleanup

Memory protections (0 events):
No events

Nmethod flushes (0 events):
No events

Events (20 events):
Event: 0.026 Thread 0x000001fa4af1ba70 Thread added: 0x000001fa70b3f660
Event: 0.026 Thread 0x000001fa4af1ba70 Thread added: 0x000001fa70b3ff30
Event: 0.026 Thread 0x000001fa4af1ba70 Thread added: 0x000001fa70b43380
Event: 0.027 Thread 0x000001fa4af1ba70 Thread added: 0x000001fa70b447c0
Event: 0.027 Thread 0x000001fa4af1ba70 Thread added: 0x000001fa70b55fe0
Event: 0.027 Thread 0x000001fa4af1ba70 Thread added: 0x000001fa70b59870
Event: 0.027 Thread 0x000001fa4af1ba70 Thread added: 0x000001fa70b5f1a0
Event: 0.029 Thread 0x000001fa70b59870 Thread added: 0x000001fa70c15620
Event: 0.049 Thread 0x000001fa4af1ba70 Thread added: 0x000001fa70ce9bf0
Event: 0.050 Thread 0x000001fa4af1ba70 Thread added: 0x000001fa70cee950
Event: 0.090 Thread 0x000001fa70b55fe0 Thread added: 0x000001fa4af1c700
Event: 0.145 Thread 0x000001fa4af1ba70 Thread added: 0x000001fa75195e20
Event: 0.145 Thread 0x000001fa4af1ba70 Thread added: 0x000001fa7519c320
Event: 0.146 Thread 0x000001fa4af1ba70 Thread added: 0x000001fa7519c800
Event: 0.403 Thread 0x000001fa70b59870 Thread added: 0x000001fa754d46e0
Event: 0.403 Thread 0x000001fa70b59870 Thread added: 0x000001fa7529d6f0
Event: 1.564 Thread 0x000001fa7519c320 Thread exited: 0x000001fa7519c320
Event: 1.568 Thread 0x000001fa7529d6f0 Thread exited: 0x000001fa7529d6f0
Event: 1.568 Thread 0x000001fa754d46e0 Thread exited: 0x000001fa754d46e0
Event: 1.588 Thread 0x000001fa70b59870 Thread added: 0x000001fa7529d5e0


Dynamic libraries:
0x00007ff6705d0000 - 0x00007ff6705de000 	C:\Program Files\Microsoft\jdk-17.0.14.7-hotspot\bin\java.exe
0x00007ffef6b40000 - 0x00007ffef6da7000 	C:\WINDOWS\SYSTEM32\ntdll.dll
0x00007ffef5a70000 - 0x00007ffef5b39000 	C:\WINDOWS\System32\KERNEL32.DLL
0x00007ffef4060000 - 0x00007ffef4457000 	C:\WINDOWS\System32\KERNELBASE.dll
0x00007ffef4460000 - 0x00007ffef45ab000 	C:\WINDOWS\System32\ucrtbase.dll
0x00007ffeb2fa0000 - 0x00007ffeb2fb7000 	C:\Program Files\Microsoft\jdk-17.0.14.7-hotspot\bin\jli.dll
0x00007ffeeb7f0000 - 0x00007ffeeb80d000 	C:\Program Files\Microsoft\jdk-17.0.14.7-hotspot\bin\VCRUNTIME140.dll
0x00007ffef58a0000 - 0x00007ffef5a66000 	C:\WINDOWS\System32\USER32.dll
0x00007ffef4890000 - 0x00007ffef48b7000 	C:\WINDOWS\System32\win32u.dll
0x00007ffed3bb0000 - 0x00007ffed3e42000 	C:\WINDOWS\WinSxS\amd64_microsoft.windows.common-controls_6595b64144ccf1df_6.0.26100.8457_none_3e0b2faee331e92d\COMCTL32.dll
0x00007ffef6ad0000 - 0x00007ffef6afb000 	C:\WINDOWS\System32\GDI32.dll
0x00007ffef5740000 - 0x00007ffef57e9000 	C:\WINDOWS\System32\msvcrt.dll
0x00007ffef3e70000 - 0x00007ffef3f9c000 	C:\WINDOWS\System32\gdi32full.dll
0x00007ffef45b0000 - 0x00007ffef4653000 	C:\WINDOWS\System32\msvcp_win.dll
0x00007ffef57f0000 - 0x00007ffef5822000 	C:\WINDOWS\System32\IMM32.DLL
0x00007ffeeb7e0000 - 0x00007ffeeb7ec000 	C:\Program Files\Microsoft\jdk-17.0.14.7-hotspot\bin\vcruntime140_1.dll
0x00007ffe5ab40000 - 0x00007ffe5abcd000 	C:\Program Files\Microsoft\jdk-17.0.14.7-hotspot\bin\msvcp140.dll
0x00007ffe56c50000 - 0x00007ffe578c2000 	C:\Program Files\Microsoft\jdk-17.0.14.7-hotspot\bin\server\jvm.dll
0x00007ffef6990000 - 0x00007ffef6a46000 	C:\WINDOWS\System32\ADVAPI32.dll
0x00007ffef6490000 - 0x00007ffef6537000 	C:\WINDOWS\System32\sechost.dll
0x00007ffef5b40000 - 0x00007ffef5c58000 	C:\WINDOWS\System32\RPCRT4.dll
0x00007ffef4a60000 - 0x00007ffef4ae0000 	C:\WINDOWS\System32\WS2_32.dll
0x00007ffef3220000 - 0x00007ffef327e000 	C:\WINDOWS\SYSTEM32\POWRPROF.dll
0x00007ffeed510000 - 0x00007ffeed51b000 	C:\WINDOWS\SYSTEM32\VERSION.dll
0x00007ffeeaa50000 - 0x00007ffeeaa86000 	C:\WINDOWS\SYSTEM32\WINMM.dll
0x00007ffef3200000 - 0x00007ffef3214000 	C:\WINDOWS\SYSTEM32\UMPDC.dll
0x00007ffef2300000 - 0x00007ffef231b000 	C:\WINDOWS\SYSTEM32\kernel.appcore.dll
0x00007ffeeb790000 - 0x00007ffeeb79a000 	C:\Program Files\Microsoft\jdk-17.0.14.7-hotspot\bin\jimage.dll
0x00007ffef11e0000 - 0x00007ffef1422000 	C:\WINDOWS\SYSTEM32\DBGHELP.DLL
0x00007ffef6600000 - 0x00007ffef6983000 	C:\WINDOWS\System32\combase.dll
0x00007ffef6280000 - 0x00007ffef6359000 	C:\WINDOWS\System32\OLEAUT32.dll
0x00007ffed96c0000 - 0x00007ffed96fb000 	C:\WINDOWS\SYSTEM32\dbgcore.DLL
0x00007ffef4660000 - 0x00007ffef4708000 	C:\WINDOWS\System32\bcryptPrimitives.dll
0x00007ffeb2f70000 - 0x00007ffeb2f95000 	C:\Program Files\Microsoft\jdk-17.0.14.7-hotspot\bin\java.dll
0x00007ffe5aa60000 - 0x00007ffe5ab37000 	C:\Program Files\Microsoft\jdk-17.0.14.7-hotspot\bin\jsvml.dll
0x00007ffef4cd0000 - 0x00007ffef543e000 	C:\WINDOWS\System32\SHELL32.dll
0x00007ffef3570000 - 0x00007ffef3ddc000 	C:\WINDOWS\System32\windows.storage.dll
0x00007ffef5450000 - 0x00007ffef5546000 	C:\WINDOWS\System32\SHCORE.dll
0x00007ffef5830000 - 0x00007ffef5896000 	C:\WINDOWS\System32\shlwapi.dll
0x00007ffef3490000 - 0x00007ffef34b9000 	C:\WINDOWS\SYSTEM32\profapi.dll
0x00007ffe5a8d0000 - 0x00007ffe5aa60000 	C:\Program Files\Microsoft\jdk-17.0.14.7-hotspot\bin\awt.dll
0x00007ffeefee0000 - 0x00007ffeeff80000 	C:\WINDOWS\SYSTEM32\apphelp.dll
0x00007ffeb2ca0000 - 0x00007ffeb2cba000 	C:\Program Files\Microsoft\jdk-17.0.14.7-hotspot\bin\net.dll
0x00007ffeea6a0000 - 0x00007ffeea7c9000 	C:\WINDOWS\SYSTEM32\WINHTTP.dll
0x00007ffef2870000 - 0x00007ffef28dc000 	C:\WINDOWS\system32\mswsock.dll
0x00007ffeb2c60000 - 0x00007ffeb2c76000 	C:\Program Files\Microsoft\jdk-17.0.14.7-hotspot\bin\nio.dll
0x00007ffeb2c40000 - 0x00007ffeb2c58000 	C:\Program Files\Microsoft\jdk-17.0.14.7-hotspot\bin\zip.dll
0x00007ffef0180000 - 0x00007ffef022a000 	C:\WINDOWS\system32\uxtheme.dll
0x00007ffef5c60000 - 0x00007ffef5dbc000 	C:\WINDOWS\System32\MSCTF.dll
0x00007ffef48c0000 - 0x00007ffef4a57000 	C:\WINDOWS\System32\ole32.dll
0x00007ffef02a0000 - 0x00007ffef02cf000 	C:\WINDOWS\system32\DWMAPI.DLL
0x00007ffef2b50000 - 0x00007ffef2b6b000 	C:\WINDOWS\SYSTEM32\CRYPTSP.dll
0x00007ffef2260000 - 0x00007ffef2299000 	C:\WINDOWS\system32\rsaenh.dll
0x00007ffef2920000 - 0x00007ffef2953000 	C:\WINDOWS\SYSTEM32\USERENV.dll
0x00007ffef3460000 - 0x00007ffef348a000 	C:\WINDOWS\SYSTEM32\bcrypt.dll
0x00007ffef2b70000 - 0x00007ffef2b7c000 	C:\WINDOWS\SYSTEM32\CRYPTBASE.dll
0x00007ffef1d10000 - 0x00007ffef1d42000 	C:\WINDOWS\SYSTEM32\IPHLPAPI.DLL
0x00007ffef63c0000 - 0x00007ffef63ca000 	C:\WINDOWS\System32\NSI.dll
0x00007ffeeaab0000 - 0x00007ffeeaacd000 	C:\WINDOWS\SYSTEM32\dhcpcsvc6.DLL
0x00007ffeea2c0000 - 0x00007ffeea2e5000 	C:\WINDOWS\SYSTEM32\dhcpcsvc.DLL
0x00007ffef1e00000 - 0x00007ffef1f32000 	C:\WINDOWS\SYSTEM32\DNSAPI.dll

dbghelp: loaded successfully - version: 4.0.5 - missing functions: none
symbol engine: initialized successfully - sym options: 0x614 - pdb path: .;C:\Program Files\Microsoft\jdk-17.0.14.7-hotspot\bin;C:\WINDOWS\SYSTEM32;C:\WINDOWS\WinSxS\amd64_microsoft.windows.common-controls_6595b64144ccf1df_6.0.26100.8457_none_3e0b2faee331e92d;C:\Program Files\Microsoft\jdk-17.0.14.7-hotspot\bin\server

VM Arguments:
jvm_args: -XX:+ShowCodeDetailsInExceptionMessages 
java_command: com.aulateca.Main
java_class_path (initial): C:\Users\varga\Downloads\aulateca_proyecto\aulateca\target\classes;C:\Users\varga\.m2\repository\org\hibernate\orm\hibernate-core\6.4.4.Final\hibernate-core-6.4.4.Final.jar;C:\Users\varga\.m2\repository\jakarta\transaction\jakarta.transaction-api\2.0.1\jakarta.transaction-api-2.0.1.jar;C:\Users\varga\.m2\repository\org\jboss\logging\jboss-logging\3.5.0.Final\jboss-logging-3.5.0.Final.jar;C:\Users\varga\.m2\repository\org\hibernate\common\hibernate-commons-annotations\6.0.6.Final\hibernate-commons-annotations-6.0.6.Final.jar;C:\Users\varga\.m2\repository\io\smallrye\jandex\3.1.2\jandex-3.1.2.jar;C:\Users\varga\.m2\repository\com\fasterxml\classmate\1.5.1\classmate-1.5.1.jar;C:\Users\varga\.m2\repository\net\bytebuddy\byte-buddy\1.14.11\byte-buddy-1.14.11.jar;C:\Users\varga\.m2\repository\jakarta\xml\bind\jakarta.xml.bind-api\4.0.0\jakarta.xml.bind-api-4.0.0.jar;C:\Users\varga\.m2\repository\jakarta\activation\jakarta.activation-api\2.1.0\jakarta.activation-api-2.1.0.jar;C:\Users\varga\.m2\repository\org\glassfish\jaxb\jaxb-runtime\4.0.2\jaxb-runtime-4.0.2.jar;C:\Users\varga\.m2\repository\org\glassfish\jaxb\jaxb-core\4.0.2\jaxb-core-4.0.2.jar;C:\Users\varga\.m2\repository\org\eclipse\angus\angus-activation\2.0.0\angus-activation-2.0.0.jar;C:\Users\varga\.m2\repository\org\glassfish\jaxb\txw2\4.0.2\txw2-4.0.2.jar;C:\Users\varga\.m2\repository\com\sun\istack\istack-commons-runtime\4.1.1\istack-commons-runtime-4.1.1.jar;C:\Users\varga\.m2\repository\jakarta\inject\jakarta.inject-api\2.0.1\jakarta.inject-api-2.0.1.jar;C:\Users\varga\.m2\repository\org\antlr\antlr4-runtime\4.13.0\antlr4-runtime-4.13.0.jar;C:\Users\varga\.m2\repository\com\mysql\mysql-connector-j\8.3.0\mysql-connector-j-8.3.0.jar;C:\Users\varga\.m2\repository\com\google\protobuf\protobuf-java\3.25.1\protobuf-java-3.25.1.jar;C:\Users\varga\.m2\repository\com\toedter\jcalendar\1.4\jcalendar-1.4.jar;C:\Users\varga\.m2\repository\org\mariadb\jdbc\mariadb-java-client\3.3.3\mariadb-j
Launcher Type: SUN_STANDARD

[Global flags]
     intx CICompilerCount                          = 12                                        {product} {ergonomic}
     uint ConcGCThreads                            = 3                                         {product} {ergonomic}
     uint G1ConcRefinementThreads                  = 13                                        {product} {ergonomic}
   size_t G1HeapRegionSize                         = 2097152                                   {product} {ergonomic}
    uintx GCDrainStackTargetSize                   = 64                                        {product} {ergonomic}
   size_t InitialHeapSize                          = 268435456                                 {product} {ergonomic}
   size_t MarkStackSize                            = 4194304                                   {product} {ergonomic}
   size_t MaxHeapSize                              = 4271898624                                {product} {ergonomic}
   size_t MaxNewSize                               = 2562719744                                {product} {ergonomic}
   size_t MinHeapDeltaBytes                        = 2097152                                   {product} {ergonomic}
   size_t MinHeapSize                              = 8388608                                   {product} {ergonomic}
    uintx NonNMethodCodeHeapSize                   = 7602480                                {pd product} {ergonomic}
    uintx NonProfiledCodeHeapSize                  = 122027880                              {pd product} {ergonomic}
    uintx ProfiledCodeHeapSize                     = 122027880                              {pd product} {ergonomic}
    uintx ReservedCodeCacheSize                    = 251658240                              {pd product} {ergonomic}
     bool SegmentedCodeCache                       = true                                      {product} {ergonomic}
     bool ShowCodeDetailsInExceptionMessages       = true                                   {manageable} {command line}
   size_t SoftMaxHeapSize                          = 4271898624                             {manageable} {ergonomic}
     bool UseCompressedClassPointers               = true                           {product lp64_product} {ergonomic}
     bool UseCompressedOops                        = true                           {product lp64_product} {ergonomic}
     bool UseG1GC                                  = true                                      {product} {ergonomic}
     bool UseLargePagesIndividualAllocation        = false                                  {pd product} {ergonomic}

Logging:
Log output configuration:
 #0: stdout all=warning uptime,level,tags
 #1: stderr all=off uptime,level,tags

Environment Variables:
JAVA_HOME=C:\Program Files\Microsoft\jdk-17.0.14.7-hotspot\
PATH=C:\Program Files\Common Files\Oracle\Java\javapath;C:\Program Files\Microsoft\jdk-17.0.14.7-hotspot\bin;C:\Python313\Scripts\;C:\Python313\;C:\Program Files\Oculus\Support\oculus-runtime;C:\Program Files\NVIDIA GPU Computing Toolkit\CUDA\v11.8\bin;C:\Program Files\NVIDIA GPU Computing Toolkit\CUDA\v11.8\libnvvp;C:\Windows\system32;C:\Windows;C:\Windows\System32\Wbem;C:\Windows\System32\WindowsPowerShell\v1.0\;C:\Windows\System32\OpenSSH\;C:\Program Files (x86)\NVIDIA Corporation\PhysX\Common;C:\Program Files\NVIDIA Corporation\Nsight Compute 2022.3.0\;C:\ffmpeg;C:\Program Files\NVIDIA Corporation\NVIDIA app\NvDLISR;C:\WINDOWS\system32;C:\WINDOWS;C:\WINDOWS\System32\Wbem;C:\WINDOWS\System32\WindowsPowerShell\v1.0\;C:\WINDOWS\System32\OpenSSH\;C:\Program Files\Git\cmd;C:\Program Files\nodejs\;C:\ProgramData\chocolatey\bin;C:\Program Files\AutoFirma\AutoFirma;C:\Users\varga\AppData\Local\Android\Sdk\platform-tools;C:\Program Files\dotnet\;C:\Program Files (x86)\Bluetooth Command Line Tools\bin;C:\Program Files\MySQL\MySQL Shell 8.0\bin\;C:\Users\varga\AppData\Local\Microsoft\WindowsApps;C:\Users\varga\AppData\Local\Programs\Microsoft VS Code\bin;C:\Users\varga\AppData\Local\GitHubDesktop\bin;C:\Users\varga\AppData\Local\Programs\cursor\resources\app\bin;C:\Users\varga\AppData\Local\gitkraken\bin;C:\Users\varga\AppData\Roaming\npm;C:\Users\varga\AppData\Local\Android\Sdk\platform-tools;C:\Users\varga\AppData\Local\Android\Sdk\emulator;c:\Users\varga\.cursor\extensions\vscjava.vscode-java-debug-0.59.0-universal\bundled\scripts\noConfigScripts
USERNAME=varga
LANG=en_US.UTF-8
OS=Windows_NT
PROCESSOR_IDENTIFIER=AMD64 Family 25 Model 33 Stepping 2, AuthenticAMD
TMP=C:\Users\varga\AppData\Local\Temp
TEMP=C:\Users\varga\AppData\Local\Temp



Periodic native trim disabled


---------------  S Y S T E M  ---------------

OS:
 Windows 11 , 64 bit Build 26100 (10.0.26100.8328)
OS uptime: 0 days 4:29 hours

CPU: total 16 (initial active 16) (16 cores per cpu, 2 threads per core) family 25 model 33 stepping 2 microcode 0xa201213, cx8, cmov, fxsr, ht, mmx, 3dnowpref, sse, sse2, sse3, ssse3, sse4a, sse4.1, sse4.2, popcnt, lzcnt, tsc, tscinvbit, avx, avx2, aes, erms, clmul, bmi1, bmi2, adx, sha, fma, vzeroupper, clflush, clflushopt
Processor Information for the first 16 processors :
  Max Mhz: 3801, Current Mhz: 3801, Mhz Limit: 3801

Memory: 4k page, system-wide physical 16295M (5031M free)
TotalPageFile size 18343M (AvailPageFile size 109M)
current process WorkingSet (physical memory assigned to process): 108M, peak: 109M
current process commit charge ("private bytes"): 392M, peak: 394M

vm_info: OpenJDK 64-Bit Server VM (17.0.14+7-LTS) for windows-amd64 JRE (17.0.14+7-LTS), built on Jan  8 2025 23:39:28 by "MicrosoftCorporation" with unknown MS VC++:1939

END.
